ep 5 train_loss 11.1175 val_mean_deg 109.61 val_median 111.84 val_root 0.433
ep 10 train_loss 9.8034 val_mean_deg 89.24 val_median 85.99 val_root 0.517
ep 15 train_loss 8.0594 val_mean_deg 80.30 val_median 66.83 val_root 0.557
ep 20 train_loss 6.4637 val_mean_deg 77.57 val_median 60.39 val_root 0.583
ep 25 train_loss 5.1568 val_mean_deg 69.78 val_median 42.31 val_root 0.613
ep 30 train_loss 4.0807 val_mean_deg 71.54 val_median 44.24 val_root 0.597
ep 35 train_loss 3.2563 val_mean_deg 69.46 val_median 39.33 val_root 0.604
ep 40 train_loss 2.5957 val_mean_deg 69.03 val_median 38.72 val_root 0.618
ep 45 train_loss 2.1410 val_mean_deg 67.61 val_median 36.12 val_root 0.621
ep 50 train_loss 1.7456 val_mean_deg 68.32 val_median 38.12 val_root 0.615
ep 55 train_loss 1.4883 val_mean_deg 67.92 val_median 36.80 val_root 0.621
ep 60 train_loss 1.2849 val_mean_deg 66.67 val_median 34.21 val_root 0.625
ep 65 train_loss 1.1221 val_mean_deg 66.31 val_median 34.26 val_root 0.629
ep 70 train_loss 1.0267 val_mean_deg 67.48 val_median 36.18 val_root 0.617
ep 75 train_loss 0.9538 val_mean_deg 67.20 val_median 36.68 val_root 0.627
ep 80 train_loss 0.8726 val_mean_deg 66.34 val_median 34.76 val_root 0.629
ep 85 train_loss 0.8423 val_mean_deg 66.30 val_median 34.92 val_root 0.628
ep 90 train_loss 0.8157 val_mean_deg 66.14 val_median 33.61 val_root 0.628
ep 95 train_loss 0.8112 val_mean_deg 66.10 val_median 33.85 val_root 0.629
ep 100 train_loss 0.8033 val_mean_deg 66.75 val_median 34.24 val_root 0.625
