  256/9500
  512/9500
  768/9500
  1024/9500
  1280/9500
  1536/9500
  1792/9500
  2048/9500
  2304/9500
  2560/9500
  2816/9500
  3072/9500
  3328/9500
  3584/9500
  3840/9500
  4096/9500
  4352/9500
  4608/9500
  4864/9500
  5120/9500
  5376/9500
  5632/9500
  5888/9500
  6144/9500
  6400/9500
  6656/9500
  6912/9500
  7168/9500
  7424/9500
  7680/9500
  7936/9500
  8192/9500
  8448/9500
  8704/9500
  8960/9500
  9216/9500
  9472/9500
  9500/9500
| domain | method | n | leakage | recall | iou | precision | boundary_f | tip_coverage | area |
|---|---|---|---|---|---|---|---|---|---|
| synthetic_val | moge2 | 1500 | 0.279 | 0.989 | 0.581 | 0.590 | 0.487 | 0.908 | 0.575 |
| synthetic_val | dino | 1500 | 0.116 | 0.962 | 0.615 | 0.619 | 0.463 | 0.716 | 0.372 |
| synthetic_val | and | 1500 | 0.070 | 0.952 | 0.775 | 0.788 | 0.775 | 0.669 | 0.294 |
| synthetic_val | or | 1500 | 0.314 | 0.999 | 0.432 | 0.433 | 0.176 | 0.955 | 0.653 |
| synthetic_val | avg | 1500 | 0.278 | 0.992 | 0.572 | 0.578 | 0.485 | 0.914 | 0.578 |
| lightbox | moge2 | 1000 | 0.523 | 0.997 | 0.291 | 0.292 | 0.098 | 0.959 | 0.891 |
| lightbox | dino | 1000 | 0.139 | 0.980 | 0.562 | 0.565 | 0.316 | 0.792 | 0.406 |
| lightbox | and | 1000 | 0.119 | 0.977 | 0.599 | 0.604 | 0.393 | 0.771 | 0.382 |
| lightbox | or | 1000 | 0.537 | 1.000 | 0.259 | 0.259 | 0.020 | 0.980 | 0.915 |
| lightbox | avg | 1000 | 0.523 | 0.997 | 0.289 | 0.290 | 0.096 | 0.963 | 0.891 |
| sunlamp | moge2 | 1000 | 0.565 | 1.000 | 0.242 | 0.242 | 0.040 | 0.988 | 0.959 |
| sunlamp | dino | 1000 | 0.121 | 0.994 | 0.586 | 0.589 | 0.304 | 0.637 | 0.415 |
| sunlamp | and | 1000 | 0.116 | 0.994 | 0.593 | 0.597 | 0.329 | 0.632 | 0.406 |
| sunlamp | or | 1000 | 0.567 | 1.000 | 0.238 | 0.238 | 0.010 | 0.993 | 0.968 |
| sunlamp | avg | 1000 | 0.564 | 1.000 | 0.242 | 0.242 | 0.038 | 0.987 | 0.958 |
| synthetic_train | moge2 | 6000 | 0.284 | 0.988 | 0.575 | 0.584 | 0.481 | 0.912 | 0.579 |
| synthetic_train | dino | 6000 | 0.113 | 0.967 | 0.616 | 0.620 | 0.460 | 0.721 | 0.368 |
| synthetic_train | and | 6000 | 0.065 | 0.955 | 0.778 | 0.792 | 0.776 | 0.677 | 0.290 |
| synthetic_train | or | 6000 | 0.321 | 0.999 | 0.425 | 0.425 | 0.165 | 0.956 | 0.657 |
| synthetic_train | avg | 6000 | 0.283 | 0.991 | 0.566 | 0.572 | 0.478 | 0.915 | 0.582 |
| domain | moge2 | dino | frac_images | and_leakage | and_recall | moge2_leakage | dino_leakage |
|---|---|---|---|---|---|---|---|
| synthetic_val | MoGe-2 right | DINO right | 0.395 | 0.000 | 0.978 | 0.001 | 0.022 |
| synthetic_val | MoGe-2 right | DINO wrong | 0.098 | 0.000 | 0.956 | 0.002 | 0.235 |
| synthetic_val | MoGe-2 wrong | DINO right | 0.303 | 0.008 | 0.995 | 0.553 | 0.010 |
| synthetic_val | MoGe-2 wrong | DINO wrong | 0.204 | 0.330 | 0.832 | 0.542 | 0.396 |
| lightbox | MoGe-2 right | DINO right | 0.061 | 0.001 | 0.989 | 0.006 | 0.033 |
| lightbox | MoGe-2 right | DINO wrong | 0.033 | 0.004 | 0.965 | 0.007 | 0.260 |
| lightbox | MoGe-2 wrong | DINO right | 0.534 | 0.022 | 0.994 | 0.561 | 0.023 |
| lightbox | MoGe-2 wrong | DINO wrong | 0.372 | 0.288 | 0.952 | 0.600 | 0.311 |
| sunlamp | MoGe-2 right | DINO right | 0.002 | 0.000 | 0.988 | 0.047 | 0.036 |
| sunlamp | MoGe-2 right | DINO wrong | 0.000 | nan | nan | nan | nan |
| sunlamp | MoGe-2 wrong | DINO right | 0.689 | 0.022 | 0.993 | 0.544 | 0.023 |
| sunlamp | MoGe-2 wrong | DINO wrong | 0.309 | 0.325 | 0.995 | 0.615 | 0.341 |
RUN outputs/experiments/EXP-015_mask_consensus/RUN-20261008-234038-seed0
EXIT_CODE=0
