ep 5 train_loss 6.5795 val_mean_deg 32.07 val_median 12.95 val_root 0.848
ep 10 train_loss 4.4048 val_mean_deg 21.94 val_median 8.01 val_root 0.886
ep 15 train_loss 3.6435 val_mean_deg 19.78 val_median 7.17 val_root 0.892
ep 20 train_loss 3.1709 val_mean_deg 18.84 val_median 6.82 val_root 0.894
ep 25 train_loss 2.8273 val_mean_deg 19.00 val_median 6.81 val_root 0.894
ep 30 train_loss 2.5445 val_mean_deg 18.67 val_median 6.72 val_root 0.898
ep 35 train_loss 2.2998 val_mean_deg 18.67 val_median 6.66 val_root 0.897
ep 40 train_loss 2.0872 val_mean_deg 18.59 val_median 6.59 val_root 0.898
ep 45 train_loss 1.9023 val_mean_deg 18.29 val_median 6.55 val_root 0.896
ep 50 train_loss 1.7315 val_mean_deg 18.15 val_median 6.53 val_root 0.896
ep 55 train_loss 1.5704 val_mean_deg 18.03 val_median 6.47 val_root 0.899
ep 60 train_loss 1.4356 val_mean_deg 17.87 val_median 6.42 val_root 0.901
ep 65 train_loss 1.3153 val_mean_deg 17.86 val_median 6.42 val_root 0.899
ep 70 train_loss 1.2004 val_mean_deg 17.71 val_median 6.36 val_root 0.900
ep 75 train_loss 1.1197 val_mean_deg 17.89 val_median 6.35 val_root 0.900
ep 80 train_loss 1.0507 val_mean_deg 17.64 val_median 6.30 val_root 0.902
ep 85 train_loss 1.0014 val_mean_deg 17.62 val_median 6.31 val_root 0.901
ep 90 train_loss 0.9647 val_mean_deg 17.53 val_median 6.27 val_root 0.902
ep 95 train_loss 0.9482 val_mean_deg 17.53 val_median 6.28 val_root 0.902
ep 100 train_loss 0.9409 val_mean_deg 17.47 val_median 6.28 val_root 0.902
