ep 5 train_loss 7.4319 val_mean_deg 31.719 val_median 12.633 discrete_mean 31.719
ep 10 train_loss 5.7946 val_mean_deg 21.724 val_median 8.010 discrete_mean 21.724
ep 15 train_loss 5.2968 val_mean_deg 19.728 val_median 7.275 discrete_mean 19.728
ep 20 train_loss 5.0218 val_mean_deg 19.027 val_median 7.095 discrete_mean 19.027
ep 25 train_loss 4.8358 val_mean_deg 17.904 val_median 6.778 discrete_mean 17.904
ep 30 train_loss 4.6957 val_mean_deg 17.544 val_median 6.613 discrete_mean 17.544
ep 35 train_loss 4.5846 val_mean_deg 17.582 val_median 6.438 discrete_mean 17.582
ep 40 train_loss 4.4879 val_mean_deg 17.368 val_median 6.360 discrete_mean 17.368
ep 45 train_loss 4.4090 val_mean_deg 17.245 val_median 6.329 discrete_mean 17.245
ep 50 train_loss 4.3332 val_mean_deg 17.307 val_median 6.303 discrete_mean 17.307
ep 55 train_loss 4.2686 val_mean_deg 17.064 val_median 6.246 discrete_mean 17.064
ep 60 train_loss 4.2055 val_mean_deg 16.871 val_median 6.118 discrete_mean 16.871
ep 65 train_loss 4.1514 val_mean_deg 16.725 val_median 6.092 discrete_mean 16.725
ep 70 train_loss 4.1091 val_mean_deg 16.755 val_median 6.086 discrete_mean 16.755
ep 75 train_loss 4.0683 val_mean_deg 16.544 val_median 6.044 discrete_mean 16.544
ep 80 train_loss 4.0389 val_mean_deg 16.532 val_median 6.005 discrete_mean 16.532
ep 85 train_loss 4.0200 val_mean_deg 16.628 val_median 5.966 discrete_mean 16.628
ep 90 train_loss 4.0017 val_mean_deg 16.582 val_median 5.990 discrete_mean 16.582
ep 95 train_loss 3.9957 val_mean_deg 16.615 val_median 5.974 discrete_mean 16.615
ep 100 train_loss 3.9924 val_mean_deg 16.569 val_median 5.977 discrete_mean 16.569
