ep 5 train_loss 10.9932 val_mean_deg 103.12 val_median 101.51 val_root 0.492
ep 10 train_loss 9.5683 val_mean_deg 87.07 val_median 81.21 val_root 0.567
ep 15 train_loss 7.8691 val_mean_deg 75.59 val_median 57.60 val_root 0.617
ep 20 train_loss 6.3592 val_mean_deg 72.35 val_median 50.08 val_root 0.617
ep 25 train_loss 5.1130 val_mean_deg 71.64 val_median 46.72 val_root 0.625
ep 30 train_loss 4.0519 val_mean_deg 70.32 val_median 44.31 val_root 0.634
ep 35 train_loss 3.3038 val_mean_deg 69.60 val_median 41.77 val_root 0.633
ep 40 train_loss 2.7545 val_mean_deg 68.70 val_median 41.13 val_root 0.641
ep 45 train_loss 2.2934 val_mean_deg 67.72 val_median 39.75 val_root 0.637
ep 50 train_loss 1.9438 val_mean_deg 68.64 val_median 40.89 val_root 0.641
ep 55 train_loss 1.7547 val_mean_deg 67.06 val_median 39.60 val_root 0.631
ep 60 train_loss 1.5086 val_mean_deg 67.28 val_median 39.01 val_root 0.638
ep 65 train_loss 1.3821 val_mean_deg 66.35 val_median 38.34 val_root 0.641
ep 70 train_loss 1.2991 val_mean_deg 66.94 val_median 38.13 val_root 0.641
ep 75 train_loss 1.1772 val_mean_deg 66.60 val_median 39.11 val_root 0.646
ep 80 train_loss 1.1276 val_mean_deg 66.47 val_median 39.53 val_root 0.640
ep 85 train_loss 1.0822 val_mean_deg 65.88 val_median 35.94 val_root 0.646
ep 90 train_loss 1.0597 val_mean_deg 66.82 val_median 38.84 val_root 0.644
ep 95 train_loss 1.0446 val_mean_deg 66.51 val_median 38.59 val_root 0.641
ep 100 train_loss 1.0635 val_mean_deg 66.62 val_median 38.43 val_root 0.641
