ep 5 train_loss 10.7483 val_mean_deg 97.01 val_median 95.34 val_root 0.560
ep 10 train_loss 9.1651 val_mean_deg 81.13 val_median 73.95 val_root 0.658
ep 15 train_loss 7.2217 val_mean_deg 76.85 val_median 64.08 val_root 0.661
ep 20 train_loss 5.1812 val_mean_deg 71.58 val_median 53.81 val_root 0.653
ep 25 train_loss 3.4742 val_mean_deg 70.99 val_median 52.39 val_root 0.671
ep 30 train_loss 2.2256 val_mean_deg 70.50 val_median 52.95 val_root 0.659
ep 35 train_loss 1.4103 val_mean_deg 69.77 val_median 52.23 val_root 0.666
ep 40 train_loss 0.9094 val_mean_deg 70.93 val_median 52.67 val_root 0.667
ep 45 train_loss 0.6146 val_mean_deg 70.03 val_median 52.29 val_root 0.666
ep 50 train_loss 0.4157 val_mean_deg 70.00 val_median 52.67 val_root 0.665
ep 55 train_loss 0.3240 val_mean_deg 69.25 val_median 51.85 val_root 0.661
ep 60 train_loss 0.2536 val_mean_deg 69.51 val_median 50.10 val_root 0.671
ep 65 train_loss 0.1964 val_mean_deg 68.99 val_median 50.75 val_root 0.673
ep 70 train_loss 0.1713 val_mean_deg 69.11 val_median 50.13 val_root 0.673
ep 75 train_loss 0.1479 val_mean_deg 69.37 val_median 51.47 val_root 0.677
ep 80 train_loss 0.1324 val_mean_deg 68.93 val_median 51.18 val_root 0.675
ep 85 train_loss 0.1271 val_mean_deg 68.41 val_median 49.54 val_root 0.675
ep 90 train_loss 0.1188 val_mean_deg 68.89 val_median 49.94 val_root 0.675
ep 95 train_loss 0.1125 val_mean_deg 69.15 val_median 50.04 val_root 0.675
ep 100 train_loss 0.1188 val_mean_deg 69.22 val_median 50.39 val_root 0.675
