ep 5 train_loss 10.3306 val_mean_deg 91.94 val_median 87.27 val_root 0.621
ep 10 train_loss 8.0696 val_mean_deg 67.64 val_median 49.08 val_root 0.729
ep 15 train_loss 5.8601 val_mean_deg 59.64 val_median 36.26 val_root 0.757
ep 20 train_loss 4.1284 val_mean_deg 58.29 val_median 31.70 val_root 0.750
ep 25 train_loss 2.7103 val_mean_deg 55.67 val_median 29.69 val_root 0.746
ep 30 train_loss 1.7040 val_mean_deg 54.78 val_median 30.22 val_root 0.764
ep 35 train_loss 1.1003 val_mean_deg 55.09 val_median 29.32 val_root 0.757
ep 40 train_loss 0.7472 val_mean_deg 54.55 val_median 28.47 val_root 0.761
ep 45 train_loss 0.4999 val_mean_deg 55.25 val_median 29.38 val_root 0.765
ep 50 train_loss 0.3761 val_mean_deg 54.26 val_median 28.39 val_root 0.757
ep 55 train_loss 0.2881 val_mean_deg 53.72 val_median 27.99 val_root 0.767
ep 60 train_loss 0.2432 val_mean_deg 54.57 val_median 28.73 val_root 0.764
ep 65 train_loss 0.1895 val_mean_deg 53.44 val_median 27.18 val_root 0.767
ep 70 train_loss 0.1566 val_mean_deg 54.79 val_median 28.20 val_root 0.756
ep 75 train_loss 0.1390 val_mean_deg 54.84 val_median 27.74 val_root 0.758
ep 80 train_loss 0.1273 val_mean_deg 54.75 val_median 27.03 val_root 0.761
ep 85 train_loss 0.1165 val_mean_deg 54.66 val_median 27.90 val_root 0.755
ep 90 train_loss 0.1113 val_mean_deg 54.49 val_median 27.36 val_root 0.757
ep 95 train_loss 0.1068 val_mean_deg 54.38 val_median 27.36 val_root 0.760
ep 100 train_loss 0.1068 val_mean_deg 54.35 val_median 27.29 val_root 0.759
