ep 5 train_loss 10.9759 val_mean_deg 102.93 val_median 105.64 val_root 0.489
ep 10 train_loss 9.5625 val_mean_deg 84.81 val_median 75.50 val_root 0.579
ep 15 train_loss 7.8871 val_mean_deg 75.72 val_median 56.31 val_root 0.606
ep 20 train_loss 6.3989 val_mean_deg 73.88 val_median 51.23 val_root 0.611
ep 25 train_loss 5.1082 val_mean_deg 69.51 val_median 43.69 val_root 0.630
ep 30 train_loss 4.1007 val_mean_deg 68.26 val_median 40.36 val_root 0.641
ep 35 train_loss 3.3216 val_mean_deg 67.85 val_median 39.56 val_root 0.640
ep 40 train_loss 2.7480 val_mean_deg 68.81 val_median 38.23 val_root 0.635
ep 45 train_loss 2.2672 val_mean_deg 67.29 val_median 36.38 val_root 0.644
ep 50 train_loss 1.9552 val_mean_deg 67.87 val_median 38.61 val_root 0.639
ep 55 train_loss 1.7071 val_mean_deg 67.21 val_median 37.01 val_root 0.640
ep 60 train_loss 1.5055 val_mean_deg 66.45 val_median 35.98 val_root 0.647
ep 65 train_loss 1.3732 val_mean_deg 66.11 val_median 36.40 val_root 0.643
ep 70 train_loss 1.2602 val_mean_deg 66.42 val_median 36.50 val_root 0.648
ep 75 train_loss 1.1749 val_mean_deg 66.07 val_median 37.20 val_root 0.642
ep 80 train_loss 1.1129 val_mean_deg 66.24 val_median 37.13 val_root 0.644
ep 85 train_loss 1.0620 val_mean_deg 66.42 val_median 36.14 val_root 0.640
ep 90 train_loss 1.0533 val_mean_deg 65.74 val_median 35.52 val_root 0.641
ep 95 train_loss 1.0383 val_mean_deg 65.58 val_median 35.86 val_root 0.641
ep 100 train_loss 1.0455 val_mean_deg 65.84 val_median 36.29 val_root 0.641
