>>> 00:56:03 scripts/guarded.sh 8 -- .venv/bin/python scripts/make_subset_manifest.py --name full --n-train 47966 --n-val 11994 --n-lightbox 6740 --n-sunlamp 2791
domain     split     
lightbox   test           6740
sunlamp    test           2791
synthetic  train         47966
           validation    11994
dtype: int64 
hash c7c029785fb8458c 
crop side px: {'count': 69491.0, 'mean': 855.5, 'std': 392.3, 'min': 309.0, '25%': 554.1, '50%': 726.4, '75%': 1056.9, 'max': 2569.6}
EXIT_CODE=0 scripts/guarded.sh 8 -- .venv/bin/python scripts/make_subset_manifest.py --name full --n-train 47966 --n-val 11994 --n-lightbox 6740 --n-sunlamp 2791
>>> 00:56:06 scripts/guarded.sh 24 -- .venv/bin/python scripts/extract_features.py --backbone dinov3_vitl16 --subset full --batch 32
Warning: You are sending unauthenticated requests to the HF Hub. Please set a HF_TOKEN to enable higher rate limits and faster downloads.
-> /home/kavinder/RAM/pose-estimation/outputs/shared_cache/dinov3_vitl16__subset_full__793c65d370cc__c7c029785fb8458c
  32/69491  21.8 ms/img
  672/69491  12.1 ms/img
  1312/69491  11.6 ms/img
  1952/69491  11.4 ms/img
  2592/69491  11.4 ms/img
  3232/69491  11.3 ms/img
  3872/69491  11.2 ms/img
  4512/69491  11.1 ms/img
  5152/69491  11.1 ms/img
  5792/69491  11.1 ms/img
  6432/69491  11.1 ms/img
  7072/69491  11.1 ms/img
  7712/69491  11.1 ms/img
  8352/69491  11.1 ms/img
  8992/69491  11.1 ms/img
  9632/69491  11.1 ms/img
  10272/69491  11.1 ms/img
  10912/69491  11.1 ms/img
  11552/69491  11.1 ms/img
  12192/69491  11.1 ms/img
  12832/69491  11.1 ms/img
  13472/69491  11.1 ms/img
  14112/69491  11.1 ms/img
  14752/69491  11.2 ms/img
  15392/69491  11.1 ms/img
  16032/69491  11.1 ms/img
  16672/69491  11.1 ms/img
  17312/69491  11.1 ms/img
  17952/69491  11.1 ms/img
  18592/69491  11.1 ms/img
  19232/69491  11.1 ms/img
  19872/69491  11.1 ms/img
  20512/69491  11.1 ms/img
  21152/69491  11.1 ms/img
  21792/69491  11.1 ms/img
  22432/69491  11.1 ms/img
  23072/69491  11.1 ms/img
  23712/69491  11.1 ms/img
  24352/69491  11.2 ms/img
  24992/69491  11.2 ms/img
  25632/69491  11.2 ms/img
  26272/69491  11.3 ms/img
  26912/69491  11.3 ms/img
  27552/69491  11.3 ms/img
  28192/69491  11.3 ms/img
  28832/69491  11.4 ms/img
  29472/69491  11.4 ms/img
  30112/69491  11.4 ms/img
  30752/69491  11.4 ms/img
  31392/69491  11.4 ms/img
  32032/69491  11.5 ms/img
  32672/69491  11.5 ms/img
  33312/69491  11.5 ms/img
  33952/69491  11.5 ms/img
  34592/69491  11.5 ms/img
  35232/69491  11.5 ms/img
  35872/69491  11.5 ms/img
  36512/69491  11.6 ms/img
  37152/69491  11.6 ms/img
  37792/69491  11.6 ms/img
  38432/69491  11.6 ms/img
  39072/69491  11.6 ms/img
  39712/69491  11.6 ms/img
  40352/69491  11.6 ms/img
  40992/69491  11.6 ms/img
  41632/69491  11.6 ms/img
  42272/69491  11.7 ms/img
  42912/69491  11.7 ms/img
  43552/69491  11.7 ms/img
  44192/69491  11.7 ms/img
  44832/69491  11.7 ms/img
  45472/69491  11.7 ms/img
  46112/69491  11.7 ms/img
  46752/69491  11.7 ms/img
  47392/69491  11.7 ms/img
  48032/69491  11.7 ms/img
  48672/69491  11.7 ms/img
  49312/69491  11.7 ms/img
  49952/69491  11.7 ms/img
  50592/69491  11.7 ms/img
  51232/69491  11.7 ms/img
  51872/69491  11.7 ms/img
  52512/69491  11.7 ms/img
  53152/69491  11.7 ms/img
  53792/69491  11.7 ms/img
  54432/69491  11.7 ms/img
  55072/69491  11.7 ms/img
  55712/69491  11.7 ms/img
  56352/69491  11.7 ms/img
  56992/69491  11.7 ms/img
  57632/69491  11.7 ms/img
  58272/69491  11.7 ms/img
  58912/69491  11.8 ms/img
  59552/69491  11.8 ms/img
  60192/69491  11.8 ms/img
  60832/69491  11.8 ms/img
  61472/69491  11.7 ms/img
  62112/69491  11.7 ms/img
  62752/69491  11.7 ms/img
  63392/69491  11.7 ms/img
  64032/69491  11.7 ms/img
  64672/69491  11.7 ms/img
  65312/69491  11.7 ms/img
  65952/69491  11.7 ms/img
  66592/69491  11.7 ms/img
  67232/69491  11.6 ms/img
  67872/69491  11.6 ms/img
  68512/69491  11.6 ms/img
  69152/69491  11.6 ms/img
done /home/kavinder/RAM/pose-estimation/outputs/shared_cache/dinov3_vitl16__subset_full__793c65d370cc__c7c029785fb8458c
EXIT_CODE=0 scripts/guarded.sh 24 -- .venv/bin/python scripts/extract_features.py --backbone dinov3_vitl16 --subset full --batch 32
>>> 01:09:32 scripts/guarded.sh 24 -- .venv/bin/python scripts/extract_features.py --backbone moge2_vitl --subset full --batch 4
-> /home/kavinder/RAM/pose-estimation/outputs/shared_cache/moge2_vitl__subset_full__04daa56d7cd2__c7c029785fb8458c
  4/69491  173.4 ms/img
  84/69491  37.5 ms/img
  164/69491  33.7 ms/img
  244/69491  32.4 ms/img
  324/69491  31.8 ms/img
  404/69491  31.2 ms/img
  484/69491  31.1 ms/img
  564/69491  30.9 ms/img
  644/69491  30.6 ms/img
  724/69491  30.5 ms/img
  804/69491  30.5 ms/img
  884/69491  30.5 ms/img
  964/69491  30.5 ms/img
  1044/69491  30.5 ms/img
  1124/69491  30.4 ms/img
  1204/69491  30.4 ms/img
  1284/69491  30.4 ms/img
  1364/69491  30.4 ms/img
  1444/69491  30.4 ms/img
  1524/69491  30.4 ms/img
  1604/69491  30.3 ms/img
  1684/69491  30.3 ms/img
  1764/69491  30.3 ms/img
  1844/69491  30.4 ms/img
  1924/69491  30.4 ms/img
  2004/69491  30.4 ms/img
  2084/69491  30.4 ms/img
  2164/69491  30.4 ms/img
  2244/69491  30.4 ms/img
  2324/69491  30.4 ms/img
  2404/69491  30.4 ms/img
  2484/69491  30.4 ms/img
  2564/69491  30.4 ms/img
  2644/69491  30.4 ms/img
  2724/69491  30.4 ms/img
  2804/69491  30.4 ms/img
  2884/69491  30.4 ms/img
  2964/69491  30.3 ms/img
  3044/69491  30.3 ms/img
  3124/69491  30.3 ms/img
  3204/69491  30.3 ms/img
  3284/69491  30.3 ms/img
  3364/69491  30.3 ms/img
  3444/69491  30.3 ms/img
  3524/69491  30.3 ms/img
  3604/69491  30.3 ms/img
  3684/69491  30.3 ms/img
  3764/69491  30.3 ms/img
  3844/69491  30.3 ms/img
  3924/69491  30.3 ms/img
  4004/69491  30.3 ms/img
  4084/69491  30.3 ms/img
  4164/69491  30.3 ms/img
  4244/69491  30.3 ms/img
  4324/69491  30.3 ms/img
  4404/69491  30.3 ms/img
  4484/69491  30.3 ms/img
  4564/69491  30.3 ms/img
  4644/69491  30.3 ms/img
  4724/69491  30.3 ms/img
  4804/69491  30.3 ms/img
  4884/69491  30.3 ms/img
  4964/69491  30.3 ms/img
  5044/69491  30.3 ms/img
  5124/69491  30.3 ms/img
  5204/69491  30.3 ms/img
  5284/69491  30.3 ms/img
  5364/69491  30.3 ms/img
  5444/69491  30.3 ms/img
  5524/69491  30.3 ms/img
  5604/69491  30.3 ms/img
  5684/69491  30.3 ms/img
  5764/69491  30.3 ms/img
  5844/69491  30.3 ms/img
  5924/69491  30.3 ms/img
  6004/69491  30.3 ms/img
  6084/69491  30.3 ms/img
  6164/69491  30.3 ms/img
  6244/69491  30.3 ms/img
  6324/69491  30.3 ms/img
  6404/69491  30.3 ms/img
  6484/69491  30.3 ms/img
  6564/69491  30.3 ms/img
  6644/69491  30.3 ms/img
  6724/69491  30.3 ms/img
  6804/69491  30.3 ms/img
  6884/69491  30.4 ms/img
  6964/69491  30.4 ms/img
  7044/69491  30.4 ms/img
  7124/69491  30.4 ms/img
  7204/69491  30.3 ms/img
  7284/69491  30.4 ms/img
  7364/69491  30.4 ms/img
  7444/69491  30.4 ms/img
  7524/69491  30.4 ms/img
  7604/69491  30.4 ms/img
  7684/69491  30.4 ms/img
  7764/69491  30.4 ms/img
  7844/69491  30.4 ms/img
  7924/69491  30.4 ms/img
  8004/69491  30.4 ms/img
  8084/69491  30.4 ms/img
  8164/69491  30.4 ms/img
  8244/69491  30.4 ms/img
  8324/69491  30.4 ms/img
  8404/69491  30.4 ms/img
  8484/69491  30.4 ms/img
  8564/69491  30.4 ms/img
  8644/69491  30.4 ms/img
  8724/69491  30.4 ms/img
  8804/69491  30.4 ms/img
  8884/69491  30.4 ms/img
  8964/69491  30.4 ms/img
  9044/69491  30.4 ms/img
  9124/69491  30.4 ms/img
  9204/69491  30.4 ms/img
  9284/69491  30.4 ms/img
  9364/69491  30.4 ms/img
  9444/69491  30.4 ms/img
  9524/69491  30.4 ms/img
  9604/69491  30.4 ms/img
  9684/69491  30.4 ms/img
  9764/69491  30.4 ms/img
  9844/69491  30.4 ms/img
  9924/69491  30.4 ms/img
  10004/69491  30.4 ms/img
  10084/69491  30.4 ms/img
  10164/69491  30.4 ms/img
  10244/69491  30.4 ms/img
  10324/69491  30.4 ms/img
  10404/69491  30.4 ms/img
  10484/69491  30.4 ms/img
  10564/69491  30.4 ms/img
  10644/69491  30.4 ms/img
  10724/69491  30.4 ms/img
  10804/69491  30.4 ms/img
  10884/69491  30.4 ms/img
  10964/69491  30.4 ms/img
  11044/69491  30.4 ms/img
  11124/69491  30.4 ms/img
  11204/69491  30.4 ms/img
  11284/69491  30.4 ms/img
  11364/69491  30.4 ms/img
  11444/69491  30.4 ms/img
  11524/69491  30.4 ms/img
  11604/69491  30.4 ms/img
  11684/69491  30.4 ms/img
  11764/69491  30.4 ms/img
  11844/69491  30.4 ms/img
  11924/69491  30.5 ms/img
  12004/69491  30.4 ms/img
  12084/69491  30.4 ms/img
  12164/69491  30.4 ms/img
  12244/69491  30.4 ms/img
  12324/69491  30.4 ms/img
  12404/69491  30.4 ms/img
  12484/69491  30.4 ms/img
  12564/69491  30.4 ms/img
  12644/69491  30.4 ms/img
  12724/69491  30.4 ms/img
  12804/69491  30.4 ms/img
  12884/69491  30.4 ms/img
  12964/69491  30.4 ms/img
  13044/69491  30.4 ms/img
  13124/69491  30.4 ms/img
  13204/69491  30.4 ms/img
  13284/69491  30.4 ms/img
  13364/69491  30.4 ms/img
  13444/69491  30.4 ms/img
  13524/69491  30.4 ms/img
  13604/69491  30.4 ms/img
  13684/69491  30.4 ms/img
  13764/69491  30.4 ms/img
  13844/69491  30.4 ms/img
  13924/69491  30.4 ms/img
  14004/69491  30.5 ms/img
  14084/69491  30.5 ms/img
  14164/69491  30.5 ms/img
  14244/69491  30.5 ms/img
  14324/69491  30.5 ms/img
  14404/69491  30.5 ms/img
  14484/69491  30.5 ms/img
  14564/69491  30.5 ms/img
  14644/69491  30.5 ms/img
  14724/69491  30.5 ms/img
  14804/69491  30.5 ms/img
  14884/69491  30.5 ms/img
  14964/69491  30.5 ms/img
  15044/69491  30.5 ms/img
  15124/69491  30.5 ms/img
  15204/69491  30.5 ms/img
  15284/69491  30.4 ms/img
  15364/69491  30.4 ms/img
  15444/69491  30.4 ms/img
  15524/69491  30.4 ms/img
  15604/69491  30.4 ms/img
  15684/69491  30.4 ms/img
  15764/69491  30.4 ms/img
  15844/69491  30.4 ms/img
  15924/69491  30.5 ms/img
  16004/69491  30.5 ms/img
  16084/69491  30.5 ms/img
  16164/69491  30.5 ms/img
  16244/69491  30.5 ms/img
  16324/69491  30.5 ms/img
  16404/69491  30.5 ms/img
  16484/69491  30.5 ms/img
  16564/69491  30.5 ms/img
  16644/69491  30.5 ms/img
  16724/69491  30.5 ms/img
  16804/69491  30.5 ms/img
  16884/69491  30.5 ms/img
  16964/69491  30.5 ms/img
  17044/69491  30.5 ms/img
  17124/69491  30.4 ms/img
  17204/69491  30.4 ms/img
  17284/69491  30.4 ms/img
  17364/69491  30.4 ms/img
  17444/69491  30.4 ms/img
  17524/69491  30.4 ms/img
  17604/69491  30.4 ms/img
  17684/69491  30.4 ms/img
  17764/69491  30.4 ms/img
  17844/69491  30.4 ms/img
  17924/69491  30.4 ms/img
  18004/69491  30.4 ms/img
  18084/69491  30.4 ms/img
  18164/69491  30.4 ms/img
  18244/69491  30.4 ms/img
  18324/69491  30.4 ms/img
  18404/69491  30.4 ms/img
  18484/69491  30.4 ms/img
  18564/69491  30.4 ms/img
  18644/69491  30.4 ms/img
  18724/69491  30.4 ms/img
  18804/69491  30.4 ms/img
  18884/69491  30.4 ms/img
  18964/69491  30.4 ms/img
  19044/69491  30.4 ms/img
  19124/69491  30.4 ms/img
  19204/69491  30.4 ms/img
  19284/69491  30.4 ms/img
  19364/69491  30.4 ms/img
  19444/69491  30.4 ms/img
  19524/69491  30.4 ms/img
  19604/69491  30.4 ms/img
  19684/69491  30.4 ms/img
  19764/69491  30.4 ms/img
  19844/69491  30.4 ms/img
  19924/69491  30.4 ms/img
  20004/69491  30.4 ms/img
  20084/69491  30.4 ms/img
  20164/69491  30.4 ms/img
  20244/69491  30.4 ms/img
  20324/69491  30.4 ms/img
  20404/69491  30.4 ms/img
  20484/69491  30.4 ms/img
  20564/69491  30.4 ms/img
  20644/69491  30.4 ms/img
  20724/69491  30.4 ms/img
  20804/69491  30.4 ms/img
  20884/69491  30.4 ms/img
  20964/69491  30.4 ms/img
  21044/69491  30.4 ms/img
  21124/69491  30.4 ms/img
  21204/69491  30.4 ms/img
  21284/69491  30.4 ms/img
  21364/69491  30.4 ms/img
  21444/69491  30.4 ms/img
  21524/69491  30.4 ms/img
  21604/69491  30.4 ms/img
  21684/69491  30.4 ms/img
  21764/69491  30.4 ms/img
  21844/69491  30.4 ms/img
  21924/69491  30.4 ms/img
  22004/69491  30.4 ms/img
  22084/69491  30.4 ms/img
  22164/69491  30.4 ms/img
  22244/69491  30.4 ms/img
  22324/69491  30.4 ms/img
  22404/69491  30.4 ms/img
  22484/69491  30.4 ms/img
  22564/69491  30.4 ms/img
  22644/69491  30.4 ms/img
  22724/69491  30.4 ms/img
  22804/69491  30.4 ms/img
  22884/69491  30.4 ms/img
  22964/69491  30.4 ms/img
  23044/69491  30.4 ms/img
  23124/69491  30.4 ms/img
  23204/69491  30.4 ms/img
  23284/69491  30.4 ms/img
  23364/69491  30.4 ms/img
  23444/69491  30.4 ms/img
  23524/69491  30.4 ms/img
  23604/69491  30.4 ms/img
  23684/69491  30.4 ms/img
  23764/69491  30.4 ms/img
  23844/69491  30.4 ms/img
  23924/69491  30.4 ms/img
  24004/69491  30.4 ms/img
  24084/69491  30.5 ms/img
  24164/69491  30.5 ms/img
  24244/69491  30.5 ms/img
  24324/69491  30.5 ms/img
  24404/69491  30.5 ms/img
  24484/69491  30.5 ms/img
  24564/69491  30.5 ms/img
  24644/69491  30.5 ms/img
  24724/69491  30.5 ms/img
  24804/69491  30.5 ms/img
  24884/69491  30.5 ms/img
  24964/69491  30.5 ms/img
  25044/69491  30.5 ms/img
  25124/69491  30.5 ms/img
  25204/69491  30.5 ms/img
  25284/69491  30.5 ms/img
  25364/69491  30.5 ms/img
  25444/69491  30.5 ms/img
  25524/69491  30.5 ms/img
  25604/69491  30.5 ms/img
  25684/69491  30.5 ms/img
  25764/69491  30.5 ms/img
  25844/69491  30.5 ms/img
  25924/69491  30.6 ms/img
  26004/69491  30.6 ms/img
  26084/69491  30.6 ms/img
  26164/69491  30.6 ms/img
  26244/69491  30.6 ms/img
  26324/69491  30.6 ms/img
  26404/69491  30.6 ms/img
  26484/69491  30.6 ms/img
  26564/69491  30.6 ms/img
  26644/69491  30.6 ms/img
  26724/69491  30.6 ms/img
  26804/69491  30.6 ms/img
  26884/69491  30.6 ms/img
  26964/69491  30.6 ms/img
  27044/69491  30.6 ms/img
  27124/69491  30.6 ms/img
  27204/69491  30.6 ms/img
  27284/69491  30.6 ms/img
  27364/69491  30.6 ms/img
  27444/69491  30.6 ms/img
  27524/69491  30.6 ms/img
  27604/69491  30.6 ms/img
  27684/69491  30.6 ms/img
  27764/69491  30.6 ms/img
  27844/69491  30.6 ms/img
  27924/69491  30.6 ms/img
  28004/69491  30.7 ms/img
  28084/69491  30.7 ms/img
  28164/69491  30.7 ms/img
  28244/69491  30.7 ms/img
  28324/69491  30.7 ms/img
  28404/69491  30.7 ms/img
  28484/69491  30.7 ms/img
  28564/69491  30.7 ms/img
  28644/69491  30.7 ms/img
  28724/69491  30.7 ms/img
  28804/69491  30.7 ms/img
  28884/69491  30.7 ms/img
  28964/69491  30.7 ms/img
  29044/69491  30.7 ms/img
  29124/69491  30.7 ms/img
  29204/69491  30.7 ms/img
  29284/69491  30.7 ms/img
  29364/69491  30.7 ms/img
  29444/69491  30.7 ms/img
  29524/69491  30.7 ms/img
  29604/69491  30.7 ms/img
  29684/69491  30.7 ms/img
  29764/69491  30.7 ms/img
  29844/69491  30.7 ms/img
  29924/69491  30.7 ms/img
  30004/69491  30.7 ms/img
  30084/69491  30.7 ms/img
  30164/69491  30.7 ms/img
  30244/69491  30.7 ms/img
  30324/69491  30.7 ms/img
  30404/69491  30.7 ms/img
  30484/69491  30.7 ms/img
  30564/69491  30.7 ms/img
  30644/69491  30.7 ms/img
  30724/69491  30.7 ms/img
  30804/69491  30.8 ms/img
  30884/69491  30.8 ms/img
  30964/69491  30.8 ms/img
  31044/69491  30.8 ms/img
  31124/69491  30.8 ms/img
  31204/69491  30.8 ms/img
  31284/69491  30.8 ms/img
  31364/69491  30.8 ms/img
  31444/69491  30.8 ms/img
  31524/69491  30.8 ms/img
  31604/69491  30.8 ms/img
  31684/69491  30.8 ms/img
  31764/69491  30.8 ms/img
  31844/69491  30.8 ms/img
  31924/69491  30.8 ms/img
  32004/69491  30.8 ms/img
  32084/69491  30.8 ms/img
  32164/69491  30.8 ms/img
  32244/69491  30.8 ms/img
  32324/69491  30.8 ms/img
  32404/69491  30.8 ms/img
  32484/69491  30.8 ms/img
  32564/69491  30.8 ms/img
  32644/69491  30.8 ms/img
  32724/69491  30.8 ms/img
  32804/69491  30.8 ms/img
  32884/69491  30.8 ms/img
  32964/69491  30.8 ms/img
  33044/69491  30.8 ms/img
  33124/69491  30.8 ms/img
  33204/69491  30.8 ms/img
  33284/69491  30.8 ms/img
  33364/69491  30.8 ms/img
  33444/69491  30.9 ms/img
  33524/69491  30.9 ms/img
  33604/69491  30.9 ms/img
  33684/69491  30.9 ms/img
  33764/69491  30.9 ms/img
  33844/69491  30.9 ms/img
  33924/69491  30.9 ms/img
  34004/69491  30.9 ms/img
  34084/69491  30.9 ms/img
  34164/69491  30.9 ms/img
  34244/69491  30.9 ms/img
  34324/69491  30.9 ms/img
  34404/69491  30.9 ms/img
  34484/69491  30.9 ms/img
  34564/69491  30.9 ms/img
  34644/69491  30.9 ms/img
  34724/69491  30.9 ms/img
  34804/69491  30.9 ms/img
  34884/69491  30.9 ms/img
  34964/69491  30.9 ms/img
  35044/69491  30.9 ms/img
  35124/69491  30.9 ms/img
  35204/69491  30.9 ms/img
  35284/69491  30.9 ms/img
  35364/69491  30.9 ms/img
  35444/69491  30.9 ms/img
  35524/69491  30.9 ms/img
  35604/69491  30.9 ms/img
  35684/69491  30.9 ms/img
  35764/69491  30.9 ms/img
  35844/69491  30.9 ms/img
  35924/69491  30.9 ms/img
  36004/69491  31.0 ms/img
  36084/69491  31.0 ms/img
  36164/69491  31.0 ms/img
  36244/69491  31.0 ms/img
  36324/69491  31.0 ms/img
  36404/69491  31.0 ms/img
  36484/69491  31.0 ms/img
  36564/69491  31.0 ms/img
  36644/69491  31.0 ms/img
  36724/69491  31.0 ms/img
  36804/69491  31.0 ms/img
  36884/69491  31.0 ms/img
  36964/69491  31.0 ms/img
  37044/69491  31.0 ms/img
  37124/69491  31.0 ms/img
  37204/69491  31.0 ms/img
  37284/69491  31.0 ms/img
  37364/69491  31.0 ms/img
  37444/69491  31.0 ms/img
  37524/69491  31.0 ms/img
  37604/69491  31.0 ms/img
  37684/69491  31.0 ms/img
  37764/69491  31.0 ms/img
  37844/69491  31.0 ms/img
  37924/69491  31.0 ms/img
  38004/69491  31.0 ms/img
  38084/69491  31.0 ms/img
  38164/69491  31.0 ms/img
  38244/69491  31.1 ms/img
  38324/69491  31.1 ms/img
  38404/69491  31.1 ms/img
  38484/69491  31.1 ms/img
  38564/69491  31.1 ms/img
  38644/69491  31.1 ms/img
  38724/69491  31.1 ms/img
  38804/69491  31.1 ms/img
  38884/69491  31.1 ms/img
  38964/69491  31.1 ms/img
  39044/69491  31.1 ms/img
  39124/69491  31.1 ms/img
  39204/69491  31.1 ms/img
  39284/69491  31.1 ms/img
  39364/69491  31.1 ms/img
  39444/69491  31.1 ms/img
  39524/69491  31.1 ms/img
  39604/69491  31.1 ms/img
  39684/69491  31.1 ms/img
  39764/69491  31.1 ms/img
  39844/69491  31.1 ms/img
  39924/69491  31.1 ms/img
  40004/69491  31.1 ms/img
  40084/69491  31.1 ms/img
  40164/69491  31.1 ms/img
  40244/69491  31.1 ms/img
  40324/69491  31.1 ms/img
  40404/69491  31.1 ms/img
  40484/69491  31.1 ms/img
  40564/69491  31.1 ms/img
  40644/69491  31.1 ms/img
  40724/69491  31.1 ms/img
  40804/69491  31.1 ms/img
  40884/69491  31.1 ms/img
  40964/69491  31.1 ms/img
  41044/69491  31.1 ms/img
  41124/69491  31.1 ms/img
  41204/69491  31.1 ms/img
  41284/69491  31.1 ms/img
  41364/69491  31.1 ms/img
  41444/69491  31.0 ms/img
  41524/69491  31.0 ms/img
  41604/69491  31.0 ms/img
  41684/69491  31.0 ms/img
  41764/69491  31.0 ms/img
  41844/69491  31.0 ms/img
  41924/69491  31.0 ms/img
  42004/69491  31.0 ms/img
  42084/69491  31.0 ms/img
  42164/69491  31.0 ms/img
  42244/69491  31.0 ms/img
  42324/69491  30.9 ms/img
  42404/69491  30.9 ms/img
  42484/69491  30.9 ms/img
  42564/69491  30.9 ms/img
  42644/69491  30.9 ms/img
  42724/69491  30.9 ms/img
  42804/69491  30.9 ms/img
  42884/69491  30.9 ms/img
  42964/69491  30.9 ms/img
  43044/69491  30.9 ms/img
  43124/69491  30.9 ms/img
  43204/69491  30.9 ms/img
  43284/69491  30.8 ms/img
  43364/69491  30.8 ms/img
  43444/69491  30.8 ms/img
  43524/69491  30.8 ms/img
  43604/69491  30.8 ms/img
  43684/69491  30.8 ms/img
  43764/69491  30.8 ms/img
  43844/69491  30.8 ms/img
  43924/69491  30.8 ms/img
  44004/69491  30.8 ms/img
  44084/69491  30.8 ms/img
  44164/69491  30.8 ms/img
  44244/69491  30.8 ms/img
  44324/69491  30.7 ms/img
  44404/69491  30.7 ms/img
  44484/69491  30.7 ms/img
  44564/69491  30.7 ms/img
  44644/69491  30.7 ms/img
  44724/69491  30.7 ms/img
  44804/69491  30.7 ms/img
  44884/69491  30.7 ms/img
  44964/69491  30.7 ms/img
  45044/69491  30.7 ms/img
  45124/69491  30.7 ms/img
  45204/69491  30.7 ms/img
  45284/69491  30.7 ms/img
  45364/69491  30.7 ms/img
  45444/69491  30.6 ms/img
  45524/69491  30.6 ms/img
  45604/69491  30.6 ms/img
  45684/69491  30.6 ms/img
  45764/69491  30.6 ms/img
  45844/69491  30.6 ms/img
  45924/69491  30.6 ms/img
  46004/69491  30.6 ms/img
  46084/69491  30.6 ms/img
  46164/69491  30.6 ms/img
  46244/69491  30.6 ms/img
  46324/69491  30.6 ms/img
  46404/69491  30.6 ms/img
  46484/69491  30.6 ms/img
  46564/69491  30.6 ms/img
  46644/69491  30.5 ms/img
  46724/69491  30.5 ms/img
  46804/69491  30.5 ms/img
  46884/69491  30.5 ms/img
  46964/69491  30.5 ms/img
  47044/69491  30.5 ms/img
  47124/69491  30.5 ms/img
  47204/69491  30.5 ms/img
  47284/69491  30.5 ms/img
  47364/69491  30.5 ms/img
  47444/69491  30.5 ms/img
  47524/69491  30.5 ms/img
  47604/69491  30.5 ms/img
  47684/69491  30.5 ms/img
  47764/69491  30.5 ms/img
  47844/69491  30.4 ms/img
  47924/69491  30.4 ms/img
  48004/69491  30.4 ms/img
  48084/69491  30.4 ms/img
  48164/69491  30.4 ms/img
  48244/69491  30.4 ms/img
  48324/69491  30.4 ms/img
  48404/69491  30.4 ms/img
  48484/69491  30.4 ms/img
  48564/69491  30.4 ms/img
  48644/69491  30.4 ms/img
  48724/69491  30.4 ms/img
  48804/69491  30.4 ms/img
  48884/69491  30.4 ms/img
  48964/69491  30.4 ms/img
  49044/69491  30.3 ms/img
  49124/69491  30.3 ms/img
  49204/69491  30.3 ms/img
  49284/69491  30.3 ms/img
  49364/69491  30.3 ms/img
  49444/69491  30.3 ms/img
  49524/69491  30.3 ms/img
  49604/69491  30.3 ms/img
  49684/69491  30.3 ms/img
  49764/69491  30.3 ms/img
  49844/69491  30.3 ms/img
  49924/69491  30.3 ms/img
  50004/69491  30.3 ms/img
  50084/69491  30.3 ms/img
  50164/69491  30.3 ms/img
  50244/69491  30.2 ms/img
  50324/69491  30.2 ms/img
  50404/69491  30.2 ms/img
  50484/69491  30.2 ms/img
  50564/69491  30.2 ms/img
  50644/69491  30.2 ms/img
  50724/69491  30.2 ms/img
  50804/69491  30.2 ms/img
  50884/69491  30.2 ms/img
  50964/69491  30.2 ms/img
  51044/69491  30.2 ms/img
  51124/69491  30.2 ms/img
  51204/69491  30.2 ms/img
  51284/69491  30.2 ms/img
  51364/69491  30.2 ms/img
  51444/69491  30.2 ms/img
  51524/69491  30.1 ms/img
  51604/69491  30.1 ms/img
  51684/69491  30.1 ms/img
  51764/69491  30.1 ms/img
  51844/69491  30.1 ms/img
  51924/69491  30.1 ms/img
  52004/69491  30.1 ms/img
  52084/69491  30.1 ms/img
  52164/69491  30.1 ms/img
  52244/69491  30.1 ms/img
  52324/69491  30.1 ms/img
  52404/69491  30.1 ms/img
  52484/69491  30.1 ms/img
  52564/69491  30.1 ms/img
  52644/69491  30.1 ms/img
  52724/69491  30.1 ms/img
  52804/69491  30.1 ms/img
  52884/69491  30.0 ms/img
  52964/69491  30.0 ms/img
  53044/69491  30.0 ms/img
  53124/69491  30.0 ms/img
  53204/69491  30.0 ms/img
  53284/69491  30.0 ms/img
  53364/69491  30.0 ms/img
  53444/69491  30.0 ms/img
  53524/69491  30.0 ms/img
  53604/69491  30.0 ms/img
  53684/69491  30.0 ms/img
  53764/69491  30.0 ms/img
  53844/69491  30.0 ms/img
  53924/69491  30.0 ms/img
  54004/69491  30.0 ms/img
  54084/69491  30.0 ms/img
  54164/69491  30.0 ms/img
  54244/69491  30.0 ms/img
  54324/69491  29.9 ms/img
  54404/69491  29.9 ms/img
  54484/69491  29.9 ms/img
  54564/69491  29.9 ms/img
  54644/69491  29.9 ms/img
  54724/69491  29.9 ms/img
  54804/69491  29.9 ms/img
  54884/69491  29.9 ms/img
  54964/69491  29.9 ms/img
  55044/69491  29.9 ms/img
  55124/69491  29.9 ms/img
  55204/69491  29.9 ms/img
  55284/69491  29.9 ms/img
  55364/69491  29.9 ms/img
  55444/69491  29.9 ms/img
  55524/69491  29.9 ms/img
  55604/69491  29.9 ms/img
  55684/69491  29.9 ms/img
  55764/69491  29.9 ms/img
  55844/69491  29.9 ms/img
  55924/69491  29.8 ms/img
  56004/69491  29.8 ms/img
  56084/69491  29.8 ms/img
  56164/69491  29.8 ms/img
  56244/69491  29.8 ms/img
  56324/69491  29.8 ms/img
  56404/69491  29.8 ms/img
  56484/69491  29.8 ms/img
  56564/69491  29.8 ms/img
  56644/69491  29.8 ms/img
  56724/69491  29.8 ms/img
  56804/69491  29.8 ms/img
  56884/69491  29.8 ms/img
  56964/69491  29.8 ms/img
  57044/69491  29.8 ms/img
  57124/69491  29.8 ms/img
  57204/69491  29.8 ms/img
  57284/69491  29.8 ms/img
  57364/69491  29.8 ms/img
  57444/69491  29.8 ms/img
  57524/69491  29.7 ms/img
  57604/69491  29.7 ms/img
  57684/69491  29.7 ms/img
  57764/69491  29.7 ms/img
  57844/69491  29.7 ms/img
  57924/69491  29.7 ms/img
  58004/69491  29.7 ms/img
  58084/69491  29.7 ms/img
  58164/69491  29.7 ms/img
  58244/69491  29.7 ms/img
  58324/69491  29.7 ms/img
  58404/69491  29.7 ms/img
  58484/69491  29.7 ms/img
  58564/69491  29.7 ms/img
  58644/69491  29.7 ms/img
  58724/69491  29.7 ms/img
  58804/69491  29.7 ms/img
  58884/69491  29.7 ms/img
  58964/69491  29.7 ms/img
  59044/69491  29.7 ms/img
  59124/69491  29.7 ms/img
  59204/69491  29.7 ms/img
  59284/69491  29.6 ms/img
  59364/69491  29.6 ms/img
  59444/69491  29.6 ms/img
  59524/69491  29.6 ms/img
  59604/69491  29.6 ms/img
  59684/69491  29.6 ms/img
  59764/69491  29.6 ms/img
  59844/69491  29.6 ms/img
  59924/69491  29.6 ms/img
  60004/69491  29.6 ms/img
  60084/69491  29.6 ms/img
  60164/69491  29.6 ms/img
  60244/69491  29.6 ms/img
  60324/69491  29.6 ms/img
  60404/69491  29.6 ms/img
  60484/69491  29.6 ms/img
  60564/69491  29.6 ms/img
  60644/69491  29.6 ms/img
  60724/69491  29.6 ms/img
  60804/69491  29.6 ms/img
  60884/69491  29.6 ms/img
  60964/69491  29.6 ms/img
  61044/69491  29.6 ms/img
  61124/69491  29.6 ms/img
  61204/69491  29.6 ms/img
  61284/69491  29.6 ms/img
  61364/69491  29.5 ms/img
  61444/69491  29.5 ms/img
  61524/69491  29.5 ms/img
  61604/69491  29.5 ms/img
  61684/69491  29.5 ms/img
  61764/69491  29.5 ms/img
  61844/69491  29.5 ms/img
  61924/69491  29.5 ms/img
  62004/69491  29.5 ms/img
  62084/69491  29.5 ms/img
  62164/69491  29.5 ms/img
  62244/69491  29.5 ms/img
  62324/69491  29.5 ms/img
  62404/69491  29.5 ms/img
  62484/69491  29.5 ms/img
  62564/69491  29.5 ms/img
  62644/69491  29.5 ms/img
  62724/69491  29.5 ms/img
  62804/69491  29.5 ms/img
  62884/69491  29.5 ms/img
  62964/69491  29.5 ms/img
  63044/69491  29.5 ms/img
  63124/69491  29.5 ms/img
  63204/69491  29.5 ms/img
  63284/69491  29.5 ms/img
  63364/69491  29.5 ms/img
  63444/69491  29.5 ms/img
  63524/69491  29.5 ms/img
  63604/69491  29.5 ms/img
  63684/69491  29.5 ms/img
  63764/69491  29.5 ms/img
  63844/69491  29.4 ms/img
  63924/69491  29.4 ms/img
  64004/69491  29.4 ms/img
  64084/69491  29.4 ms/img
  64164/69491  29.4 ms/img
  64244/69491  29.4 ms/img
  64324/69491  29.4 ms/img
  64404/69491  29.4 ms/img
  64484/69491  29.4 ms/img
  64564/69491  29.4 ms/img
  64644/69491  29.4 ms/img
  64724/69491  29.4 ms/img
  64804/69491  29.4 ms/img
  64884/69491  29.4 ms/img
  64964/69491  29.4 ms/img
  65044/69491  29.4 ms/img
  65124/69491  29.4 ms/img
  65204/69491  29.4 ms/img
  65284/69491  29.4 ms/img
  65364/69491  29.4 ms/img
  65444/69491  29.4 ms/img
  65524/69491  29.4 ms/img
  65604/69491  29.4 ms/img
  65684/69491  29.4 ms/img
  65764/69491  29.4 ms/img
  65844/69491  29.4 ms/img
  65924/69491  29.4 ms/img
  66004/69491  29.4 ms/img
  66084/69491  29.4 ms/img
  66164/69491  29.4 ms/img
  66244/69491  29.4 ms/img
  66324/69491  29.4 ms/img
  66404/69491  29.4 ms/img
  66484/69491  29.4 ms/img
  66564/69491  29.3 ms/img
  66644/69491  29.3 ms/img
  66724/69491  29.3 ms/img
  66804/69491  29.3 ms/img
  66884/69491  29.3 ms/img
  66964/69491  29.3 ms/img
  67044/69491  29.3 ms/img
  67124/69491  29.3 ms/img
  67204/69491  29.3 ms/img
  67284/69491  29.3 ms/img
  67364/69491  29.3 ms/img
  67444/69491  29.3 ms/img
  67524/69491  29.3 ms/img
  67604/69491  29.3 ms/img
  67684/69491  29.3 ms/img
  67764/69491  29.3 ms/img
  67844/69491  29.3 ms/img
  67924/69491  29.3 ms/img
  68004/69491  29.3 ms/img
  68084/69491  29.3 ms/img
  68164/69491  29.3 ms/img
  68244/69491  29.3 ms/img
  68324/69491  29.3 ms/img
  68404/69491  29.3 ms/img
  68484/69491  29.2 ms/img
  68564/69491  29.2 ms/img
  68644/69491  29.2 ms/img
  68724/69491  29.2 ms/img
  68804/69491  29.2 ms/img
  68884/69491  29.2 ms/img
  68964/69491  29.2 ms/img
  69044/69491  29.2 ms/img
  69124/69491  29.2 ms/img
  69204/69491  29.2 ms/img
  69284/69491  29.2 ms/img
  69364/69491  29.2 ms/img
  69444/69491  29.2 ms/img
done /home/kavinder/RAM/pose-estimation/outputs/shared_cache/moge2_vitl__subset_full__04daa56d7cd2__c7c029785fb8458c
EXIT_CODE=0 scripts/guarded.sh 24 -- .venv/bin/python scripts/extract_features.py --backbone moge2_vitl --subset full --batch 4
>>> 01:43:26 scripts/guarded.sh 16 -- .venv/bin/python scripts/exp015_mask_consensus.py --subset full
  256/69491
  512/69491
  768/69491
  1024/69491
  1280/69491
  1536/69491
  1792/69491
  2048/69491
  2304/69491
  2560/69491
  2816/69491
  3072/69491
  3328/69491
  3584/69491
  3840/69491
  4096/69491
  4352/69491
  4608/69491
  4864/69491
  5120/69491
  5376/69491
  5632/69491
  5888/69491
  6144/69491
  6400/69491
  6656/69491
  6912/69491
  7168/69491
  7424/69491
  7680/69491
  7936/69491
  8192/69491
  8448/69491
  8704/69491
  8960/69491
  9216/69491
  9472/69491
  9728/69491
  9984/69491
  10240/69491
  10496/69491
  10752/69491
  11008/69491
  11264/69491
  11520/69491
  11776/69491
  12032/69491
  12288/69491
  12544/69491
  12800/69491
  13056/69491
  13312/69491
  13568/69491
  13824/69491
  14080/69491
  14336/69491
  14592/69491
  14848/69491
  15104/69491
  15360/69491
  15616/69491
  15872/69491
  16128/69491
  16384/69491
  16640/69491
  16896/69491
  17152/69491
  17408/69491
  17664/69491
  17920/69491
  18176/69491
  18432/69491
  18688/69491
  18944/69491
  19200/69491
  19456/69491
  19712/69491
  19968/69491
  20224/69491
  20480/69491
  20736/69491
  20992/69491
  21248/69491
  21504/69491
  21760/69491
  22016/69491
  22272/69491
  22528/69491
  22784/69491
  23040/69491
  23296/69491
  23552/69491
  23808/69491
  24064/69491
  24320/69491
  24576/69491
  24832/69491
  25088/69491
  25344/69491
  25600/69491
  25856/69491
  26112/69491
  26368/69491
  26624/69491
  26880/69491
  27136/69491
  27392/69491
  27648/69491
  27904/69491
  28160/69491
  28416/69491
  28672/69491
  28928/69491
  29184/69491
  29440/69491
  29696/69491
  29952/69491
  30208/69491
  30464/69491
  30720/69491
  30976/69491
  31232/69491
  31488/69491
  31744/69491
  32000/69491
  32256/69491
  32512/69491
  32768/69491
  33024/69491
  33280/69491
  33536/69491
  33792/69491
  34048/69491
  34304/69491
  34560/69491
  34816/69491
  35072/69491
  35328/69491
  35584/69491
  35840/69491
  36096/69491
  36352/69491
  36608/69491
  36864/69491
  37120/69491
  37376/69491
  37632/69491
  37888/69491
  38144/69491
  38400/69491
  38656/69491
  38912/69491
  39168/69491
  39424/69491
  39680/69491
  39936/69491
  40192/69491
  40448/69491
  40704/69491
  40960/69491
  41216/69491
  41472/69491
  41728/69491
  41984/69491
  42240/69491
  42496/69491
  42752/69491
  43008/69491
  43264/69491
  43520/69491
  43776/69491
  44032/69491
  44288/69491
  44544/69491
  44800/69491
  45056/69491
  45312/69491
  45568/69491
  45824/69491
  46080/69491
  46336/69491
  46592/69491
  46848/69491
  47104/69491
  47360/69491
  47616/69491
  47872/69491
  48128/69491
  48384/69491
  48640/69491
  48896/69491
  49152/69491
  49408/69491
  49664/69491
  49920/69491
  50176/69491
  50432/69491
  50688/69491
  50944/69491
  51200/69491
  51456/69491
  51712/69491
  51968/69491
  52224/69491
  52480/69491
  52736/69491
  52992/69491
  53248/69491
  53504/69491
  53760/69491
  54016/69491
  54272/69491
  54528/69491
  54784/69491
  55040/69491
  55296/69491
  55552/69491
  55808/69491
  56064/69491
  56320/69491
  56576/69491
  56832/69491
  57088/69491
  57344/69491
  57600/69491
  57856/69491
  58112/69491
  58368/69491
  58624/69491
  58880/69491
  59136/69491
  59392/69491
  59648/69491
  59904/69491
  60160/69491
  60416/69491
  60672/69491
  60928/69491
  61184/69491
  61440/69491
  61696/69491
  61952/69491
  62208/69491
  62464/69491
  62720/69491
  62976/69491
  63232/69491
  63488/69491
  63744/69491
  64000/69491
  64256/69491
  64512/69491
  64768/69491
  65024/69491
  65280/69491
  65536/69491
  65792/69491
  66048/69491
  66304/69491
  66560/69491
  66816/69491
  67072/69491
  67328/69491
  67584/69491
  67840/69491
  68096/69491
  68352/69491
  68608/69491
  68864/69491
  69120/69491
  69376/69491
  69491/69491
| domain | method | n | leakage | recall | iou | precision | boundary_f | tip_coverage | area |
|---|---|---|---|---|---|---|---|---|---|
| synthetic_val | moge2 | 11994 | 0.283 | 0.987 | 0.575 | 0.585 | 0.481 | 0.916 | 0.580 |
| synthetic_val | dino | 11994 | 0.112 | 0.968 | 0.619 | 0.623 | 0.462 | 0.716 | 0.369 |
| synthetic_val | and | 11994 | 0.064 | 0.957 | 0.779 | 0.793 | 0.774 | 0.673 | 0.291 |
| synthetic_val | or | 11994 | 0.319 | 0.999 | 0.427 | 0.428 | 0.169 | 0.959 | 0.658 |
| synthetic_val | avg | 11994 | 0.282 | 0.991 | 0.566 | 0.573 | 0.478 | 0.920 | 0.583 |
| lightbox | moge2 | 6740 | 0.521 | 0.998 | 0.293 | 0.294 | 0.099 | 0.960 | 0.890 |
| lightbox | dino | 6740 | 0.141 | 0.978 | 0.564 | 0.567 | 0.322 | 0.782 | 0.409 |
| lightbox | and | 6740 | 0.124 | 0.976 | 0.601 | 0.604 | 0.399 | 0.761 | 0.387 |
| lightbox | or | 6740 | 0.532 | 1.000 | 0.263 | 0.263 | 0.022 | 0.981 | 0.912 |
| lightbox | avg | 6740 | 0.520 | 0.998 | 0.292 | 0.293 | 0.097 | 0.964 | 0.889 |
| sunlamp | moge2 | 2791 | 0.570 | 1.000 | 0.239 | 0.239 | 0.039 | 0.986 | 0.959 |
| sunlamp | dino | 2791 | 0.125 | 0.994 | 0.580 | 0.584 | 0.293 | 0.635 | 0.413 |
| sunlamp | and | 2791 | 0.120 | 0.993 | 0.587 | 0.591 | 0.318 | 0.630 | 0.404 |
| sunlamp | or | 2791 | 0.572 | 1.000 | 0.235 | 0.235 | 0.010 | 0.991 | 0.968 |
| sunlamp | avg | 2791 | 0.569 | 1.000 | 0.239 | 0.239 | 0.037 | 0.986 | 0.958 |
| synthetic_train | moge2 | 47966 | 0.283 | 0.988 | 0.576 | 0.585 | 0.483 | 0.914 | 0.579 |
| synthetic_train | dino | 47966 | 0.111 | 0.968 | 0.619 | 0.623 | 0.462 | 0.718 | 0.368 |
| synthetic_train | and | 47966 | 0.064 | 0.957 | 0.779 | 0.793 | 0.776 | 0.675 | 0.290 |
| synthetic_train | or | 47966 | 0.319 | 0.999 | 0.428 | 0.428 | 0.170 | 0.957 | 0.657 |
| synthetic_train | avg | 47966 | 0.282 | 0.991 | 0.567 | 0.573 | 0.480 | 0.917 | 0.582 |
| domain | moge2 | dino | frac_images | and_leakage | and_recall | moge2_leakage | dino_leakage |
|---|---|---|---|---|---|---|---|
| synthetic_val | MoGe-2 right | DINO right | 0.378 | 0.000 | 0.977 | 0.001 | 0.023 |
| synthetic_val | MoGe-2 right | DINO wrong | 0.111 | 0.001 | 0.954 | 0.001 | 0.218 |
| synthetic_val | MoGe-2 wrong | DINO right | 0.316 | 0.008 | 0.995 | 0.552 | 0.009 |
| synthetic_val | MoGe-2 wrong | DINO wrong | 0.195 | 0.318 | 0.857 | 0.555 | 0.391 |
| lightbox | MoGe-2 right | DINO right | 0.063 | 0.001 | 0.989 | 0.005 | 0.030 |
| lightbox | MoGe-2 right | DINO wrong | 0.026 | 0.008 | 0.979 | 0.011 | 0.260 |
| lightbox | MoGe-2 wrong | DINO right | 0.544 | 0.023 | 0.995 | 0.551 | 0.024 |
| lightbox | MoGe-2 wrong | DINO wrong | 0.367 | 0.303 | 0.945 | 0.601 | 0.325 |
| sunlamp | MoGe-2 right | DINO right | 0.003 | 0.002 | 0.989 | 0.032 | 0.037 |
| sunlamp | MoGe-2 right | DINO wrong | 0.001 | 0.008 | 0.998 | 0.010 | 0.342 |
| sunlamp | MoGe-2 wrong | DINO right | 0.665 | 0.023 | 0.993 | 0.549 | 0.024 |
| sunlamp | MoGe-2 wrong | DINO wrong | 0.331 | 0.315 | 0.995 | 0.618 | 0.328 |
RUN outputs/experiments/EXP-015_mask_consensus/RUN-20261009-014327-seed0
EXIT_CODE=0 scripts/guarded.sh 16 -- .venv/bin/python scripts/exp015_mask_consensus.py --subset full
>>> 02:07:37 scripts/guarded.sh 32 -- .venv/bin/python scripts/train_probe.py --exp EXP-030_full_data_mlp_baseline --subset full --features dinov3_vitl16:grid4 --gpu-dtype fp16 --beams 1 --seed 0
dinov3_vitl16:grid4 seed 0 synthetic_val: mean 6.7 med 5.3 root 0.97 | lightbox: mean 42.4 med 14.0 root 0.75 | sunlamp: mean 52.7 med 25.7 root 0.74
RUN outputs/experiments/EXP-030_full_data_mlp_baseline/RUN-20261009-020738-seed0
EXIT_CODE=0 scripts/guarded.sh 32 -- .venv/bin/python scripts/train_probe.py --exp EXP-030_full_data_mlp_baseline --subset full --features dinov3_vitl16:grid4 --gpu-dtype fp16 --beams 1 --seed 0
>>> 02:09:19 scripts/guarded.sh 32 -- .venv/bin/python scripts/train_probe.py --exp EXP-030_full_data_mlp_baseline --subset full --features dinov3_vitl16:grid4 --gpu-dtype fp16 --beams 1 --seed 1
dinov3_vitl16:grid4 seed 1 synthetic_val: mean 6.5 med 5.3 root 0.97 | lightbox: mean 41.6 med 14.5 root 0.76 | sunlamp: mean 54.2 med 26.0 root 0.72
RUN outputs/experiments/EXP-030_full_data_mlp_baseline/RUN-20261009-020920-seed1
EXIT_CODE=0 scripts/guarded.sh 32 -- .venv/bin/python scripts/train_probe.py --exp EXP-030_full_data_mlp_baseline --subset full --features dinov3_vitl16:grid4 --gpu-dtype fp16 --beams 1 --seed 1
>>> 02:10:54 scripts/guarded.sh 32 -- .venv/bin/python scripts/train_probe.py --exp EXP-030_full_data_mlp_baseline --subset full --features dinov3_vitl16:grid4 --gpu-dtype fp16 --beams 1 --seed 2
dinov3_vitl16:grid4 seed 2 synthetic_val: mean 6.8 med 5.3 root 0.96 | lightbox: mean 41.3 med 14.1 root 0.76 | sunlamp: mean 53.4 med 25.6 root 0.73
RUN outputs/experiments/EXP-030_full_data_mlp_baseline/RUN-20261009-021055-seed2
EXIT_CODE=0 scripts/guarded.sh 32 -- .venv/bin/python scripts/train_probe.py --exp EXP-030_full_data_mlp_baseline --subset full --features dinov3_vitl16:grid4 --gpu-dtype fp16 --beams 1 --seed 2
>>> 02:12:34 scripts/guarded.sh 32 -- .venv/bin/python scripts/train_probe.py --exp EXP-030_full_data_mlp_baseline --subset full --features moge2_vitl:normals16~and --gpu-dtype fp16 --beams 1 --seed 0
moge2_vitl:normals16~and seed 0 synthetic_val: mean 17.8 med 6.4 root 0.90 | lightbox: mean 45.5 med 12.2 root 0.74 | sunlamp: mean 61.1 med 22.4 root 0.65
RUN outputs/experiments/EXP-030_full_data_mlp_baseline/RUN-20261009-021235-seed0
EXIT_CODE=0 scripts/guarded.sh 32 -- .venv/bin/python scripts/train_probe.py --exp EXP-030_full_data_mlp_baseline --subset full --features moge2_vitl:normals16~and --gpu-dtype fp16 --beams 1 --seed 0
>>> 02:13:22 scripts/guarded.sh 32 -- .venv/bin/python scripts/train_probe.py --exp EXP-030_full_data_mlp_baseline --subset full --features moge2_vitl:normals16~and --gpu-dtype fp16 --beams 1 --seed 1
moge2_vitl:normals16~and seed 1 synthetic_val: mean 18.1 med 6.3 root 0.90 | lightbox: mean 44.7 med 11.9 root 0.74 | sunlamp: mean 61.8 med 22.6 root 0.65
RUN outputs/experiments/EXP-030_full_data_mlp_baseline/RUN-20261009-021322-seed1
EXIT_CODE=0 scripts/guarded.sh 32 -- .venv/bin/python scripts/train_probe.py --exp EXP-030_full_data_mlp_baseline --subset full --features moge2_vitl:normals16~and --gpu-dtype fp16 --beams 1 --seed 1
>>> 02:14:07 scripts/guarded.sh 32 -- .venv/bin/python scripts/train_probe.py --exp EXP-030_full_data_mlp_baseline --subset full --features moge2_vitl:normals16~and --gpu-dtype fp16 --beams 1 --seed 2
moge2_vitl:normals16~and seed 2 synthetic_val: mean 17.5 med 6.3 root 0.90 | lightbox: mean 44.0 med 11.9 root 0.75 | sunlamp: mean 63.0 med 23.9 root 0.65
RUN outputs/experiments/EXP-030_full_data_mlp_baseline/RUN-20261009-021407-seed2
EXIT_CODE=0 scripts/guarded.sh 32 -- .venv/bin/python scripts/train_probe.py --exp EXP-030_full_data_mlp_baseline --subset full --features moge2_vitl:normals16~and --gpu-dtype fp16 --beams 1 --seed 2
>>> 02:14:54 scripts/guarded.sh 32 -- .venv/bin/python scripts/exp025_posterior_fusion.py --subset full --a EXP-030_full_data_mlp_baseline:dinov3_vitl16:grid4 --b EXP-030_full_data_mlp_baseline:moge2_vitl:normals16~and --run-exp EXP-030_full_data_mlp_baseline
| beam | method | domain | mean_deg | median_deg | acc@10 | acc@20 | mean_deg_std |
|---|---|---|---|---|---|---|---|
| 1 | AVG(A,B) | lightbox | 32.769 | 11.049 | 0.450 | 0.706 | 0.496 |
| 1 | AVG(A,B) | sunlamp | 45.606 | 18.079 | 0.274 | 0.532 | 0.891 |
| 1 | AVG(A,B) | synthetic_val | 6.609 | 5.076 | 0.922 | 0.985 | 0.002 |
| 1 | A_dino | lightbox | 41.764 | 14.213 | 0.340 | 0.617 | 0.566 |
| 1 | A_dino | sunlamp | 53.430 | 25.778 | 0.178 | 0.412 | 0.760 |
| 1 | A_dino | synthetic_val | 6.639 | 5.309 | 0.913 | 0.988 | 0.158 |
| 1 | B_consensus_normals | lightbox | 44.718 | 11.987 | 0.430 | 0.627 | 0.773 |
| 1 | B_consensus_normals | sunlamp | 61.962 | 22.967 | 0.269 | 0.474 | 0.959 |
| 1 | B_consensus_normals | synthetic_val | 17.788 | 6.313 | 0.774 | 0.883 | 0.304 |
| 1 | PoE(A,B) | lightbox | 31.073 | 10.403 | 0.479 | 0.729 | 0.288 |
| 1 | PoE(A,B) | sunlamp | 43.745 | 17.004 | 0.290 | 0.553 | 0.818 |
| 1 | PoE(A,B) | synthetic_val | 6.242 | 4.997 | 0.932 | 0.989 | 0.072 |
| 4 | AVG(A,B) | lightbox | 35.945 | 11.800 | 0.424 | 0.673 | 0.381 |
| 4 | AVG(A,B) | sunlamp | 49.006 | 20.371 | 0.248 | 0.494 | 0.351 |
| 4 | AVG(A,B) | synthetic_val | 7.858 | 5.237 | 0.896 | 0.968 | 0.074 |
| 4 | A_dino | lightbox | 41.702 | 14.269 | 0.339 | 0.617 | 0.453 |
| 4 | A_dino | sunlamp | 53.154 | 25.774 | 0.178 | 0.413 | 0.579 |
| 4 | A_dino | synthetic_val | 6.667 | 5.304 | 0.913 | 0.988 | 0.133 |
| 4 | B_consensus_normals | lightbox | 44.715 | 12.010 | 0.429 | 0.628 | 0.767 |
| 4 | B_consensus_normals | sunlamp | 61.907 | 22.748 | 0.270 | 0.475 | 0.597 |
| 4 | B_consensus_normals | synthetic_val | 17.818 | 6.311 | 0.774 | 0.883 | 0.251 |
| 4 | PoE(A,B) | lightbox | 31.026 | 10.398 | 0.480 | 0.728 | 0.235 |
| 4 | PoE(A,B) | sunlamp | 43.631 | 16.898 | 0.290 | 0.557 | 0.736 |
| 4 | PoE(A,B) | synthetic_val | 6.249 | 5.002 | 0.932 | 0.989 | 0.077 |
RUN outputs/experiments/EXP-030_full_data_mlp_baseline/RUN-20261009-021455-seed0
EXIT_CODE=0 scripts/guarded.sh 32 -- .venv/bin/python scripts/exp025_posterior_fusion.py --subset full --a EXP-030_full_data_mlp_baseline:dinov3_vitl16:grid4 --b EXP-030_full_data_mlp_baseline:moge2_vitl:normals16~and --run-exp EXP-030_full_data_mlp_baseline
CHAIN_DONE
