ep 5 train_loss 11.0843 val_mean_deg 110.51 val_median 114.46 val_root 0.405
ep 10 train_loss 9.8970 val_mean_deg 89.97 val_median 87.37 val_root 0.498
ep 15 train_loss 8.2145 val_mean_deg 81.69 val_median 75.82 val_root 0.537
ep 20 train_loss 6.7034 val_mean_deg 75.91 val_median 61.56 val_root 0.560
ep 25 train_loss 5.4840 val_mean_deg 74.92 val_median 58.29 val_root 0.559
ep 30 train_loss 4.4682 val_mean_deg 71.64 val_median 52.09 val_root 0.563
ep 35 train_loss 3.7097 val_mean_deg 70.45 val_median 46.59 val_root 0.581
ep 40 train_loss 3.1013 val_mean_deg 68.92 val_median 44.00 val_root 0.589
ep 45 train_loss 2.6503 val_mean_deg 68.28 val_median 43.26 val_root 0.588
ep 50 train_loss 2.2598 val_mean_deg 68.74 val_median 41.73 val_root 0.588
ep 55 train_loss 1.9744 val_mean_deg 69.06 val_median 42.38 val_root 0.583
ep 60 train_loss 1.7501 val_mean_deg 67.67 val_median 42.01 val_root 0.602
ep 65 train_loss 1.6130 val_mean_deg 67.78 val_median 42.26 val_root 0.587
ep 70 train_loss 1.4924 val_mean_deg 67.12 val_median 40.95 val_root 0.601
ep 75 train_loss 1.3764 val_mean_deg 67.49 val_median 40.48 val_root 0.593
ep 80 train_loss 1.2855 val_mean_deg 66.90 val_median 38.16 val_root 0.597
ep 85 train_loss 1.2509 val_mean_deg 67.05 val_median 39.32 val_root 0.600
ep 90 train_loss 1.2334 val_mean_deg 67.82 val_median 41.08 val_root 0.598
ep 95 train_loss 1.1920 val_mean_deg 67.50 val_median 40.50 val_root 0.598
ep 100 train_loss 1.2087 val_mean_deg 67.52 val_median 40.41 val_root 0.598
