ep 5 train_loss 10.9312 val_mean_deg 105.19 val_median 105.24 val_root 0.485
ep 10 train_loss 9.3969 val_mean_deg 87.01 val_median 83.73 val_root 0.587
ep 15 train_loss 7.5640 val_mean_deg 75.55 val_median 53.96 val_root 0.617
ep 20 train_loss 5.8044 val_mean_deg 74.55 val_median 52.30 val_root 0.619
ep 25 train_loss 4.3824 val_mean_deg 72.81 val_median 47.19 val_root 0.619
ep 30 train_loss 3.1817 val_mean_deg 69.05 val_median 41.72 val_root 0.636
ep 35 train_loss 2.3553 val_mean_deg 70.53 val_median 44.46 val_root 0.628
ep 40 train_loss 1.7882 val_mean_deg 70.00 val_median 42.26 val_root 0.632
ep 45 train_loss 1.3312 val_mean_deg 68.70 val_median 41.19 val_root 0.639
ep 50 train_loss 1.0431 val_mean_deg 70.23 val_median 44.10 val_root 0.622
ep 55 train_loss 0.8556 val_mean_deg 67.84 val_median 39.72 val_root 0.635
ep 60 train_loss 0.7083 val_mean_deg 68.24 val_median 39.35 val_root 0.637
ep 65 train_loss 0.5947 val_mean_deg 67.84 val_median 37.94 val_root 0.633
ep 70 train_loss 0.5298 val_mean_deg 67.73 val_median 38.94 val_root 0.639
ep 75 train_loss 0.4806 val_mean_deg 68.19 val_median 38.28 val_root 0.635
ep 80 train_loss 0.4505 val_mean_deg 68.78 val_median 38.77 val_root 0.635
ep 85 train_loss 0.4245 val_mean_deg 68.37 val_median 38.42 val_root 0.635
ep 90 train_loss 0.4224 val_mean_deg 68.01 val_median 38.12 val_root 0.637
ep 95 train_loss 0.4023 val_mean_deg 68.13 val_median 38.59 val_root 0.637
ep 100 train_loss 0.4038 val_mean_deg 68.24 val_median 38.94 val_root 0.637
