ep 5 train_loss 9.8850 val_mean_deg 77.83 val_median 69.82 val_root 0.707
ep 10 train_loss 7.0892 val_mean_deg 57.15 val_median 39.12 val_root 0.791
ep 15 train_loss 4.9405 val_mean_deg 50.95 val_median 28.72 val_root 0.803
ep 20 train_loss 3.3225 val_mean_deg 49.62 val_median 27.16 val_root 0.804
ep 25 train_loss 2.1163 val_mean_deg 49.46 val_median 26.07 val_root 0.791
ep 30 train_loss 1.2461 val_mean_deg 48.36 val_median 25.40 val_root 0.791
ep 35 train_loss 0.7870 val_mean_deg 49.37 val_median 25.36 val_root 0.796
ep 40 train_loss 0.5258 val_mean_deg 48.25 val_median 25.24 val_root 0.791
ep 45 train_loss 0.3650 val_mean_deg 49.26 val_median 26.01 val_root 0.783
ep 50 train_loss 0.2629 val_mean_deg 48.37 val_median 24.39 val_root 0.786
ep 55 train_loss 0.2040 val_mean_deg 48.07 val_median 24.70 val_root 0.791
ep 60 train_loss 0.1566 val_mean_deg 48.20 val_median 24.48 val_root 0.789
ep 65 train_loss 0.1313 val_mean_deg 48.23 val_median 24.20 val_root 0.789
ep 70 train_loss 0.1082 val_mean_deg 47.68 val_median 24.00 val_root 0.791
ep 75 train_loss 0.0982 val_mean_deg 48.41 val_median 24.87 val_root 0.784
ep 80 train_loss 0.0913 val_mean_deg 47.97 val_median 24.21 val_root 0.790
ep 85 train_loss 0.0803 val_mean_deg 47.73 val_median 24.16 val_root 0.797
ep 90 train_loss 0.0792 val_mean_deg 47.50 val_median 24.32 val_root 0.795
ep 95 train_loss 0.0730 val_mean_deg 47.60 val_median 24.18 val_root 0.791
ep 100 train_loss 0.0714 val_mean_deg 47.64 val_median 24.21 val_root 0.790
