ep 5 train_loss 10.3511 val_mean_deg 90.99 val_median 86.05 val_root 0.609
ep 10 train_loss 8.0759 val_mean_deg 72.52 val_median 56.34 val_root 0.712
ep 15 train_loss 5.9061 val_mean_deg 58.66 val_median 35.25 val_root 0.750
ep 20 train_loss 4.0538 val_mean_deg 57.56 val_median 31.88 val_root 0.755
ep 25 train_loss 2.6799 val_mean_deg 56.10 val_median 30.24 val_root 0.761
ep 30 train_loss 1.6842 val_mean_deg 56.49 val_median 30.36 val_root 0.747
ep 35 train_loss 1.0940 val_mean_deg 56.57 val_median 29.84 val_root 0.745
ep 40 train_loss 0.7229 val_mean_deg 56.37 val_median 31.01 val_root 0.750
ep 45 train_loss 0.5162 val_mean_deg 55.73 val_median 29.53 val_root 0.754
ep 50 train_loss 0.3674 val_mean_deg 54.87 val_median 28.99 val_root 0.753
ep 55 train_loss 0.2805 val_mean_deg 55.64 val_median 29.35 val_root 0.752
ep 60 train_loss 0.2311 val_mean_deg 55.34 val_median 29.92 val_root 0.751
ep 65 train_loss 0.1797 val_mean_deg 54.33 val_median 28.65 val_root 0.757
ep 70 train_loss 0.1622 val_mean_deg 54.79 val_median 29.35 val_root 0.763
ep 75 train_loss 0.1349 val_mean_deg 54.73 val_median 29.01 val_root 0.759
ep 80 train_loss 0.1289 val_mean_deg 54.69 val_median 28.70 val_root 0.756
ep 85 train_loss 0.1166 val_mean_deg 54.31 val_median 28.82 val_root 0.759
ep 90 train_loss 0.1148 val_mean_deg 54.33 val_median 29.05 val_root 0.762
ep 95 train_loss 0.1128 val_mean_deg 54.50 val_median 28.82 val_root 0.763
ep 100 train_loss 0.1039 val_mean_deg 54.44 val_median 28.93 val_root 0.765
