ep 5 train_loss 5.3514 val_mean_deg 12.073 val_median 10.157 discrete_mean 12.073
ep 10 train_loss 3.9547 val_mean_deg 8.422 val_median 7.219 discrete_mean 8.422
ep 15 train_loss 3.3494 val_mean_deg 7.796 val_median 6.685 discrete_mean 7.796
ep 20 train_loss 2.9179 val_mean_deg 7.472 val_median 6.406 discrete_mean 7.472
ep 25 train_loss 2.5733 val_mean_deg 7.009 val_median 6.011 discrete_mean 7.009
ep 30 train_loss 2.2530 val_mean_deg 6.856 val_median 5.904 discrete_mean 6.856
ep 35 train_loss 1.9367 val_mean_deg 6.791 val_median 5.863 discrete_mean 6.791
ep 40 train_loss 1.6547 val_mean_deg 6.874 val_median 5.838 discrete_mean 6.874
ep 45 train_loss 1.3996 val_mean_deg 6.593 val_median 5.681 discrete_mean 6.593
ep 50 train_loss 1.1441 val_mean_deg 6.659 val_median 5.712 discrete_mean 6.659
ep 55 train_loss 0.9364 val_mean_deg 6.602 val_median 5.671 discrete_mean 6.602
ep 60 train_loss 0.7580 val_mean_deg 6.555 val_median 5.646 discrete_mean 6.555
ep 65 train_loss 0.6047 val_mean_deg 6.480 val_median 5.563 discrete_mean 6.480
ep 70 train_loss 0.4722 val_mean_deg 6.424 val_median 5.509 discrete_mean 6.424
ep 75 train_loss 0.3630 val_mean_deg 6.392 val_median 5.461 discrete_mean 6.392
ep 80 train_loss 0.2749 val_mean_deg 6.281 val_median 5.426 discrete_mean 6.281
ep 85 train_loss 0.2128 val_mean_deg 6.262 val_median 5.385 discrete_mean 6.262
ep 90 train_loss 0.1844 val_mean_deg 6.187 val_median 5.354 discrete_mean 6.187
ep 95 train_loss 0.1671 val_mean_deg 6.190 val_median 5.349 discrete_mean 6.190
ep 100 train_loss 0.1587 val_mean_deg 6.185 val_median 5.344 discrete_mean 6.185
