ep 5 train_loss 4.4075 val_mean_deg 89.06 val_median 90.83
ep 10 train_loss 0.2963 val_mean_deg 74.87 val_median 59.04
ep 15 train_loss 0.0514 val_mean_deg 73.15 val_median 47.19
ep 20 train_loss 0.0271 val_mean_deg 73.30 val_median 52.40
ep 25 train_loss 0.0467 val_mean_deg 73.54 val_median 47.24
ep 30 train_loss 0.0250 val_mean_deg 72.90 val_median 47.52
ep 35 train_loss 0.0304 val_mean_deg 71.71 val_median 47.44
ep 40 train_loss 0.0340 val_mean_deg 73.29 val_median 49.62
ep 45 train_loss 0.0096 val_mean_deg 73.29 val_median 48.92
ep 50 train_loss 0.0030 val_mean_deg 71.63 val_median 44.64
ep 55 train_loss 0.0012 val_mean_deg 70.94 val_median 44.30
ep 60 train_loss 0.0004 val_mean_deg 69.63 val_median 42.06
ep 65 train_loss 0.0003 val_mean_deg 69.91 val_median 42.44
ep 70 train_loss 0.0002 val_mean_deg 69.84 val_median 42.06
ep 75 train_loss 0.0002 val_mean_deg 69.92 val_median 42.35
ep 80 train_loss 0.0002 val_mean_deg 70.04 val_median 42.16
ep 85 train_loss 0.0002 val_mean_deg 70.01 val_median 42.35
ep 90 train_loss 0.0002 val_mean_deg 70.12 val_median 42.44
ep 95 train_loss 0.0002 val_mean_deg 70.12 val_median 42.44
ep 100 train_loss 0.0002 val_mean_deg 70.12 val_median 42.44
