ep 5 train_loss 10.1376 val_mean_deg 87.38 val_median 81.02 val_root 0.685
ep 10 train_loss 7.5714 val_mean_deg 66.08 val_median 47.71 val_root 0.737
ep 15 train_loss 5.3109 val_mean_deg 60.06 val_median 37.74 val_root 0.743
ep 20 train_loss 3.5339 val_mean_deg 58.53 val_median 33.77 val_root 0.744
ep 25 train_loss 2.1739 val_mean_deg 58.30 val_median 34.70 val_root 0.757
ep 30 train_loss 1.3228 val_mean_deg 56.46 val_median 32.96 val_root 0.762
ep 35 train_loss 0.8218 val_mean_deg 59.61 val_median 33.59 val_root 0.752
ep 40 train_loss 0.5595 val_mean_deg 56.67 val_median 33.29 val_root 0.755
ep 45 train_loss 0.4027 val_mean_deg 57.82 val_median 34.02 val_root 0.758
ep 50 train_loss 0.3100 val_mean_deg 57.58 val_median 32.01 val_root 0.760
ep 55 train_loss 0.2366 val_mean_deg 57.80 val_median 31.89 val_root 0.749
ep 60 train_loss 0.1926 val_mean_deg 57.49 val_median 32.71 val_root 0.755
ep 65 train_loss 0.1593 val_mean_deg 56.06 val_median 32.13 val_root 0.755
ep 70 train_loss 0.1372 val_mean_deg 56.99 val_median 32.49 val_root 0.751
ep 75 train_loss 0.1198 val_mean_deg 56.78 val_median 32.14 val_root 0.761
ep 80 train_loss 0.1100 val_mean_deg 55.89 val_median 31.63 val_root 0.762
ep 85 train_loss 0.0991 val_mean_deg 56.21 val_median 31.25 val_root 0.759
ep 90 train_loss 0.0979 val_mean_deg 55.72 val_median 30.57 val_root 0.765
ep 95 train_loss 0.0953 val_mean_deg 56.02 val_median 31.16 val_root 0.762
ep 100 train_loss 0.0926 val_mean_deg 55.93 val_median 31.16 val_root 0.764
