ep 5 train_loss 8.6108 val_mean_deg 57.33 val_median 44.29 val_root 0.842
ep 10 train_loss 5.8326 val_mean_deg 35.61 val_median 25.14 val_root 0.900
ep 15 train_loss 4.1043 val_mean_deg 32.48 val_median 20.65 val_root 0.907
ep 20 train_loss 2.7414 val_mean_deg 31.38 val_median 19.33 val_root 0.905
ep 25 train_loss 1.6488 val_mean_deg 31.13 val_median 19.54 val_root 0.903
ep 30 train_loss 0.8840 val_mean_deg 30.96 val_median 19.11 val_root 0.895
ep 35 train_loss 0.4441 val_mean_deg 28.59 val_median 17.63 val_root 0.901
ep 40 train_loss 0.2606 val_mean_deg 29.12 val_median 17.66 val_root 0.901
ep 45 train_loss 0.1609 val_mean_deg 29.41 val_median 18.12 val_root 0.899
ep 50 train_loss 0.0875 val_mean_deg 29.19 val_median 17.60 val_root 0.903
ep 55 train_loss 0.0563 val_mean_deg 29.82 val_median 18.10 val_root 0.900
ep 60 train_loss 0.0453 val_mean_deg 29.59 val_median 17.54 val_root 0.903
ep 65 train_loss 0.0327 val_mean_deg 29.20 val_median 17.31 val_root 0.904
ep 70 train_loss 0.0305 val_mean_deg 28.98 val_median 17.25 val_root 0.903
ep 75 train_loss 0.0245 val_mean_deg 28.79 val_median 17.32 val_root 0.906
ep 80 train_loss 0.0203 val_mean_deg 28.40 val_median 17.00 val_root 0.905
ep 85 train_loss 0.0200 val_mean_deg 28.33 val_median 17.05 val_root 0.906
ep 90 train_loss 0.0196 val_mean_deg 27.95 val_median 17.01 val_root 0.907
ep 95 train_loss 0.0194 val_mean_deg 28.16 val_median 16.89 val_root 0.907
ep 100 train_loss 0.0202 val_mean_deg 28.14 val_median 16.95 val_root 0.907
