ep 5 train_loss 11.0991 val_mean_deg 110.57 val_median 116.97 val_root 0.397
ep 10 train_loss 9.8092 val_mean_deg 87.67 val_median 83.02 val_root 0.529
ep 15 train_loss 8.0901 val_mean_deg 79.92 val_median 72.37 val_root 0.552
ep 20 train_loss 6.5874 val_mean_deg 74.95 val_median 54.13 val_root 0.586
ep 25 train_loss 5.2428 val_mean_deg 71.60 val_median 44.68 val_root 0.595
ep 30 train_loss 4.1423 val_mean_deg 71.59 val_median 42.48 val_root 0.596
ep 35 train_loss 3.3168 val_mean_deg 69.76 val_median 38.89 val_root 0.611
ep 40 train_loss 2.6747 val_mean_deg 69.44 val_median 37.70 val_root 0.605
ep 45 train_loss 2.1814 val_mean_deg 68.29 val_median 36.08 val_root 0.615
ep 50 train_loss 1.8466 val_mean_deg 67.45 val_median 36.72 val_root 0.622
ep 55 train_loss 1.4916 val_mean_deg 67.01 val_median 35.57 val_root 0.627
ep 60 train_loss 1.3090 val_mean_deg 67.14 val_median 35.91 val_root 0.623
ep 65 train_loss 1.1544 val_mean_deg 66.72 val_median 35.48 val_root 0.626
ep 70 train_loss 1.0309 val_mean_deg 67.46 val_median 36.93 val_root 0.621
ep 75 train_loss 0.9579 val_mean_deg 67.96 val_median 37.43 val_root 0.619
ep 80 train_loss 0.9038 val_mean_deg 66.96 val_median 33.81 val_root 0.621
ep 85 train_loss 0.8641 val_mean_deg 67.14 val_median 34.90 val_root 0.622
ep 90 train_loss 0.8321 val_mean_deg 66.91 val_median 34.83 val_root 0.623
ep 95 train_loss 0.8312 val_mean_deg 67.22 val_median 34.83 val_root 0.623
ep 100 train_loss 0.8158 val_mean_deg 67.10 val_median 34.78 val_root 0.622
