ep 5 train_loss 3.7766 val_mean_deg 83.11 val_median 79.95
ep 10 train_loss 0.2861 val_mean_deg 71.22 val_median 40.00
ep 15 train_loss 0.0499 val_mean_deg 69.50 val_median 39.96
ep 20 train_loss 0.0255 val_mean_deg 70.96 val_median 39.80
ep 25 train_loss 0.0433 val_mean_deg 70.62 val_median 41.55
ep 30 train_loss 0.0555 val_mean_deg 71.77 val_median 41.81
ep 35 train_loss 0.0330 val_mean_deg 70.58 val_median 40.29
ep 40 train_loss 0.0300 val_mean_deg 70.65 val_median 42.17
ep 45 train_loss 0.0119 val_mean_deg 69.45 val_median 39.27
ep 50 train_loss 0.0009 val_mean_deg 67.69 val_median 36.22
ep 55 train_loss 0.0003 val_mean_deg 67.07 val_median 35.99
ep 60 train_loss 0.0002 val_mean_deg 66.61 val_median 35.70
ep 65 train_loss 0.0002 val_mean_deg 66.25 val_median 35.23
ep 70 train_loss 0.0002 val_mean_deg 65.76 val_median 34.34
ep 75 train_loss 0.0002 val_mean_deg 65.72 val_median 34.36
ep 80 train_loss 0.0002 val_mean_deg 65.76 val_median 34.70
ep 85 train_loss 0.0002 val_mean_deg 65.86 val_median 34.70
ep 90 train_loss 0.0002 val_mean_deg 65.87 val_median 34.50
ep 95 train_loss 0.0002 val_mean_deg 65.91 val_median 34.50
ep 100 train_loss 0.0002 val_mean_deg 65.91 val_median 34.50
