ep 5 train_loss 8.5964 val_mean_deg 55.746 val_median 22.961 discrete_mean 55.746
ep 10 train_loss 6.9319 val_mean_deg 35.205 val_median 10.927 discrete_mean 35.205
ep 15 train_loss 6.3463 val_mean_deg 30.486 val_median 9.439 discrete_mean 30.486
ep 20 train_loss 5.9933 val_mean_deg 26.018 val_median 8.078 discrete_mean 26.018
ep 25 train_loss 5.7624 val_mean_deg 23.807 val_median 7.692 discrete_mean 23.807
ep 30 train_loss 5.5627 val_mean_deg 23.012 val_median 7.458 discrete_mean 23.012
ep 35 train_loss 5.4015 val_mean_deg 21.148 val_median 7.040 discrete_mean 21.148
ep 40 train_loss 5.2482 val_mean_deg 20.442 val_median 6.814 discrete_mean 20.442
ep 45 train_loss 5.1117 val_mean_deg 19.903 val_median 6.660 discrete_mean 19.903
ep 50 train_loss 4.9809 val_mean_deg 19.133 val_median 6.651 discrete_mean 19.133
ep 55 train_loss 4.8647 val_mean_deg 18.234 val_median 6.381 discrete_mean 18.234
ep 60 train_loss 4.7495 val_mean_deg 18.237 val_median 6.243 discrete_mean 18.237
ep 65 train_loss 4.6508 val_mean_deg 17.971 val_median 6.133 discrete_mean 17.971
ep 70 train_loss 4.5583 val_mean_deg 17.586 val_median 6.056 discrete_mean 17.586
ep 75 train_loss 4.4814 val_mean_deg 17.258 val_median 6.056 discrete_mean 17.258
ep 80 train_loss 4.4157 val_mean_deg 17.052 val_median 5.944 discrete_mean 17.052
ep 85 train_loss 4.3644 val_mean_deg 16.813 val_median 5.889 discrete_mean 16.813
ep 90 train_loss 4.3309 val_mean_deg 16.962 val_median 5.850 discrete_mean 16.962
ep 95 train_loss 4.3161 val_mean_deg 16.982 val_median 5.825 discrete_mean 16.982
ep 100 train_loss 4.3086 val_mean_deg 16.886 val_median 5.826 discrete_mean 16.886
