ep 5 train_loss 5.2168 val_mean_deg 85.28 val_median 84.10
ep 10 train_loss 0.6604 val_mean_deg 56.10 val_median 18.13
ep 15 train_loss 0.1904 val_mean_deg 53.05 val_median 16.95
ep 20 train_loss 0.0838 val_mean_deg 51.67 val_median 17.04
ep 25 train_loss 0.0511 val_mean_deg 52.34 val_median 16.99
ep 30 train_loss 0.0414 val_mean_deg 50.77 val_median 16.51
ep 35 train_loss 0.0298 val_mean_deg 51.35 val_median 16.48
ep 40 train_loss 0.0217 val_mean_deg 51.59 val_median 16.51
ep 45 train_loss 0.0093 val_mean_deg 51.58 val_median 16.39
ep 50 train_loss 0.0095 val_mean_deg 51.58 val_median 16.42
ep 55 train_loss 0.0066 val_mean_deg 50.80 val_median 16.57
ep 60 train_loss 0.0081 val_mean_deg 50.96 val_median 16.47
ep 65 train_loss 0.0028 val_mean_deg 51.15 val_median 16.42
ep 70 train_loss 0.0022 val_mean_deg 50.50 val_median 16.37
ep 75 train_loss 0.0021 val_mean_deg 50.46 val_median 16.39
ep 80 train_loss 0.0020 val_mean_deg 50.47 val_median 16.19
ep 85 train_loss 0.0019 val_mean_deg 50.58 val_median 16.26
ep 90 train_loss 0.0017 val_mean_deg 50.75 val_median 16.19
ep 95 train_loss 0.0020 val_mean_deg 50.80 val_median 16.26
ep 100 train_loss 0.0018 val_mean_deg 50.80 val_median 16.26
