ep 5 train_loss 10.9200 val_mean_deg 100.44 val_median 98.90 val_root 0.521
ep 10 train_loss 9.4274 val_mean_deg 82.38 val_median 71.95 val_root 0.599
ep 15 train_loss 7.6062 val_mean_deg 77.37 val_median 62.27 val_root 0.600
ep 20 train_loss 5.8538 val_mean_deg 73.57 val_median 50.45 val_root 0.623
ep 25 train_loss 4.4239 val_mean_deg 70.91 val_median 45.87 val_root 0.635
ep 30 train_loss 3.2550 val_mean_deg 69.20 val_median 40.44 val_root 0.638
ep 35 train_loss 2.3956 val_mean_deg 68.67 val_median 39.42 val_root 0.643
ep 40 train_loss 1.7722 val_mean_deg 69.93 val_median 42.36 val_root 0.637
ep 45 train_loss 1.4031 val_mean_deg 68.24 val_median 42.05 val_root 0.643
ep 50 train_loss 1.0754 val_mean_deg 67.87 val_median 39.85 val_root 0.651
ep 55 train_loss 0.8632 val_mean_deg 67.75 val_median 40.34 val_root 0.646
ep 60 train_loss 0.7216 val_mean_deg 68.30 val_median 39.89 val_root 0.654
ep 65 train_loss 0.6383 val_mean_deg 67.68 val_median 38.18 val_root 0.648
ep 70 train_loss 0.5532 val_mean_deg 66.66 val_median 36.81 val_root 0.653
ep 75 train_loss 0.4998 val_mean_deg 66.93 val_median 38.92 val_root 0.656
ep 80 train_loss 0.4591 val_mean_deg 67.15 val_median 37.36 val_root 0.654
ep 85 train_loss 0.4407 val_mean_deg 66.78 val_median 38.67 val_root 0.657
ep 90 train_loss 0.4103 val_mean_deg 66.51 val_median 37.15 val_root 0.657
ep 95 train_loss 0.4164 val_mean_deg 66.28 val_median 37.54 val_root 0.660
ep 100 train_loss 0.4135 val_mean_deg 66.32 val_median 37.33 val_root 0.660
