ep 5 train_loss 8.5973 val_mean_deg 57.093 val_median 23.779 discrete_mean 57.093
ep 10 train_loss 6.9116 val_mean_deg 35.622 val_median 11.608 discrete_mean 35.622
ep 15 train_loss 6.3275 val_mean_deg 29.523 val_median 9.151 discrete_mean 29.523
ep 20 train_loss 5.9778 val_mean_deg 24.876 val_median 8.053 discrete_mean 24.876
ep 25 train_loss 5.7308 val_mean_deg 22.496 val_median 7.592 discrete_mean 22.496
ep 30 train_loss 5.5426 val_mean_deg 22.008 val_median 7.246 discrete_mean 22.008
ep 35 train_loss 5.3753 val_mean_deg 20.816 val_median 7.053 discrete_mean 20.816
ep 40 train_loss 5.2303 val_mean_deg 19.561 val_median 6.747 discrete_mean 19.561
ep 45 train_loss 5.0876 val_mean_deg 19.147 val_median 6.731 discrete_mean 19.147
ep 50 train_loss 4.9541 val_mean_deg 18.420 val_median 6.435 discrete_mean 18.420
ep 55 train_loss 4.8358 val_mean_deg 18.093 val_median 6.363 discrete_mean 18.093
ep 60 train_loss 4.7203 val_mean_deg 17.785 val_median 6.194 discrete_mean 17.785
ep 65 train_loss 4.6192 val_mean_deg 17.333 val_median 6.103 discrete_mean 17.333
ep 70 train_loss 4.5311 val_mean_deg 16.939 val_median 6.123 discrete_mean 16.939
ep 75 train_loss 4.4462 val_mean_deg 17.031 val_median 6.007 discrete_mean 17.031
ep 80 train_loss 4.3866 val_mean_deg 17.116 val_median 5.963 discrete_mean 17.116
ep 85 train_loss 4.3358 val_mean_deg 16.760 val_median 5.899 discrete_mean 16.760
ep 90 train_loss 4.3067 val_mean_deg 16.639 val_median 5.870 discrete_mean 16.639
ep 95 train_loss 4.2899 val_mean_deg 16.649 val_median 5.890 discrete_mean 16.649
ep 100 train_loss 4.2796 val_mean_deg 16.633 val_median 5.879 discrete_mean 16.633
