ep 5 train_loss 9.9082 val_mean_deg 79.12 val_median 69.13 val_root 0.713
ep 10 train_loss 7.0956 val_mean_deg 57.44 val_median 38.46 val_root 0.772
ep 15 train_loss 4.8523 val_mean_deg 51.96 val_median 30.60 val_root 0.789
ep 20 train_loss 3.1397 val_mean_deg 49.30 val_median 28.71 val_root 0.793
ep 25 train_loss 1.9371 val_mean_deg 50.12 val_median 28.40 val_root 0.790
ep 30 train_loss 1.1419 val_mean_deg 48.74 val_median 26.74 val_root 0.801
ep 35 train_loss 0.7199 val_mean_deg 48.90 val_median 26.52 val_root 0.800
ep 40 train_loss 0.4817 val_mean_deg 48.55 val_median 26.43 val_root 0.793
ep 45 train_loss 0.3509 val_mean_deg 47.38 val_median 25.47 val_root 0.809
ep 50 train_loss 0.2386 val_mean_deg 47.24 val_median 24.73 val_root 0.802
ep 55 train_loss 0.1954 val_mean_deg 47.66 val_median 25.14 val_root 0.805
ep 60 train_loss 0.1495 val_mean_deg 47.97 val_median 26.02 val_root 0.803
ep 65 train_loss 0.1246 val_mean_deg 48.69 val_median 25.45 val_root 0.793
ep 70 train_loss 0.1102 val_mean_deg 47.00 val_median 24.91 val_root 0.808
ep 75 train_loss 0.0947 val_mean_deg 46.67 val_median 24.95 val_root 0.805
ep 80 train_loss 0.0851 val_mean_deg 46.76 val_median 24.91 val_root 0.807
ep 85 train_loss 0.0789 val_mean_deg 46.63 val_median 24.70 val_root 0.809
ep 90 train_loss 0.0705 val_mean_deg 46.88 val_median 24.99 val_root 0.810
ep 95 train_loss 0.0734 val_mean_deg 47.18 val_median 25.06 val_root 0.809
ep 100 train_loss 0.0732 val_mean_deg 47.17 val_median 25.06 val_root 0.808
