ep 5 train_loss 6.2689 val_mean_deg 93.83 val_median 98.64
ep 10 train_loss 1.0192 val_mean_deg 58.00 val_median 19.04
ep 15 train_loss 0.2593 val_mean_deg 56.17 val_median 18.05
ep 20 train_loss 0.1055 val_mean_deg 55.08 val_median 17.73
ep 25 train_loss 0.0797 val_mean_deg 54.60 val_median 17.27
ep 30 train_loss 0.0440 val_mean_deg 54.00 val_median 17.32
ep 35 train_loss 0.0372 val_mean_deg 53.35 val_median 17.27
ep 40 train_loss 0.0227 val_mean_deg 53.87 val_median 17.27
ep 45 train_loss 0.0208 val_mean_deg 53.91 val_median 17.33
ep 50 train_loss 0.0148 val_mean_deg 52.90 val_median 16.76
ep 55 train_loss 0.0067 val_mean_deg 53.41 val_median 17.25
ep 60 train_loss 0.0056 val_mean_deg 53.60 val_median 17.20
ep 65 train_loss 0.0043 val_mean_deg 53.34 val_median 17.01
ep 70 train_loss 0.0032 val_mean_deg 52.72 val_median 17.01
ep 75 train_loss 0.0032 val_mean_deg 52.23 val_median 16.87
ep 80 train_loss 0.0029 val_mean_deg 52.91 val_median 16.96
ep 85 train_loss 0.0025 val_mean_deg 52.81 val_median 16.89
ep 90 train_loss 0.0026 val_mean_deg 53.05 val_median 17.02
ep 95 train_loss 0.0024 val_mean_deg 52.93 val_median 17.01
ep 100 train_loss 0.0021 val_mean_deg 52.92 val_median 16.96
