ep 5 train_loss 4.4165 val_mean_deg 89.10 val_median 94.04
ep 10 train_loss 0.2820 val_mean_deg 74.75 val_median 52.51
ep 15 train_loss 0.0455 val_mean_deg 74.34 val_median 48.93
ep 20 train_loss 0.0136 val_mean_deg 73.30 val_median 43.41
ep 25 train_loss 0.0026 val_mean_deg 71.82 val_median 41.96
ep 30 train_loss 0.0020 val_mean_deg 72.06 val_median 42.89
ep 35 train_loss 0.0167 val_mean_deg 71.14 val_median 41.00
ep 40 train_loss 0.0154 val_mean_deg 71.95 val_median 41.66
ep 45 train_loss 0.0149 val_mean_deg 73.14 val_median 44.85
ep 50 train_loss 0.0059 val_mean_deg 71.95 val_median 43.66
ep 55 train_loss 0.0006 val_mean_deg 71.20 val_median 39.08
ep 60 train_loss 0.0010 val_mean_deg 70.66 val_median 38.52
ep 65 train_loss 0.0004 val_mean_deg 70.38 val_median 37.94
ep 70 train_loss 0.0003 val_mean_deg 70.40 val_median 38.32
ep 75 train_loss 0.0003 val_mean_deg 70.19 val_median 38.14
ep 80 train_loss 0.0003 val_mean_deg 70.48 val_median 38.14
ep 85 train_loss 0.0003 val_mean_deg 70.30 val_median 38.14
ep 90 train_loss 0.0003 val_mean_deg 70.36 val_median 38.14
ep 95 train_loss 0.0003 val_mean_deg 70.21 val_median 38.06
ep 100 train_loss 0.0003 val_mean_deg 70.21 val_median 38.06
