ep 5 train_loss 11.0110 val_mean_deg 107.89 val_median 112.02 val_root 0.459
ep 10 train_loss 9.5353 val_mean_deg 88.05 val_median 85.16 val_root 0.548
ep 15 train_loss 7.8573 val_mean_deg 77.88 val_median 61.67 val_root 0.582
ep 20 train_loss 6.3275 val_mean_deg 72.10 val_median 47.96 val_root 0.613
ep 25 train_loss 5.0638 val_mean_deg 73.13 val_median 52.68 val_root 0.612
ep 30 train_loss 4.0803 val_mean_deg 69.45 val_median 43.25 val_root 0.633
ep 35 train_loss 3.3117 val_mean_deg 69.83 val_median 42.82 val_root 0.629
ep 40 train_loss 2.6965 val_mean_deg 69.18 val_median 41.98 val_root 0.632
ep 45 train_loss 2.2973 val_mean_deg 68.03 val_median 38.86 val_root 0.629
ep 50 train_loss 1.9793 val_mean_deg 68.14 val_median 42.29 val_root 0.639
ep 55 train_loss 1.6907 val_mean_deg 68.67 val_median 41.14 val_root 0.632
ep 60 train_loss 1.5242 val_mean_deg 67.49 val_median 38.17 val_root 0.635
ep 65 train_loss 1.3509 val_mean_deg 67.36 val_median 38.66 val_root 0.641
ep 70 train_loss 1.2536 val_mean_deg 66.95 val_median 36.75 val_root 0.643
ep 75 train_loss 1.1741 val_mean_deg 67.88 val_median 39.13 val_root 0.638
ep 80 train_loss 1.1038 val_mean_deg 67.54 val_median 38.11 val_root 0.640
ep 85 train_loss 1.0732 val_mean_deg 67.11 val_median 37.28 val_root 0.641
ep 90 train_loss 1.0561 val_mean_deg 67.18 val_median 36.76 val_root 0.643
ep 95 train_loss 1.0444 val_mean_deg 67.26 val_median 36.74 val_root 0.640
ep 100 train_loss 1.0179 val_mean_deg 67.21 val_median 37.55 val_root 0.640
