ep 5 train_loss 10.0848 val_mean_deg 79.02 val_median 72.57 val_root 0.759
ep 10 train_loss 8.0624 val_mean_deg 60.19 val_median 41.71 val_root 0.801
ep 15 train_loss 6.1163 val_mean_deg 51.29 val_median 29.26 val_root 0.808
ep 20 train_loss 4.5292 val_mean_deg 48.51 val_median 25.59 val_root 0.811
ep 25 train_loss 3.2786 val_mean_deg 46.90 val_median 23.86 val_root 0.818
ep 30 train_loss 2.2853 val_mean_deg 48.12 val_median 23.56 val_root 0.807
ep 35 train_loss 1.6157 val_mean_deg 47.28 val_median 23.31 val_root 0.811
ep 40 train_loss 1.1657 val_mean_deg 47.03 val_median 23.09 val_root 0.810
ep 45 train_loss 0.8616 val_mean_deg 47.62 val_median 23.11 val_root 0.813
ep 50 train_loss 0.6802 val_mean_deg 47.01 val_median 23.32 val_root 0.819
ep 55 train_loss 0.5497 val_mean_deg 48.62 val_median 23.65 val_root 0.811
ep 60 train_loss 0.4565 val_mean_deg 47.57 val_median 23.28 val_root 0.809
ep 65 train_loss 0.3746 val_mean_deg 48.68 val_median 23.87 val_root 0.808
ep 70 train_loss 0.3317 val_mean_deg 46.90 val_median 23.01 val_root 0.808
ep 75 train_loss 0.2964 val_mean_deg 47.40 val_median 23.57 val_root 0.805
ep 80 train_loss 0.2696 val_mean_deg 47.49 val_median 23.41 val_root 0.806
ep 85 train_loss 0.2595 val_mean_deg 46.50 val_median 23.18 val_root 0.811
ep 90 train_loss 0.2492 val_mean_deg 46.72 val_median 23.57 val_root 0.813
ep 95 train_loss 0.2452 val_mean_deg 47.62 val_median 23.68 val_root 0.808
ep 100 train_loss 0.2379 val_mean_deg 47.49 val_median 23.63 val_root 0.810
