ep 5 train_loss 8.6264 val_mean_deg 57.873 val_median 24.256 discrete_mean 57.873
ep 10 train_loss 6.9759 val_mean_deg 38.089 val_median 12.271 discrete_mean 38.089
ep 15 train_loss 6.3561 val_mean_deg 30.134 val_median 9.129 discrete_mean 30.134
ep 20 train_loss 6.0005 val_mean_deg 26.327 val_median 8.267 discrete_mean 26.327
ep 25 train_loss 5.7458 val_mean_deg 23.922 val_median 7.568 discrete_mean 23.922
ep 30 train_loss 5.5489 val_mean_deg 22.293 val_median 7.222 discrete_mean 22.293
ep 35 train_loss 5.3809 val_mean_deg 21.553 val_median 7.071 discrete_mean 21.553
ep 40 train_loss 5.2332 val_mean_deg 20.727 val_median 6.993 discrete_mean 20.727
ep 45 train_loss 5.0977 val_mean_deg 19.976 val_median 6.714 discrete_mean 19.976
ep 50 train_loss 4.9619 val_mean_deg 19.239 val_median 6.558 discrete_mean 19.239
ep 55 train_loss 4.8449 val_mean_deg 18.934 val_median 6.429 discrete_mean 18.934
ep 60 train_loss 4.7230 val_mean_deg 18.085 val_median 6.237 discrete_mean 18.085
ep 65 train_loss 4.6195 val_mean_deg 17.889 val_median 6.172 discrete_mean 17.889
ep 70 train_loss 4.5255 val_mean_deg 17.414 val_median 6.048 discrete_mean 17.414
ep 75 train_loss 4.4518 val_mean_deg 17.457 val_median 6.061 discrete_mean 17.457
ep 80 train_loss 4.3889 val_mean_deg 16.915 val_median 5.950 discrete_mean 16.915
ep 85 train_loss 4.3343 val_mean_deg 16.989 val_median 5.921 discrete_mean 16.989
ep 90 train_loss 4.3057 val_mean_deg 16.718 val_median 5.891 discrete_mean 16.718
ep 95 train_loss 4.2860 val_mean_deg 16.695 val_median 5.884 discrete_mean 16.695
ep 100 train_loss 4.2746 val_mean_deg 16.726 val_median 5.873 discrete_mean 16.726
