ep 5 train_loss 8.0738 val_mean_deg 62.150 val_median 27.438 discrete_mean 62.150
ep 10 train_loss 5.9763 val_mean_deg 38.828 val_median 11.494 discrete_mean 38.828
ep 15 train_loss 5.1468 val_mean_deg 29.758 val_median 8.886 discrete_mean 29.758
ep 20 train_loss 4.6543 val_mean_deg 26.355 val_median 8.107 discrete_mean 26.355
ep 25 train_loss 4.2758 val_mean_deg 24.464 val_median 7.601 discrete_mean 24.464
ep 30 train_loss 3.9958 val_mean_deg 22.836 val_median 7.258 discrete_mean 22.836
ep 35 train_loss 3.7123 val_mean_deg 22.374 val_median 6.943 discrete_mean 22.374
ep 40 train_loss 3.4645 val_mean_deg 21.057 val_median 6.923 discrete_mean 21.057
ep 45 train_loss 3.2242 val_mean_deg 20.362 val_median 6.754 discrete_mean 20.362
ep 50 train_loss 2.9847 val_mean_deg 20.073 val_median 6.559 discrete_mean 20.073
ep 55 train_loss 2.7417 val_mean_deg 20.100 val_median 6.499 discrete_mean 20.100
ep 60 train_loss 2.5207 val_mean_deg 19.866 val_median 6.436 discrete_mean 19.866
ep 65 train_loss 2.2819 val_mean_deg 19.411 val_median 6.369 discrete_mean 19.411
ep 70 train_loss 2.0802 val_mean_deg 18.909 val_median 6.363 discrete_mean 18.909
ep 75 train_loss 1.9089 val_mean_deg 18.584 val_median 6.284 discrete_mean 18.584
ep 80 train_loss 1.7556 val_mean_deg 18.450 val_median 6.216 discrete_mean 18.450
ep 85 train_loss 1.6420 val_mean_deg 18.120 val_median 6.166 discrete_mean 18.120
ep 90 train_loss 1.5744 val_mean_deg 18.195 val_median 6.147 discrete_mean 18.195
ep 95 train_loss 1.5346 val_mean_deg 18.003 val_median 6.117 discrete_mean 18.003
ep 100 train_loss 1.5170 val_mean_deg 18.009 val_median 6.117 discrete_mean 18.009
