ep 5 train_loss 10.3453 val_mean_deg 93.58 val_median 89.76 val_root 0.648
ep 10 train_loss 8.0210 val_mean_deg 65.11 val_median 47.76 val_root 0.771
ep 15 train_loss 5.8740 val_mean_deg 57.30 val_median 34.65 val_root 0.768
ep 20 train_loss 4.0189 val_mean_deg 52.59 val_median 29.49 val_root 0.798
ep 25 train_loss 2.5760 val_mean_deg 51.61 val_median 28.15 val_root 0.799
ep 30 train_loss 1.5741 val_mean_deg 51.03 val_median 27.67 val_root 0.799
ep 35 train_loss 0.9427 val_mean_deg 50.32 val_median 27.47 val_root 0.803
ep 40 train_loss 0.6052 val_mean_deg 51.47 val_median 27.58 val_root 0.796
ep 45 train_loss 0.3857 val_mean_deg 50.15 val_median 26.50 val_root 0.801
ep 50 train_loss 0.2911 val_mean_deg 49.79 val_median 26.80 val_root 0.802
ep 55 train_loss 0.2084 val_mean_deg 49.40 val_median 25.43 val_root 0.806
ep 60 train_loss 0.1578 val_mean_deg 50.30 val_median 27.23 val_root 0.801
ep 65 train_loss 0.1293 val_mean_deg 49.11 val_median 25.90 val_root 0.805
ep 70 train_loss 0.1128 val_mean_deg 48.55 val_median 25.94 val_root 0.810
ep 75 train_loss 0.0980 val_mean_deg 48.65 val_median 25.34 val_root 0.802
ep 80 train_loss 0.0840 val_mean_deg 48.78 val_median 24.80 val_root 0.802
ep 85 train_loss 0.0767 val_mean_deg 48.57 val_median 24.95 val_root 0.806
ep 90 train_loss 0.0790 val_mean_deg 48.19 val_median 25.33 val_root 0.809
ep 95 train_loss 0.0720 val_mean_deg 48.59 val_median 25.15 val_root 0.807
ep 100 train_loss 0.0735 val_mean_deg 48.53 val_median 25.15 val_root 0.807
