ep 5 train_loss 10.1751 val_mean_deg 85.57 val_median 80.75 val_root 0.698
ep 10 train_loss 7.8782 val_mean_deg 67.40 val_median 49.60 val_root 0.770
ep 15 train_loss 5.5957 val_mean_deg 59.07 val_median 36.04 val_root 0.801
ep 20 train_loss 3.9267 val_mean_deg 55.21 val_median 29.47 val_root 0.798
ep 25 train_loss 2.6146 val_mean_deg 53.89 val_median 27.67 val_root 0.812
ep 30 train_loss 1.6529 val_mean_deg 53.24 val_median 27.34 val_root 0.801
ep 35 train_loss 1.0843 val_mean_deg 53.60 val_median 27.84 val_root 0.801
ep 40 train_loss 0.7531 val_mean_deg 54.25 val_median 27.61 val_root 0.805
ep 45 train_loss 0.5135 val_mean_deg 53.55 val_median 26.29 val_root 0.807
ep 50 train_loss 0.3899 val_mean_deg 53.42 val_median 26.94 val_root 0.804
ep 55 train_loss 0.2964 val_mean_deg 54.15 val_median 26.72 val_root 0.797
ep 60 train_loss 0.2285 val_mean_deg 52.71 val_median 26.61 val_root 0.801
ep 65 train_loss 0.1848 val_mean_deg 53.60 val_median 26.23 val_root 0.807
ep 70 train_loss 0.1632 val_mean_deg 53.16 val_median 25.11 val_root 0.803
ep 75 train_loss 0.1467 val_mean_deg 52.08 val_median 24.39 val_root 0.811
ep 80 train_loss 0.1330 val_mean_deg 52.50 val_median 24.91 val_root 0.805
ep 85 train_loss 0.1247 val_mean_deg 52.85 val_median 25.66 val_root 0.805
ep 90 train_loss 0.1230 val_mean_deg 53.05 val_median 26.27 val_root 0.803
ep 95 train_loss 0.1102 val_mean_deg 53.09 val_median 25.61 val_root 0.804
ep 100 train_loss 0.1113 val_mean_deg 53.26 val_median 25.70 val_root 0.804
