ep 5 train_loss 9.9517 val_mean_deg 80.85 val_median 74.57 val_root 0.704
ep 10 train_loss 7.4824 val_mean_deg 59.12 val_median 41.61 val_root 0.780
ep 15 train_loss 5.4306 val_mean_deg 47.14 val_median 27.55 val_root 0.805
ep 20 train_loss 3.8113 val_mean_deg 44.76 val_median 25.48 val_root 0.828
ep 25 train_loss 2.5841 val_mean_deg 41.93 val_median 22.40 val_root 0.823
ep 30 train_loss 1.6259 val_mean_deg 42.17 val_median 23.19 val_root 0.832
ep 35 train_loss 1.0119 val_mean_deg 41.71 val_median 21.98 val_root 0.833
ep 40 train_loss 0.5785 val_mean_deg 41.74 val_median 21.08 val_root 0.829
ep 45 train_loss 0.3221 val_mean_deg 40.90 val_median 21.13 val_root 0.828
ep 50 train_loss 0.1990 val_mean_deg 40.76 val_median 22.05 val_root 0.830
ep 55 train_loss 0.1342 val_mean_deg 40.51 val_median 21.33 val_root 0.835
ep 60 train_loss 0.1068 val_mean_deg 39.82 val_median 21.39 val_root 0.835
ep 65 train_loss 0.0787 val_mean_deg 39.59 val_median 21.26 val_root 0.835
ep 70 train_loss 0.0636 val_mean_deg 40.27 val_median 21.48 val_root 0.833
ep 75 train_loss 0.0521 val_mean_deg 39.89 val_median 20.93 val_root 0.837
ep 80 train_loss 0.0455 val_mean_deg 39.61 val_median 20.99 val_root 0.834
ep 85 train_loss 0.0445 val_mean_deg 39.93 val_median 21.26 val_root 0.837
ep 90 train_loss 0.0407 val_mean_deg 39.58 val_median 21.03 val_root 0.836
ep 95 train_loss 0.0432 val_mean_deg 39.88 val_median 21.32 val_root 0.835
ep 100 train_loss 0.0411 val_mean_deg 39.68 val_median 21.32 val_root 0.836
