ep 5 train_loss 6.6854 val_mean_deg 15.508 val_median 11.000 discrete_mean 15.509
ep 10 train_loss 4.7871 val_mean_deg 9.194 val_median 7.084 discrete_mean 9.196
ep 15 train_loss 4.1162 val_mean_deg 8.025 val_median 6.445 discrete_mean 8.024
ep 20 train_loss 3.6434 val_mean_deg 7.424 val_median 6.093 discrete_mean 7.424
ep 25 train_loss 3.2618 val_mean_deg 7.298 val_median 5.953 discrete_mean 7.301
ep 30 train_loss 2.9240 val_mean_deg 7.133 val_median 5.790 discrete_mean 7.134
ep 35 train_loss 2.6228 val_mean_deg 7.121 val_median 5.751 discrete_mean 7.121
ep 40 train_loss 2.3770 val_mean_deg 6.969 val_median 5.629 discrete_mean 6.968
ep 45 train_loss 2.1611 val_mean_deg 6.879 val_median 5.591 discrete_mean 6.878
ep 50 train_loss 1.9622 val_mean_deg 6.998 val_median 5.566 discrete_mean 6.998
ep 55 train_loss 1.7824 val_mean_deg 6.885 val_median 5.549 discrete_mean 6.885
ep 60 train_loss 1.6471 val_mean_deg 6.720 val_median 5.465 discrete_mean 6.719
ep 65 train_loss 1.5396 val_mean_deg 6.716 val_median 5.467 discrete_mean 6.716
ep 70 train_loss 1.4334 val_mean_deg 6.722 val_median 5.406 discrete_mean 6.726
ep 75 train_loss 1.3394 val_mean_deg 6.775 val_median 5.398 discrete_mean 6.782
ep 80 train_loss 1.2430 val_mean_deg 6.733 val_median 5.387 discrete_mean 6.745
ep 85 train_loss 1.1690 val_mean_deg 6.670 val_median 5.378 discrete_mean 6.682
ep 90 train_loss 1.1219 val_mean_deg 6.622 val_median 5.370 discrete_mean 6.634
ep 95 train_loss 1.1003 val_mean_deg 6.625 val_median 5.361 discrete_mean 6.637
ep 100 train_loss 1.0939 val_mean_deg 6.623 val_median 5.353 discrete_mean 6.635
