ep 5 train_loss 9.1303 val_mean_deg 59.06 val_median 45.82 val_root 0.839
ep 10 train_loss 6.4753 val_mean_deg 39.96 val_median 26.13 val_root 0.855
ep 15 train_loss 4.6769 val_mean_deg 33.38 val_median 20.21 val_root 0.871
ep 20 train_loss 3.3374 val_mean_deg 30.52 val_median 18.78 val_root 0.877
ep 25 train_loss 2.3210 val_mean_deg 30.76 val_median 17.86 val_root 0.890
ep 30 train_loss 1.4320 val_mean_deg 31.16 val_median 18.15 val_root 0.883
ep 35 train_loss 0.8998 val_mean_deg 30.04 val_median 17.58 val_root 0.887
ep 40 train_loss 0.5347 val_mean_deg 30.88 val_median 17.02 val_root 0.872
ep 45 train_loss 0.3827 val_mean_deg 30.02 val_median 16.99 val_root 0.888
ep 50 train_loss 0.2640 val_mean_deg 30.08 val_median 17.13 val_root 0.877
ep 55 train_loss 0.1876 val_mean_deg 30.06 val_median 16.67 val_root 0.889
ep 60 train_loss 0.1356 val_mean_deg 29.50 val_median 16.85 val_root 0.883
ep 65 train_loss 0.1090 val_mean_deg 29.26 val_median 16.36 val_root 0.889
ep 70 train_loss 0.0895 val_mean_deg 29.48 val_median 16.58 val_root 0.891
ep 75 train_loss 0.0767 val_mean_deg 29.53 val_median 16.66 val_root 0.893
ep 80 train_loss 0.0737 val_mean_deg 29.86 val_median 16.70 val_root 0.892
ep 85 train_loss 0.0644 val_mean_deg 29.78 val_median 16.75 val_root 0.891
ep 90 train_loss 0.0626 val_mean_deg 29.57 val_median 16.65 val_root 0.888
ep 95 train_loss 0.0605 val_mean_deg 29.38 val_median 16.57 val_root 0.889
ep 100 train_loss 0.0604 val_mean_deg 29.40 val_median 16.60 val_root 0.889
