ep 5 train_loss 2.7989 val_mean_deg 68.14 val_median 37.25
ep 10 train_loss 0.3033 val_mean_deg 56.56 val_median 24.73
ep 15 train_loss 0.0729 val_mean_deg 55.16 val_median 24.26
ep 20 train_loss 0.0556 val_mean_deg 56.55 val_median 24.35
ep 25 train_loss 0.0474 val_mean_deg 55.27 val_median 24.40
ep 30 train_loss 0.0583 val_mean_deg 55.09 val_median 24.37
ep 35 train_loss 0.0661 val_mean_deg 57.99 val_median 25.18
ep 40 train_loss 0.0263 val_mean_deg 55.74 val_median 24.32
ep 45 train_loss 0.0048 val_mean_deg 54.05 val_median 23.46
ep 50 train_loss 0.0005 val_mean_deg 53.30 val_median 22.96
ep 55 train_loss 0.0003 val_mean_deg 53.45 val_median 22.95
ep 60 train_loss 0.0003 val_mean_deg 52.96 val_median 22.76
ep 65 train_loss 0.0003 val_mean_deg 53.07 val_median 22.73
ep 70 train_loss 0.0003 val_mean_deg 52.85 val_median 22.30
ep 75 train_loss 0.0003 val_mean_deg 53.05 val_median 22.33
ep 80 train_loss 0.0002 val_mean_deg 52.93 val_median 22.30
ep 85 train_loss 0.0002 val_mean_deg 53.02 val_median 22.33
ep 90 train_loss 0.0002 val_mean_deg 52.97 val_median 22.33
ep 95 train_loss 0.0002 val_mean_deg 52.94 val_median 22.30
ep 100 train_loss 0.0002 val_mean_deg 52.94 val_median 22.30
