ep 5 train_loss 9.9859 val_mean_deg 81.64 val_median 74.60 val_root 0.710
ep 10 train_loss 7.3334 val_mean_deg 59.25 val_median 39.86 val_root 0.801
ep 15 train_loss 5.2313 val_mean_deg 50.87 val_median 29.22 val_root 0.814
ep 20 train_loss 3.6464 val_mean_deg 48.45 val_median 25.89 val_root 0.823
ep 25 train_loss 2.3332 val_mean_deg 48.42 val_median 24.74 val_root 0.809
ep 30 train_loss 1.4756 val_mean_deg 48.55 val_median 24.53 val_root 0.813
ep 35 train_loss 0.9559 val_mean_deg 48.18 val_median 24.40 val_root 0.815
ep 40 train_loss 0.6315 val_mean_deg 49.64 val_median 24.82 val_root 0.817
ep 45 train_loss 0.4195 val_mean_deg 47.39 val_median 23.28 val_root 0.823
ep 50 train_loss 0.3344 val_mean_deg 46.67 val_median 23.31 val_root 0.819
ep 55 train_loss 0.2543 val_mean_deg 47.73 val_median 23.35 val_root 0.818
ep 60 train_loss 0.1944 val_mean_deg 46.32 val_median 23.47 val_root 0.825
ep 65 train_loss 0.1591 val_mean_deg 47.55 val_median 23.30 val_root 0.820
ep 70 train_loss 0.1372 val_mean_deg 46.31 val_median 22.93 val_root 0.827
ep 75 train_loss 0.1241 val_mean_deg 46.33 val_median 23.03 val_root 0.823
ep 80 train_loss 0.1115 val_mean_deg 46.08 val_median 22.71 val_root 0.821
ep 85 train_loss 0.0983 val_mean_deg 45.88 val_median 22.83 val_root 0.828
ep 90 train_loss 0.0958 val_mean_deg 46.61 val_median 23.05 val_root 0.825
ep 95 train_loss 0.0926 val_mean_deg 46.45 val_median 23.05 val_root 0.826
ep 100 train_loss 0.0920 val_mean_deg 46.36 val_median 23.05 val_root 0.828
