ep 5 train_loss 9.9820 val_mean_deg 80.22 val_median 72.77 val_root 0.727
ep 10 train_loss 7.2591 val_mean_deg 57.45 val_median 36.84 val_root 0.801
ep 15 train_loss 5.1750 val_mean_deg 50.07 val_median 27.16 val_root 0.815
ep 20 train_loss 3.5237 val_mean_deg 48.23 val_median 24.62 val_root 0.816
ep 25 train_loss 2.3457 val_mean_deg 48.87 val_median 25.35 val_root 0.819
ep 30 train_loss 1.4958 val_mean_deg 45.37 val_median 22.22 val_root 0.819
ep 35 train_loss 0.9703 val_mean_deg 47.39 val_median 23.09 val_root 0.819
ep 40 train_loss 0.6446 val_mean_deg 45.97 val_median 22.40 val_root 0.819
ep 45 train_loss 0.4507 val_mean_deg 45.46 val_median 22.04 val_root 0.819
ep 50 train_loss 0.3362 val_mean_deg 46.23 val_median 22.49 val_root 0.818
ep 55 train_loss 0.2420 val_mean_deg 46.02 val_median 22.82 val_root 0.814
ep 60 train_loss 0.2011 val_mean_deg 46.21 val_median 22.14 val_root 0.815
ep 65 train_loss 0.1595 val_mean_deg 45.73 val_median 22.06 val_root 0.819
ep 70 train_loss 0.1373 val_mean_deg 44.70 val_median 21.69 val_root 0.826
ep 75 train_loss 0.1202 val_mean_deg 44.83 val_median 21.88 val_root 0.823
ep 80 train_loss 0.1080 val_mean_deg 44.41 val_median 21.59 val_root 0.823
ep 85 train_loss 0.1016 val_mean_deg 45.62 val_median 21.93 val_root 0.820
ep 90 train_loss 0.0923 val_mean_deg 45.00 val_median 21.78 val_root 0.823
ep 95 train_loss 0.0952 val_mean_deg 45.18 val_median 21.66 val_root 0.818
ep 100 train_loss 0.0941 val_mean_deg 45.22 val_median 21.66 val_root 0.819
