ep 5 train_loss 10.5012 val_mean_deg 89.87 val_median 87.42 val_root 0.657
ep 10 train_loss 8.6187 val_mean_deg 71.06 val_median 56.18 val_root 0.731
ep 15 train_loss 6.8351 val_mean_deg 59.38 val_median 39.33 val_root 0.757
ep 20 train_loss 5.2369 val_mean_deg 54.42 val_median 32.12 val_root 0.787
ep 25 train_loss 3.8472 val_mean_deg 52.73 val_median 29.69 val_root 0.798
ep 30 train_loss 2.5763 val_mean_deg 51.46 val_median 28.26 val_root 0.800
ep 35 train_loss 1.5690 val_mean_deg 51.88 val_median 29.41 val_root 0.795
ep 40 train_loss 0.9657 val_mean_deg 51.66 val_median 29.32 val_root 0.793
ep 45 train_loss 0.5245 val_mean_deg 50.31 val_median 28.21 val_root 0.798
ep 50 train_loss 0.2947 val_mean_deg 49.80 val_median 26.77 val_root 0.809
ep 55 train_loss 0.1875 val_mean_deg 49.86 val_median 27.93 val_root 0.801
ep 60 train_loss 0.1342 val_mean_deg 50.50 val_median 27.62 val_root 0.805
ep 65 train_loss 0.1028 val_mean_deg 50.34 val_median 27.48 val_root 0.796
ep 70 train_loss 0.0803 val_mean_deg 49.29 val_median 27.22 val_root 0.803
ep 75 train_loss 0.0697 val_mean_deg 49.03 val_median 26.91 val_root 0.805
ep 80 train_loss 0.0595 val_mean_deg 49.06 val_median 26.61 val_root 0.805
ep 85 train_loss 0.0581 val_mean_deg 49.65 val_median 26.72 val_root 0.801
ep 90 train_loss 0.0514 val_mean_deg 49.31 val_median 26.30 val_root 0.803
ep 95 train_loss 0.0497 val_mean_deg 49.46 val_median 26.30 val_root 0.800
ep 100 train_loss 0.0519 val_mean_deg 49.31 val_median 26.33 val_root 0.801
