ep 5 train_loss 9.7211 val_mean_deg 74.79 val_median 68.23 val_root 0.741
ep 10 train_loss 7.3338 val_mean_deg 50.40 val_median 34.85 val_root 0.827
ep 15 train_loss 5.3155 val_mean_deg 43.46 val_median 25.96 val_root 0.836
ep 20 train_loss 3.6844 val_mean_deg 41.53 val_median 23.27 val_root 0.839
ep 25 train_loss 2.5309 val_mean_deg 40.38 val_median 22.40 val_root 0.833
ep 30 train_loss 1.6187 val_mean_deg 40.56 val_median 22.65 val_root 0.849
ep 35 train_loss 1.0633 val_mean_deg 38.51 val_median 21.26 val_root 0.849
ep 40 train_loss 0.6732 val_mean_deg 39.35 val_median 21.55 val_root 0.847
ep 45 train_loss 0.4789 val_mean_deg 38.83 val_median 21.27 val_root 0.843
ep 50 train_loss 0.3403 val_mean_deg 37.65 val_median 20.54 val_root 0.855
ep 55 train_loss 0.2566 val_mean_deg 38.85 val_median 21.36 val_root 0.851
ep 60 train_loss 0.2122 val_mean_deg 37.62 val_median 20.85 val_root 0.853
ep 65 train_loss 0.1631 val_mean_deg 39.48 val_median 21.42 val_root 0.853
ep 70 train_loss 0.1468 val_mean_deg 38.17 val_median 21.08 val_root 0.853
ep 75 train_loss 0.1252 val_mean_deg 38.15 val_median 20.90 val_root 0.848
ep 80 train_loss 0.1135 val_mean_deg 37.52 val_median 20.92 val_root 0.851
ep 85 train_loss 0.1090 val_mean_deg 37.55 val_median 21.05 val_root 0.853
ep 90 train_loss 0.1054 val_mean_deg 37.95 val_median 20.98 val_root 0.851
ep 95 train_loss 0.0990 val_mean_deg 38.02 val_median 21.05 val_root 0.850
ep 100 train_loss 0.0918 val_mean_deg 38.00 val_median 21.19 val_root 0.851
