ep 5 train_loss 8.0350 val_mean_deg 62.985 val_median 26.824 discrete_mean 62.985
ep 10 train_loss 5.9487 val_mean_deg 39.122 val_median 11.642 discrete_mean 39.122
ep 15 train_loss 5.1252 val_mean_deg 30.486 val_median 9.274 discrete_mean 30.486
ep 20 train_loss 4.6170 val_mean_deg 27.798 val_median 8.213 discrete_mean 27.798
ep 25 train_loss 4.2715 val_mean_deg 24.590 val_median 7.534 discrete_mean 24.590
ep 30 train_loss 3.9647 val_mean_deg 23.640 val_median 7.442 discrete_mean 23.640
ep 35 train_loss 3.6960 val_mean_deg 22.092 val_median 7.182 discrete_mean 22.092
ep 40 train_loss 3.4399 val_mean_deg 21.545 val_median 6.870 discrete_mean 21.545
ep 45 train_loss 3.1911 val_mean_deg 20.991 val_median 6.861 discrete_mean 20.991
ep 50 train_loss 2.9407 val_mean_deg 20.239 val_median 6.673 discrete_mean 20.239
ep 55 train_loss 2.7135 val_mean_deg 20.155 val_median 6.595 discrete_mean 20.155
ep 60 train_loss 2.4647 val_mean_deg 19.541 val_median 6.482 discrete_mean 19.541
ep 65 train_loss 2.2540 val_mean_deg 19.226 val_median 6.522 discrete_mean 19.226
ep 70 train_loss 2.0486 val_mean_deg 18.971 val_median 6.321 discrete_mean 18.971
ep 75 train_loss 1.8575 val_mean_deg 19.035 val_median 6.301 discrete_mean 19.035
ep 80 train_loss 1.7101 val_mean_deg 18.664 val_median 6.287 discrete_mean 18.664
ep 85 train_loss 1.5825 val_mean_deg 18.721 val_median 6.231 discrete_mean 18.721
ep 90 train_loss 1.5014 val_mean_deg 18.645 val_median 6.231 discrete_mean 18.645
ep 95 train_loss 1.4578 val_mean_deg 18.691 val_median 6.206 discrete_mean 18.691
ep 100 train_loss 1.4434 val_mean_deg 18.591 val_median 6.210 discrete_mean 18.591
