ep 5 train_loss 9.1710 val_mean_deg 61.92 val_median 47.51 val_root 0.826
ep 10 train_loss 6.4590 val_mean_deg 38.13 val_median 24.19 val_root 0.857
ep 15 train_loss 4.6413 val_mean_deg 30.18 val_median 19.10 val_root 0.883
ep 20 train_loss 3.2991 val_mean_deg 29.95 val_median 17.22 val_root 0.890
ep 25 train_loss 2.2019 val_mean_deg 30.13 val_median 17.09 val_root 0.877
ep 30 train_loss 1.3795 val_mean_deg 29.10 val_median 17.03 val_root 0.879
ep 35 train_loss 0.8692 val_mean_deg 30.44 val_median 17.29 val_root 0.875
ep 40 train_loss 0.5597 val_mean_deg 28.35 val_median 16.09 val_root 0.890
ep 45 train_loss 0.3867 val_mean_deg 28.30 val_median 16.21 val_root 0.887
ep 50 train_loss 0.2644 val_mean_deg 27.47 val_median 16.16 val_root 0.887
ep 55 train_loss 0.1849 val_mean_deg 27.91 val_median 15.81 val_root 0.898
ep 60 train_loss 0.1484 val_mean_deg 28.41 val_median 15.86 val_root 0.893
ep 65 train_loss 0.1138 val_mean_deg 28.05 val_median 16.15 val_root 0.893
ep 70 train_loss 0.0915 val_mean_deg 28.16 val_median 16.00 val_root 0.895
ep 75 train_loss 0.0831 val_mean_deg 28.24 val_median 16.07 val_root 0.893
ep 80 train_loss 0.0761 val_mean_deg 27.91 val_median 15.84 val_root 0.898
ep 85 train_loss 0.0635 val_mean_deg 27.98 val_median 15.80 val_root 0.895
ep 90 train_loss 0.0658 val_mean_deg 27.86 val_median 15.83 val_root 0.897
ep 95 train_loss 0.0613 val_mean_deg 27.97 val_median 15.93 val_root 0.897
ep 100 train_loss 0.0630 val_mean_deg 27.97 val_median 15.88 val_root 0.898
