ep 5 train_loss 10.6386 val_mean_deg 97.93 val_median 96.44 val_root 0.551
ep 10 train_loss 8.4362 val_mean_deg 78.95 val_median 67.43 val_root 0.607
ep 15 train_loss 6.2683 val_mean_deg 69.58 val_median 44.94 val_root 0.662
ep 20 train_loss 4.4385 val_mean_deg 67.01 val_median 38.09 val_root 0.661
ep 25 train_loss 3.0568 val_mean_deg 65.37 val_median 38.65 val_root 0.670
ep 30 train_loss 2.1015 val_mean_deg 65.80 val_median 37.39 val_root 0.666
ep 35 train_loss 1.4387 val_mean_deg 64.54 val_median 35.33 val_root 0.677
ep 40 train_loss 1.0847 val_mean_deg 64.23 val_median 37.79 val_root 0.669
ep 45 train_loss 0.7831 val_mean_deg 64.56 val_median 36.15 val_root 0.672
ep 50 train_loss 0.6284 val_mean_deg 63.82 val_median 35.20 val_root 0.679
ep 55 train_loss 0.5185 val_mean_deg 63.08 val_median 34.52 val_root 0.679
ep 60 train_loss 0.3965 val_mean_deg 63.11 val_median 32.75 val_root 0.686
ep 65 train_loss 0.3383 val_mean_deg 63.90 val_median 33.88 val_root 0.677
ep 70 train_loss 0.3056 val_mean_deg 63.32 val_median 33.59 val_root 0.683
ep 75 train_loss 0.2729 val_mean_deg 62.21 val_median 32.68 val_root 0.684
ep 80 train_loss 0.2538 val_mean_deg 62.55 val_median 32.93 val_root 0.685
ep 85 train_loss 0.2440 val_mean_deg 62.24 val_median 32.71 val_root 0.681
ep 90 train_loss 0.2271 val_mean_deg 62.30 val_median 32.36 val_root 0.681
ep 95 train_loss 0.2199 val_mean_deg 62.63 val_median 33.41 val_root 0.682
ep 100 train_loss 0.2193 val_mean_deg 62.50 val_median 33.09 val_root 0.683
