ep 5 train_loss 10.0401 val_mean_deg 83.53 val_median 77.45 val_root 0.726
ep 10 train_loss 7.8425 val_mean_deg 65.01 val_median 46.80 val_root 0.776
ep 15 train_loss 5.6845 val_mean_deg 59.10 val_median 34.13 val_root 0.794
ep 20 train_loss 4.0400 val_mean_deg 55.61 val_median 30.48 val_root 0.805
ep 25 train_loss 2.8110 val_mean_deg 55.06 val_median 29.61 val_root 0.800
ep 30 train_loss 1.9428 val_mean_deg 54.42 val_median 27.96 val_root 0.801
ep 35 train_loss 1.2736 val_mean_deg 52.84 val_median 26.79 val_root 0.811
ep 40 train_loss 0.8928 val_mean_deg 53.99 val_median 27.58 val_root 0.792
ep 45 train_loss 0.6947 val_mean_deg 54.14 val_median 26.81 val_root 0.794
ep 50 train_loss 0.5162 val_mean_deg 53.46 val_median 26.58 val_root 0.798
ep 55 train_loss 0.4058 val_mean_deg 53.48 val_median 26.60 val_root 0.799
ep 60 train_loss 0.3387 val_mean_deg 54.06 val_median 26.45 val_root 0.794
ep 65 train_loss 0.2914 val_mean_deg 53.17 val_median 25.94 val_root 0.798
ep 70 train_loss 0.2440 val_mean_deg 52.66 val_median 26.07 val_root 0.798
ep 75 train_loss 0.2157 val_mean_deg 52.31 val_median 26.29 val_root 0.804
ep 80 train_loss 0.2059 val_mean_deg 52.77 val_median 25.29 val_root 0.797
ep 85 train_loss 0.1817 val_mean_deg 53.58 val_median 25.75 val_root 0.795
ep 90 train_loss 0.1821 val_mean_deg 52.88 val_median 25.58 val_root 0.797
ep 95 train_loss 0.1715 val_mean_deg 52.79 val_median 25.41 val_root 0.796
ep 100 train_loss 0.1764 val_mean_deg 52.84 val_median 25.40 val_root 0.797
