ep 5 train_loss 8.5098 val_mean_deg 53.20 val_median 39.19 val_root 0.843
ep 10 train_loss 5.7792 val_mean_deg 38.39 val_median 25.96 val_root 0.886
ep 15 train_loss 4.0444 val_mean_deg 34.31 val_median 22.38 val_root 0.891
ep 20 train_loss 2.6374 val_mean_deg 32.43 val_median 19.48 val_root 0.891
ep 25 train_loss 1.5727 val_mean_deg 33.20 val_median 19.96 val_root 0.886
ep 30 train_loss 0.8562 val_mean_deg 32.18 val_median 19.90 val_root 0.883
ep 35 train_loss 0.4252 val_mean_deg 31.57 val_median 19.04 val_root 0.892
ep 40 train_loss 0.2344 val_mean_deg 31.18 val_median 19.40 val_root 0.893
ep 45 train_loss 0.1613 val_mean_deg 30.91 val_median 18.87 val_root 0.889
ep 50 train_loss 0.0916 val_mean_deg 30.78 val_median 18.57 val_root 0.895
ep 55 train_loss 0.0709 val_mean_deg 30.09 val_median 18.62 val_root 0.894
ep 60 train_loss 0.0468 val_mean_deg 30.42 val_median 18.23 val_root 0.895
ep 65 train_loss 0.0376 val_mean_deg 30.15 val_median 18.22 val_root 0.895
ep 70 train_loss 0.0294 val_mean_deg 30.32 val_median 18.32 val_root 0.893
ep 75 train_loss 0.0265 val_mean_deg 30.26 val_median 18.29 val_root 0.893
ep 80 train_loss 0.0254 val_mean_deg 30.27 val_median 18.35 val_root 0.893
ep 85 train_loss 0.0230 val_mean_deg 30.43 val_median 18.38 val_root 0.892
ep 90 train_loss 0.0222 val_mean_deg 30.33 val_median 18.28 val_root 0.893
ep 95 train_loss 0.0203 val_mean_deg 30.21 val_median 18.25 val_root 0.893
ep 100 train_loss 0.0201 val_mean_deg 30.09 val_median 18.27 val_root 0.893
