ep 5 train_loss 10.0564 val_mean_deg 83.58 val_median 77.82 val_root 0.719
ep 10 train_loss 7.7815 val_mean_deg 64.63 val_median 46.62 val_root 0.785
ep 15 train_loss 5.7190 val_mean_deg 55.59 val_median 33.34 val_root 0.789
ep 20 train_loss 4.0147 val_mean_deg 55.02 val_median 29.53 val_root 0.806
ep 25 train_loss 2.7116 val_mean_deg 53.19 val_median 29.08 val_root 0.802
ep 30 train_loss 1.8334 val_mean_deg 54.97 val_median 29.33 val_root 0.810
ep 35 train_loss 1.2734 val_mean_deg 54.12 val_median 28.05 val_root 0.797
ep 40 train_loss 0.9182 val_mean_deg 54.09 val_median 27.89 val_root 0.808
ep 45 train_loss 0.6548 val_mean_deg 54.42 val_median 27.49 val_root 0.809
ep 50 train_loss 0.4875 val_mean_deg 53.16 val_median 27.03 val_root 0.802
ep 55 train_loss 0.3845 val_mean_deg 53.20 val_median 26.57 val_root 0.813
ep 60 train_loss 0.3253 val_mean_deg 53.03 val_median 26.39 val_root 0.805
ep 65 train_loss 0.2759 val_mean_deg 53.33 val_median 26.97 val_root 0.803
ep 70 train_loss 0.2344 val_mean_deg 53.39 val_median 27.38 val_root 0.804
ep 75 train_loss 0.2055 val_mean_deg 52.53 val_median 26.81 val_root 0.813
ep 80 train_loss 0.1903 val_mean_deg 53.77 val_median 27.05 val_root 0.805
ep 85 train_loss 0.1760 val_mean_deg 52.54 val_median 26.00 val_root 0.805
ep 90 train_loss 0.1636 val_mean_deg 53.27 val_median 26.50 val_root 0.806
ep 95 train_loss 0.1667 val_mean_deg 53.09 val_median 26.68 val_root 0.807
ep 100 train_loss 0.1590 val_mean_deg 52.93 val_median 26.50 val_root 0.808
