ep 5 train_loss 11.1250 val_mean_deg 109.68 val_median 113.46 val_root 0.407
ep 10 train_loss 9.8392 val_mean_deg 94.72 val_median 93.86 val_root 0.481
ep 15 train_loss 8.2368 val_mean_deg 80.31 val_median 71.37 val_root 0.537
ep 20 train_loss 6.6977 val_mean_deg 75.42 val_median 57.62 val_root 0.563
ep 25 train_loss 5.4475 val_mean_deg 73.21 val_median 53.27 val_root 0.580
ep 30 train_loss 4.4490 val_mean_deg 72.69 val_median 50.77 val_root 0.576
ep 35 train_loss 3.7096 val_mean_deg 70.03 val_median 45.36 val_root 0.581
ep 40 train_loss 3.0609 val_mean_deg 72.02 val_median 49.68 val_root 0.581
ep 45 train_loss 2.6268 val_mean_deg 67.76 val_median 42.31 val_root 0.598
ep 50 train_loss 2.2398 val_mean_deg 68.07 val_median 42.07 val_root 0.598
ep 55 train_loss 1.9612 val_mean_deg 67.99 val_median 42.62 val_root 0.597
ep 60 train_loss 1.7636 val_mean_deg 68.22 val_median 42.75 val_root 0.596
ep 65 train_loss 1.5709 val_mean_deg 67.28 val_median 40.07 val_root 0.603
ep 70 train_loss 1.4519 val_mean_deg 66.72 val_median 39.76 val_root 0.603
ep 75 train_loss 1.3534 val_mean_deg 66.93 val_median 41.09 val_root 0.597
ep 80 train_loss 1.3001 val_mean_deg 66.18 val_median 40.09 val_root 0.608
ep 85 train_loss 1.2476 val_mean_deg 66.05 val_median 40.07 val_root 0.609
ep 90 train_loss 1.2018 val_mean_deg 65.63 val_median 40.03 val_root 0.612
ep 95 train_loss 1.1948 val_mean_deg 65.79 val_median 39.18 val_root 0.613
ep 100 train_loss 1.1922 val_mean_deg 65.75 val_median 39.39 val_root 0.613
