ep 5 train_loss 8.5746 val_mean_deg 53.90 val_median 41.26 val_root 0.848
ep 10 train_loss 5.7980 val_mean_deg 36.54 val_median 25.40 val_root 0.886
ep 15 train_loss 3.9173 val_mean_deg 33.73 val_median 21.87 val_root 0.899
ep 20 train_loss 2.5922 val_mean_deg 32.51 val_median 20.16 val_root 0.893
ep 25 train_loss 1.4983 val_mean_deg 31.32 val_median 19.41 val_root 0.895
ep 30 train_loss 0.7512 val_mean_deg 31.67 val_median 19.69 val_root 0.890
ep 35 train_loss 0.4017 val_mean_deg 31.83 val_median 18.71 val_root 0.887
ep 40 train_loss 0.2407 val_mean_deg 30.59 val_median 18.78 val_root 0.893
ep 45 train_loss 0.1643 val_mean_deg 30.55 val_median 18.55 val_root 0.883
ep 50 train_loss 0.1067 val_mean_deg 30.53 val_median 17.93 val_root 0.893
ep 55 train_loss 0.0619 val_mean_deg 30.50 val_median 18.52 val_root 0.892
ep 60 train_loss 0.0440 val_mean_deg 30.74 val_median 17.94 val_root 0.887
ep 65 train_loss 0.0327 val_mean_deg 30.22 val_median 18.00 val_root 0.891
ep 70 train_loss 0.0305 val_mean_deg 29.86 val_median 18.11 val_root 0.891
ep 75 train_loss 0.0250 val_mean_deg 29.64 val_median 17.85 val_root 0.891
ep 80 train_loss 0.0230 val_mean_deg 29.47 val_median 17.79 val_root 0.891
ep 85 train_loss 0.0212 val_mean_deg 29.59 val_median 17.76 val_root 0.892
ep 90 train_loss 0.0210 val_mean_deg 29.58 val_median 17.67 val_root 0.894
ep 95 train_loss 0.0196 val_mean_deg 29.45 val_median 17.63 val_root 0.893
ep 100 train_loss 0.0196 val_mean_deg 29.48 val_median 17.65 val_root 0.893
