ep 5 train_loss 10.6081 val_mean_deg 95.78 val_median 93.79 val_root 0.567
ep 10 train_loss 8.3816 val_mean_deg 77.97 val_median 62.47 val_root 0.619
ep 15 train_loss 6.3157 val_mean_deg 68.51 val_median 45.10 val_root 0.665
ep 20 train_loss 4.5324 val_mean_deg 66.28 val_median 38.67 val_root 0.669
ep 25 train_loss 3.1190 val_mean_deg 65.06 val_median 35.82 val_root 0.673
ep 30 train_loss 2.1655 val_mean_deg 64.66 val_median 36.98 val_root 0.669
ep 35 train_loss 1.4902 val_mean_deg 65.03 val_median 36.37 val_root 0.675
ep 40 train_loss 1.1044 val_mean_deg 63.57 val_median 34.02 val_root 0.681
ep 45 train_loss 0.8332 val_mean_deg 63.29 val_median 34.71 val_root 0.683
ep 50 train_loss 0.6337 val_mean_deg 62.81 val_median 33.10 val_root 0.685
ep 55 train_loss 0.4997 val_mean_deg 63.01 val_median 34.71 val_root 0.676
ep 60 train_loss 0.4246 val_mean_deg 63.08 val_median 32.45 val_root 0.681
ep 65 train_loss 0.3624 val_mean_deg 63.29 val_median 33.21 val_root 0.683
ep 70 train_loss 0.3101 val_mean_deg 62.81 val_median 32.99 val_root 0.677
ep 75 train_loss 0.2764 val_mean_deg 62.69 val_median 32.37 val_root 0.683
ep 80 train_loss 0.2597 val_mean_deg 62.25 val_median 31.93 val_root 0.683
ep 85 train_loss 0.2489 val_mean_deg 62.29 val_median 32.08 val_root 0.681
ep 90 train_loss 0.2262 val_mean_deg 62.54 val_median 33.45 val_root 0.683
ep 95 train_loss 0.2282 val_mean_deg 62.06 val_median 32.25 val_root 0.685
ep 100 train_loss 0.2346 val_mean_deg 62.13 val_median 32.25 val_root 0.683
