ep 5 train_loss 6.3667 val_mean_deg 11.615 val_median 10.230 discrete_mean 11.615
ep 10 train_loss 5.3383 val_mean_deg 8.131 val_median 7.302 discrete_mean 8.131
ep 15 train_loss 4.9550 val_mean_deg 7.174 val_median 6.437 discrete_mean 7.174
ep 20 train_loss 4.7093 val_mean_deg 7.143 val_median 6.453 discrete_mean 7.143
ep 25 train_loss 4.5219 val_mean_deg 6.577 val_median 5.906 discrete_mean 6.577
ep 30 train_loss 4.3746 val_mean_deg 6.425 val_median 5.727 discrete_mean 6.425
ep 35 train_loss 4.2518 val_mean_deg 6.047 val_median 5.414 discrete_mean 6.047
ep 40 train_loss 4.1450 val_mean_deg 5.948 val_median 5.354 discrete_mean 5.948
ep 45 train_loss 4.0564 val_mean_deg 6.008 val_median 5.311 discrete_mean 6.008
ep 50 train_loss 3.9664 val_mean_deg 5.874 val_median 5.233 discrete_mean 5.874
ep 55 train_loss 3.8920 val_mean_deg 5.703 val_median 5.104 discrete_mean 5.703
ep 60 train_loss 3.8252 val_mean_deg 5.602 val_median 5.026 discrete_mean 5.602
ep 65 train_loss 3.7680 val_mean_deg 5.624 val_median 5.012 discrete_mean 5.624
ep 70 train_loss 3.7210 val_mean_deg 5.487 val_median 4.885 discrete_mean 5.487
ep 75 train_loss 3.6818 val_mean_deg 5.444 val_median 4.869 discrete_mean 5.444
ep 80 train_loss 3.6498 val_mean_deg 5.389 val_median 4.821 discrete_mean 5.389
ep 85 train_loss 3.6274 val_mean_deg 5.377 val_median 4.796 discrete_mean 5.377
ep 90 train_loss 3.6112 val_mean_deg 5.332 val_median 4.786 discrete_mean 5.332
ep 95 train_loss 3.6028 val_mean_deg 5.339 val_median 4.775 discrete_mean 5.339
ep 100 train_loss 3.5999 val_mean_deg 5.340 val_median 4.782 discrete_mean 5.340
