ep 5 train_loss 9.6572 val_mean_deg 77.10 val_median 69.83 val_root 0.731
ep 10 train_loss 7.0280 val_mean_deg 62.87 val_median 46.06 val_root 0.767
ep 15 train_loss 4.6848 val_mean_deg 58.02 val_median 39.54 val_root 0.791
ep 20 train_loss 2.9079 val_mean_deg 56.55 val_median 36.58 val_root 0.789
ep 25 train_loss 1.5822 val_mean_deg 56.57 val_median 35.54 val_root 0.796
ep 30 train_loss 0.8924 val_mean_deg 54.88 val_median 34.82 val_root 0.793
ep 35 train_loss 0.4945 val_mean_deg 55.25 val_median 33.55 val_root 0.792
ep 40 train_loss 0.3217 val_mean_deg 54.98 val_median 34.72 val_root 0.787
ep 45 train_loss 0.2128 val_mean_deg 54.35 val_median 34.12 val_root 0.787
ep 50 train_loss 0.1596 val_mean_deg 54.64 val_median 34.93 val_root 0.784
ep 55 train_loss 0.1100 val_mean_deg 54.24 val_median 34.04 val_root 0.791
ep 60 train_loss 0.0931 val_mean_deg 53.48 val_median 32.29 val_root 0.793
ep 65 train_loss 0.0714 val_mean_deg 54.19 val_median 33.80 val_root 0.789
ep 70 train_loss 0.0704 val_mean_deg 54.53 val_median 33.85 val_root 0.794
ep 75 train_loss 0.0504 val_mean_deg 53.94 val_median 32.13 val_root 0.791
ep 80 train_loss 0.0471 val_mean_deg 52.88 val_median 32.44 val_root 0.785
ep 85 train_loss 0.0449 val_mean_deg 53.76 val_median 32.69 val_root 0.790
ep 90 train_loss 0.0396 val_mean_deg 53.34 val_median 33.34 val_root 0.789
ep 95 train_loss 0.0390 val_mean_deg 52.95 val_median 33.02 val_root 0.793
ep 100 train_loss 0.0360 val_mean_deg 52.99 val_median 33.02 val_root 0.794
