ep 5 train_loss 10.3614 val_mean_deg 92.33 val_median 88.26 val_root 0.609
ep 10 train_loss 8.1093 val_mean_deg 70.65 val_median 52.57 val_root 0.709
ep 15 train_loss 5.8909 val_mean_deg 61.44 val_median 37.55 val_root 0.738
ep 20 train_loss 4.1239 val_mean_deg 56.78 val_median 33.02 val_root 0.747
ep 25 train_loss 2.6736 val_mean_deg 56.59 val_median 32.22 val_root 0.762
ep 30 train_loss 1.7093 val_mean_deg 55.83 val_median 31.07 val_root 0.756
ep 35 train_loss 1.0876 val_mean_deg 55.91 val_median 30.70 val_root 0.752
ep 40 train_loss 0.7376 val_mean_deg 54.91 val_median 30.74 val_root 0.757
ep 45 train_loss 0.5349 val_mean_deg 55.46 val_median 30.32 val_root 0.757
ep 50 train_loss 0.3820 val_mean_deg 54.74 val_median 30.48 val_root 0.759
ep 55 train_loss 0.2861 val_mean_deg 55.62 val_median 30.85 val_root 0.755
ep 60 train_loss 0.2405 val_mean_deg 55.56 val_median 30.30 val_root 0.761
ep 65 train_loss 0.1990 val_mean_deg 54.57 val_median 30.10 val_root 0.763
ep 70 train_loss 0.1663 val_mean_deg 53.99 val_median 29.31 val_root 0.759
ep 75 train_loss 0.1430 val_mean_deg 53.98 val_median 29.32 val_root 0.761
ep 80 train_loss 0.1264 val_mean_deg 54.08 val_median 29.68 val_root 0.759
ep 85 train_loss 0.1212 val_mean_deg 53.73 val_median 29.47 val_root 0.763
ep 90 train_loss 0.1096 val_mean_deg 53.90 val_median 29.08 val_root 0.764
ep 95 train_loss 0.1090 val_mean_deg 53.74 val_median 29.01 val_root 0.762
ep 100 train_loss 0.1139 val_mean_deg 53.69 val_median 29.01 val_root 0.763
