ep 5 train_loss 2.7519 val_mean_deg 68.47 val_median 36.57
ep 10 train_loss 0.2730 val_mean_deg 54.62 val_median 24.11
ep 15 train_loss 0.0935 val_mean_deg 54.08 val_median 23.52
ep 20 train_loss 0.0558 val_mean_deg 55.07 val_median 23.26
ep 25 train_loss 0.0292 val_mean_deg 53.67 val_median 23.13
ep 30 train_loss 0.0392 val_mean_deg 55.76 val_median 24.32
ep 35 train_loss 0.0155 val_mean_deg 53.54 val_median 22.92
ep 40 train_loss 0.0074 val_mean_deg 52.86 val_median 22.75
ep 45 train_loss 0.0090 val_mean_deg 52.48 val_median 22.05
ep 50 train_loss 0.0006 val_mean_deg 50.24 val_median 22.02
ep 55 train_loss 0.0004 val_mean_deg 50.56 val_median 21.87
ep 60 train_loss 0.0004 val_mean_deg 50.35 val_median 21.74
ep 65 train_loss 0.0003 val_mean_deg 50.76 val_median 21.67
ep 70 train_loss 0.0003 val_mean_deg 50.56 val_median 21.80
ep 75 train_loss 0.0003 val_mean_deg 50.79 val_median 21.85
ep 80 train_loss 0.0003 val_mean_deg 51.05 val_median 21.90
ep 85 train_loss 0.0002 val_mean_deg 50.74 val_median 21.90
ep 90 train_loss 0.0003 val_mean_deg 50.74 val_median 21.92
ep 95 train_loss 0.0003 val_mean_deg 50.67 val_median 21.87
ep 100 train_loss 0.0003 val_mean_deg 50.67 val_median 21.90
