ep 5 train_loss 10.3348 val_mean_deg 93.34 val_median 89.46 val_root 0.607
ep 10 train_loss 7.9172 val_mean_deg 79.11 val_median 65.95 val_root 0.682
ep 15 train_loss 5.5677 val_mean_deg 66.73 val_median 45.65 val_root 0.693
ep 20 train_loss 3.6466 val_mean_deg 65.39 val_median 39.99 val_root 0.708
ep 25 train_loss 2.2169 val_mean_deg 66.25 val_median 42.03 val_root 0.690
ep 30 train_loss 1.3473 val_mean_deg 65.87 val_median 41.45 val_root 0.704
ep 35 train_loss 0.8017 val_mean_deg 66.90 val_median 42.69 val_root 0.693
ep 40 train_loss 0.5019 val_mean_deg 66.17 val_median 42.26 val_root 0.694
ep 45 train_loss 0.3833 val_mean_deg 65.49 val_median 39.60 val_root 0.694
ep 50 train_loss 0.2849 val_mean_deg 64.51 val_median 40.41 val_root 0.695
ep 55 train_loss 0.2092 val_mean_deg 64.70 val_median 39.90 val_root 0.701
ep 60 train_loss 0.1763 val_mean_deg 65.03 val_median 40.57 val_root 0.691
ep 65 train_loss 0.1419 val_mean_deg 65.37 val_median 41.57 val_root 0.697
ep 70 train_loss 0.1176 val_mean_deg 63.96 val_median 40.00 val_root 0.703
ep 75 train_loss 0.1072 val_mean_deg 63.54 val_median 38.78 val_root 0.710
ep 80 train_loss 0.0950 val_mean_deg 64.06 val_median 39.05 val_root 0.705
ep 85 train_loss 0.0930 val_mean_deg 63.80 val_median 39.61 val_root 0.707
ep 90 train_loss 0.0827 val_mean_deg 63.21 val_median 39.54 val_root 0.704
ep 95 train_loss 0.0823 val_mean_deg 63.51 val_median 39.47 val_root 0.703
ep 100 train_loss 0.0833 val_mean_deg 63.52 val_median 39.54 val_root 0.703
