ep 5 train_loss 10.0514 val_mean_deg 79.11 val_median 72.32 val_root 0.760
ep 10 train_loss 7.9852 val_mean_deg 61.11 val_median 41.92 val_root 0.793
ep 15 train_loss 6.1139 val_mean_deg 51.45 val_median 29.21 val_root 0.792
ep 20 train_loss 4.4854 val_mean_deg 48.52 val_median 25.89 val_root 0.811
ep 25 train_loss 3.2158 val_mean_deg 49.53 val_median 25.48 val_root 0.808
ep 30 train_loss 2.2993 val_mean_deg 49.83 val_median 24.15 val_root 0.799
ep 35 train_loss 1.6636 val_mean_deg 48.81 val_median 24.20 val_root 0.803
ep 40 train_loss 1.2036 val_mean_deg 47.78 val_median 23.54 val_root 0.802
ep 45 train_loss 0.8668 val_mean_deg 47.61 val_median 22.72 val_root 0.809
ep 50 train_loss 0.6821 val_mean_deg 47.86 val_median 23.45 val_root 0.804
ep 55 train_loss 0.5424 val_mean_deg 48.63 val_median 24.19 val_root 0.805
ep 60 train_loss 0.4426 val_mean_deg 49.31 val_median 22.72 val_root 0.797
ep 65 train_loss 0.3974 val_mean_deg 47.79 val_median 22.35 val_root 0.801
ep 70 train_loss 0.3278 val_mean_deg 47.94 val_median 22.55 val_root 0.803
ep 75 train_loss 0.2963 val_mean_deg 47.44 val_median 22.38 val_root 0.803
ep 80 train_loss 0.2757 val_mean_deg 47.87 val_median 22.61 val_root 0.804
ep 85 train_loss 0.2675 val_mean_deg 46.57 val_median 22.17 val_root 0.808
ep 90 train_loss 0.2541 val_mean_deg 46.99 val_median 22.31 val_root 0.805
ep 95 train_loss 0.2443 val_mean_deg 46.17 val_median 22.07 val_root 0.810
ep 100 train_loss 0.2469 val_mean_deg 46.27 val_median 22.10 val_root 0.809
