ep 5 train_loss 6.5457 val_mean_deg 14.352 val_median 10.673 discrete_mean 14.352
ep 10 train_loss 5.2000 val_mean_deg 8.784 val_median 7.231 discrete_mean 8.784
ep 15 train_loss 4.7639 val_mean_deg 7.624 val_median 6.394 discrete_mean 7.624
ep 20 train_loss 4.5183 val_mean_deg 7.361 val_median 6.157 discrete_mean 7.361
ep 25 train_loss 4.3445 val_mean_deg 6.871 val_median 5.866 discrete_mean 6.871
ep 30 train_loss 4.2112 val_mean_deg 6.705 val_median 5.669 discrete_mean 6.705
ep 35 train_loss 4.0976 val_mean_deg 6.549 val_median 5.580 discrete_mean 6.549
ep 40 train_loss 3.9982 val_mean_deg 6.370 val_median 5.502 discrete_mean 6.370
ep 45 train_loss 3.9213 val_mean_deg 6.227 val_median 5.336 discrete_mean 6.227
ep 50 train_loss 3.8484 val_mean_deg 6.059 val_median 5.250 discrete_mean 6.059
ep 55 train_loss 3.7859 val_mean_deg 6.033 val_median 5.174 discrete_mean 6.033
ep 60 train_loss 3.7314 val_mean_deg 5.975 val_median 5.116 discrete_mean 5.975
ep 65 train_loss 3.6913 val_mean_deg 5.894 val_median 5.095 discrete_mean 5.894
ep 70 train_loss 3.6519 val_mean_deg 5.862 val_median 5.026 discrete_mean 5.862
ep 75 train_loss 3.6206 val_mean_deg 5.759 val_median 4.968 discrete_mean 5.759
ep 80 train_loss 3.5975 val_mean_deg 5.759 val_median 4.958 discrete_mean 5.759
ep 85 train_loss 3.5794 val_mean_deg 5.715 val_median 4.909 discrete_mean 5.715
ep 90 train_loss 3.5691 val_mean_deg 5.722 val_median 4.901 discrete_mean 5.722
ep 95 train_loss 3.5634 val_mean_deg 5.716 val_median 4.894 discrete_mean 5.716
ep 100 train_loss 3.5607 val_mean_deg 5.699 val_median 4.888 discrete_mean 5.699
