ep 5 train_loss 10.0980 val_mean_deg 83.04 val_median 75.89 val_root 0.695
ep 10 train_loss 7.4531 val_mean_deg 64.78 val_median 48.11 val_root 0.759
ep 15 train_loss 5.3568 val_mean_deg 54.04 val_median 34.09 val_root 0.790
ep 20 train_loss 3.8024 val_mean_deg 51.16 val_median 29.01 val_root 0.800
ep 25 train_loss 2.4220 val_mean_deg 47.91 val_median 28.40 val_root 0.817
ep 30 train_loss 1.3981 val_mean_deg 47.92 val_median 26.56 val_root 0.811
ep 35 train_loss 0.7691 val_mean_deg 48.00 val_median 26.61 val_root 0.807
ep 40 train_loss 0.4239 val_mean_deg 47.58 val_median 26.78 val_root 0.821
ep 45 train_loss 0.2425 val_mean_deg 46.44 val_median 25.87 val_root 0.815
ep 50 train_loss 0.1485 val_mean_deg 46.46 val_median 25.85 val_root 0.819
ep 55 train_loss 0.1000 val_mean_deg 46.50 val_median 25.45 val_root 0.815
ep 60 train_loss 0.0678 val_mean_deg 45.21 val_median 24.84 val_root 0.821
ep 65 train_loss 0.0528 val_mean_deg 46.48 val_median 25.97 val_root 0.821
ep 70 train_loss 0.0423 val_mean_deg 46.78 val_median 26.00 val_root 0.823
ep 75 train_loss 0.0391 val_mean_deg 46.21 val_median 25.83 val_root 0.816
ep 80 train_loss 0.0352 val_mean_deg 45.77 val_median 25.00 val_root 0.823
ep 85 train_loss 0.0336 val_mean_deg 45.84 val_median 25.64 val_root 0.824
ep 90 train_loss 0.0295 val_mean_deg 45.91 val_median 25.76 val_root 0.827
ep 95 train_loss 0.0299 val_mean_deg 46.18 val_median 25.70 val_root 0.825
ep 100 train_loss 0.0308 val_mean_deg 46.07 val_median 25.70 val_root 0.825
