ep 5 train_loss 2.7224 val_mean_deg 67.91 val_median 35.83
ep 10 train_loss 0.2929 val_mean_deg 53.62 val_median 23.82
ep 15 train_loss 0.0932 val_mean_deg 53.02 val_median 23.94
ep 20 train_loss 0.0558 val_mean_deg 50.46 val_median 22.64
ep 25 train_loss 0.0635 val_mean_deg 54.07 val_median 24.16
ep 30 train_loss 0.0837 val_mean_deg 54.37 val_median 24.28
ep 35 train_loss 0.0674 val_mean_deg 52.10 val_median 22.99
ep 40 train_loss 0.0194 val_mean_deg 52.21 val_median 22.46
ep 45 train_loss 0.0043 val_mean_deg 50.66 val_median 22.62
ep 50 train_loss 0.0026 val_mean_deg 50.56 val_median 22.43
ep 55 train_loss 0.0005 val_mean_deg 49.40 val_median 22.08
ep 60 train_loss 0.0004 val_mean_deg 49.10 val_median 21.96
ep 65 train_loss 0.0003 val_mean_deg 49.00 val_median 21.95
ep 70 train_loss 0.0002 val_mean_deg 48.99 val_median 21.96
ep 75 train_loss 0.0002 val_mean_deg 49.04 val_median 21.96
ep 80 train_loss 0.0002 val_mean_deg 49.05 val_median 22.08
ep 85 train_loss 0.0002 val_mean_deg 49.02 val_median 21.96
ep 90 train_loss 0.0002 val_mean_deg 48.95 val_median 21.96
ep 95 train_loss 0.0002 val_mean_deg 49.05 val_median 22.00
ep 100 train_loss 0.0002 val_mean_deg 49.13 val_median 22.08
