ep 5 train_loss 9.9717 val_mean_deg 81.27 val_median 75.35 val_root 0.710
ep 10 train_loss 7.3190 val_mean_deg 59.87 val_median 40.83 val_root 0.799
ep 15 train_loss 5.2304 val_mean_deg 50.10 val_median 28.13 val_root 0.820
ep 20 train_loss 3.5632 val_mean_deg 49.43 val_median 26.05 val_root 0.821
ep 25 train_loss 2.3329 val_mean_deg 48.27 val_median 24.91 val_root 0.826
ep 30 train_loss 1.4997 val_mean_deg 48.76 val_median 24.01 val_root 0.820
ep 35 train_loss 0.9404 val_mean_deg 47.91 val_median 25.05 val_root 0.811
ep 40 train_loss 0.6496 val_mean_deg 46.93 val_median 23.90 val_root 0.818
ep 45 train_loss 0.4521 val_mean_deg 47.79 val_median 24.32 val_root 0.821
ep 50 train_loss 0.3430 val_mean_deg 46.57 val_median 24.14 val_root 0.823
ep 55 train_loss 0.2396 val_mean_deg 45.39 val_median 23.31 val_root 0.825
ep 60 train_loss 0.1867 val_mean_deg 46.83 val_median 23.86 val_root 0.825
ep 65 train_loss 0.1551 val_mean_deg 46.44 val_median 23.94 val_root 0.822
ep 70 train_loss 0.1320 val_mean_deg 45.82 val_median 22.48 val_root 0.827
ep 75 train_loss 0.1204 val_mean_deg 46.06 val_median 23.58 val_root 0.829
ep 80 train_loss 0.1053 val_mean_deg 45.90 val_median 23.32 val_root 0.831
ep 85 train_loss 0.0983 val_mean_deg 46.01 val_median 23.20 val_root 0.830
ep 90 train_loss 0.0986 val_mean_deg 46.39 val_median 23.31 val_root 0.830
ep 95 train_loss 0.0919 val_mean_deg 46.51 val_median 23.09 val_root 0.829
ep 100 train_loss 0.0927 val_mean_deg 46.47 val_median 23.25 val_root 0.829
