ep 5 train_loss 10.5121 val_mean_deg 94.05 val_median 90.59 val_root 0.576
ep 10 train_loss 8.2321 val_mean_deg 72.71 val_median 53.61 val_root 0.659
ep 15 train_loss 6.1944 val_mean_deg 66.01 val_median 37.68 val_root 0.676
ep 20 train_loss 4.5964 val_mean_deg 62.75 val_median 32.54 val_root 0.694
ep 25 train_loss 3.2914 val_mean_deg 61.79 val_median 30.41 val_root 0.695
ep 30 train_loss 2.3355 val_mean_deg 60.14 val_median 28.78 val_root 0.707
ep 35 train_loss 1.6362 val_mean_deg 59.77 val_median 28.00 val_root 0.711
ep 40 train_loss 1.2123 val_mean_deg 59.71 val_median 26.24 val_root 0.704
ep 45 train_loss 0.8781 val_mean_deg 58.70 val_median 27.36 val_root 0.715
ep 50 train_loss 0.7166 val_mean_deg 59.45 val_median 26.65 val_root 0.707
ep 55 train_loss 0.5697 val_mean_deg 58.23 val_median 26.94 val_root 0.710
ep 60 train_loss 0.4672 val_mean_deg 58.83 val_median 26.39 val_root 0.711
ep 65 train_loss 0.4011 val_mean_deg 57.88 val_median 26.27 val_root 0.710
ep 70 train_loss 0.3585 val_mean_deg 57.40 val_median 25.89 val_root 0.715
ep 75 train_loss 0.3276 val_mean_deg 56.92 val_median 26.01 val_root 0.721
ep 80 train_loss 0.2948 val_mean_deg 57.63 val_median 25.76 val_root 0.721
ep 85 train_loss 0.2735 val_mean_deg 57.73 val_median 25.89 val_root 0.719
ep 90 train_loss 0.2602 val_mean_deg 57.60 val_median 25.32 val_root 0.719
ep 95 train_loss 0.2590 val_mean_deg 57.43 val_median 25.25 val_root 0.720
ep 100 train_loss 0.2503 val_mean_deg 57.70 val_median 25.25 val_root 0.719
