ep 5 train_loss 10.5969 val_mean_deg 95.14 val_median 93.73 val_root 0.617
ep 10 train_loss 8.4860 val_mean_deg 74.16 val_median 62.12 val_root 0.741
ep 15 train_loss 6.3394 val_mean_deg 64.77 val_median 42.56 val_root 0.744
ep 20 train_loss 4.4063 val_mean_deg 57.58 val_median 33.66 val_root 0.787
ep 25 train_loss 2.9111 val_mean_deg 56.79 val_median 32.56 val_root 0.776
ep 30 train_loss 1.8226 val_mean_deg 57.36 val_median 32.82 val_root 0.784
ep 35 train_loss 1.1405 val_mean_deg 57.15 val_median 30.06 val_root 0.777
ep 40 train_loss 0.6987 val_mean_deg 56.88 val_median 30.96 val_root 0.773
ep 45 train_loss 0.4785 val_mean_deg 58.23 val_median 32.06 val_root 0.769
ep 50 train_loss 0.3355 val_mean_deg 58.57 val_median 33.40 val_root 0.775
ep 55 train_loss 0.2413 val_mean_deg 57.30 val_median 30.75 val_root 0.777
ep 60 train_loss 0.1867 val_mean_deg 56.33 val_median 31.65 val_root 0.783
ep 65 train_loss 0.1596 val_mean_deg 57.59 val_median 30.87 val_root 0.775
ep 70 train_loss 0.1356 val_mean_deg 56.29 val_median 30.82 val_root 0.773
ep 75 train_loss 0.1158 val_mean_deg 56.22 val_median 31.39 val_root 0.777
ep 80 train_loss 0.1077 val_mean_deg 56.08 val_median 30.54 val_root 0.778
ep 85 train_loss 0.0963 val_mean_deg 57.27 val_median 31.81 val_root 0.773
ep 90 train_loss 0.0874 val_mean_deg 56.46 val_median 30.89 val_root 0.777
ep 95 train_loss 0.0882 val_mean_deg 56.67 val_median 31.19 val_root 0.772
ep 100 train_loss 0.0889 val_mean_deg 56.73 val_median 30.89 val_root 0.773
