ep 5 train_loss 9.9237 val_mean_deg 82.60 val_median 75.27 val_root 0.697
ep 10 train_loss 7.3968 val_mean_deg 57.03 val_median 37.78 val_root 0.787
ep 15 train_loss 5.4394 val_mean_deg 49.22 val_median 29.38 val_root 0.817
ep 20 train_loss 3.9094 val_mean_deg 44.10 val_median 24.93 val_root 0.825
ep 25 train_loss 2.6043 val_mean_deg 42.23 val_median 23.38 val_root 0.829
ep 30 train_loss 1.5828 val_mean_deg 43.37 val_median 23.08 val_root 0.825
ep 35 train_loss 0.9716 val_mean_deg 42.26 val_median 22.85 val_root 0.834
ep 40 train_loss 0.5508 val_mean_deg 42.39 val_median 22.80 val_root 0.831
ep 45 train_loss 0.3095 val_mean_deg 41.74 val_median 21.89 val_root 0.820
ep 50 train_loss 0.2156 val_mean_deg 40.67 val_median 21.85 val_root 0.835
ep 55 train_loss 0.1448 val_mean_deg 40.66 val_median 21.87 val_root 0.834
ep 60 train_loss 0.0844 val_mean_deg 40.06 val_median 21.09 val_root 0.842
ep 65 train_loss 0.0720 val_mean_deg 39.77 val_median 21.80 val_root 0.841
ep 70 train_loss 0.0584 val_mean_deg 39.43 val_median 21.18 val_root 0.841
ep 75 train_loss 0.0545 val_mean_deg 40.15 val_median 21.37 val_root 0.835
ep 80 train_loss 0.0477 val_mean_deg 39.87 val_median 21.26 val_root 0.837
ep 85 train_loss 0.0435 val_mean_deg 39.09 val_median 21.14 val_root 0.842
ep 90 train_loss 0.0416 val_mean_deg 39.00 val_median 20.95 val_root 0.839
ep 95 train_loss 0.0385 val_mean_deg 39.10 val_median 20.97 val_root 0.841
ep 100 train_loss 0.0375 val_mean_deg 39.09 val_median 20.95 val_root 0.841
