ep 5 train_loss 7.4494 val_mean_deg 32.273 val_median 13.375 discrete_mean 32.273
ep 10 train_loss 5.8065 val_mean_deg 21.888 val_median 7.938 discrete_mean 21.888
ep 15 train_loss 5.2998 val_mean_deg 20.269 val_median 7.289 discrete_mean 20.269
ep 20 train_loss 5.0241 val_mean_deg 18.761 val_median 6.901 discrete_mean 18.761
ep 25 train_loss 4.8445 val_mean_deg 18.302 val_median 6.867 discrete_mean 18.302
ep 30 train_loss 4.6968 val_mean_deg 18.058 val_median 6.595 discrete_mean 18.058
ep 35 train_loss 4.5941 val_mean_deg 17.914 val_median 6.455 discrete_mean 17.914
ep 40 train_loss 4.4928 val_mean_deg 17.304 val_median 6.388 discrete_mean 17.304
ep 45 train_loss 4.4119 val_mean_deg 17.496 val_median 6.321 discrete_mean 17.496
ep 50 train_loss 4.3316 val_mean_deg 17.541 val_median 6.267 discrete_mean 17.541
ep 55 train_loss 4.2613 val_mean_deg 16.984 val_median 6.201 discrete_mean 16.984
ep 60 train_loss 4.2054 val_mean_deg 17.084 val_median 6.103 discrete_mean 17.084
ep 65 train_loss 4.1562 val_mean_deg 16.916 val_median 6.066 discrete_mean 16.916
ep 70 train_loss 4.1111 val_mean_deg 16.752 val_median 6.071 discrete_mean 16.752
ep 75 train_loss 4.0709 val_mean_deg 16.680 val_median 5.988 discrete_mean 16.680
ep 80 train_loss 4.0435 val_mean_deg 16.492 val_median 5.944 discrete_mean 16.492
ep 85 train_loss 4.0212 val_mean_deg 16.429 val_median 5.890 discrete_mean 16.429
ep 90 train_loss 4.0039 val_mean_deg 16.536 val_median 5.909 discrete_mean 16.536
ep 95 train_loss 3.9947 val_mean_deg 16.485 val_median 5.896 discrete_mean 16.485
ep 100 train_loss 3.9938 val_mean_deg 16.489 val_median 5.893 discrete_mean 16.489
