ep 5 train_loss 10.7781 val_mean_deg 109.12 val_median 110.66 val_root 0.494
ep 10 train_loss 9.1107 val_mean_deg 91.35 val_median 85.95 val_root 0.572
ep 15 train_loss 6.9620 val_mean_deg 84.18 val_median 72.54 val_root 0.602
ep 20 train_loss 4.8304 val_mean_deg 82.61 val_median 71.10 val_root 0.609
ep 25 train_loss 3.2234 val_mean_deg 81.33 val_median 66.28 val_root 0.599
ep 30 train_loss 2.0783 val_mean_deg 81.83 val_median 70.53 val_root 0.619
ep 35 train_loss 1.3989 val_mean_deg 81.90 val_median 70.18 val_root 0.609
ep 40 train_loss 0.9103 val_mean_deg 81.11 val_median 69.17 val_root 0.605
ep 45 train_loss 0.6674 val_mean_deg 82.00 val_median 70.28 val_root 0.598
ep 50 train_loss 0.5196 val_mean_deg 81.01 val_median 68.30 val_root 0.613
ep 55 train_loss 0.3866 val_mean_deg 82.09 val_median 69.53 val_root 0.601
ep 60 train_loss 0.3241 val_mean_deg 79.83 val_median 64.41 val_root 0.616
ep 65 train_loss 0.2741 val_mean_deg 80.22 val_median 66.59 val_root 0.611
ep 70 train_loss 0.2349 val_mean_deg 81.06 val_median 68.46 val_root 0.614
ep 75 train_loss 0.2076 val_mean_deg 80.45 val_median 67.52 val_root 0.613
ep 80 train_loss 0.1882 val_mean_deg 80.38 val_median 64.89 val_root 0.605
ep 85 train_loss 0.1777 val_mean_deg 79.79 val_median 64.76 val_root 0.606
ep 90 train_loss 0.1740 val_mean_deg 80.10 val_median 65.40 val_root 0.607
ep 95 train_loss 0.1648 val_mean_deg 79.83 val_median 65.40 val_root 0.607
ep 100 train_loss 0.1673 val_mean_deg 80.09 val_median 66.07 val_root 0.607
