ep 5 train_loss 9.9639 val_mean_deg 83.13 val_median 76.97 val_root 0.710
ep 10 train_loss 7.4299 val_mean_deg 56.58 val_median 38.45 val_root 0.796
ep 15 train_loss 5.4879 val_mean_deg 46.93 val_median 29.04 val_root 0.817
ep 20 train_loss 3.8437 val_mean_deg 45.14 val_median 25.56 val_root 0.827
ep 25 train_loss 2.6342 val_mean_deg 44.77 val_median 24.25 val_root 0.812
ep 30 train_loss 1.6525 val_mean_deg 43.10 val_median 23.98 val_root 0.837
ep 35 train_loss 1.0223 val_mean_deg 42.62 val_median 23.05 val_root 0.829
ep 40 train_loss 0.5632 val_mean_deg 41.97 val_median 22.91 val_root 0.827
ep 45 train_loss 0.2917 val_mean_deg 41.49 val_median 22.30 val_root 0.828
ep 50 train_loss 0.1809 val_mean_deg 41.43 val_median 22.57 val_root 0.833
ep 55 train_loss 0.1247 val_mean_deg 41.47 val_median 21.91 val_root 0.833
ep 60 train_loss 0.0974 val_mean_deg 40.53 val_median 21.74 val_root 0.831
ep 65 train_loss 0.0744 val_mean_deg 40.96 val_median 21.86 val_root 0.834
ep 70 train_loss 0.0656 val_mean_deg 40.21 val_median 21.69 val_root 0.837
ep 75 train_loss 0.0492 val_mean_deg 40.69 val_median 21.78 val_root 0.833
ep 80 train_loss 0.0464 val_mean_deg 40.79 val_median 22.02 val_root 0.836
ep 85 train_loss 0.0437 val_mean_deg 41.40 val_median 22.24 val_root 0.833
ep 90 train_loss 0.0402 val_mean_deg 41.00 val_median 22.07 val_root 0.834
ep 95 train_loss 0.0402 val_mean_deg 40.89 val_median 21.72 val_root 0.834
ep 100 train_loss 0.0393 val_mean_deg 40.86 val_median 21.82 val_root 0.835
