ep 5 train_loss 10.9049 val_mean_deg 102.27 val_median 103.27 val_root 0.547
ep 10 train_loss 9.3769 val_mean_deg 86.93 val_median 80.99 val_root 0.651
ep 15 train_loss 7.5871 val_mean_deg 79.54 val_median 66.59 val_root 0.696
ep 20 train_loss 5.8814 val_mean_deg 77.09 val_median 67.11 val_root 0.683
ep 25 train_loss 4.3792 val_mean_deg 75.92 val_median 62.15 val_root 0.693
ep 30 train_loss 3.1621 val_mean_deg 76.73 val_median 64.02 val_root 0.680
ep 35 train_loss 2.3516 val_mean_deg 75.28 val_median 60.50 val_root 0.695
ep 40 train_loss 1.7509 val_mean_deg 75.25 val_median 61.76 val_root 0.702
ep 45 train_loss 1.3056 val_mean_deg 74.68 val_median 61.21 val_root 0.705
ep 50 train_loss 1.0483 val_mean_deg 76.61 val_median 62.43 val_root 0.694
ep 55 train_loss 0.8612 val_mean_deg 75.37 val_median 61.97 val_root 0.695
ep 60 train_loss 0.7179 val_mean_deg 74.74 val_median 61.31 val_root 0.702
ep 65 train_loss 0.6272 val_mean_deg 73.42 val_median 59.40 val_root 0.710
ep 70 train_loss 0.5377 val_mean_deg 73.65 val_median 60.75 val_root 0.707
ep 75 train_loss 0.4720 val_mean_deg 73.43 val_median 60.25 val_root 0.703
ep 80 train_loss 0.4510 val_mean_deg 73.26 val_median 58.77 val_root 0.704
ep 85 train_loss 0.4245 val_mean_deg 73.05 val_median 58.28 val_root 0.711
ep 90 train_loss 0.4017 val_mean_deg 73.74 val_median 59.38 val_root 0.705
ep 95 train_loss 0.4035 val_mean_deg 73.42 val_median 59.26 val_root 0.711
ep 100 train_loss 0.4006 val_mean_deg 73.42 val_median 59.26 val_root 0.711
