ep 5 train_loss 10.9084 val_mean_deg 106.23 val_median 105.61 val_root 0.557
ep 10 train_loss 9.3879 val_mean_deg 88.50 val_median 84.10 val_root 0.645
ep 15 train_loss 7.5763 val_mean_deg 81.66 val_median 74.79 val_root 0.673
ep 20 train_loss 5.7914 val_mean_deg 79.23 val_median 68.31 val_root 0.675
ep 25 train_loss 4.2879 val_mean_deg 77.42 val_median 65.61 val_root 0.681
ep 30 train_loss 3.1082 val_mean_deg 77.88 val_median 65.68 val_root 0.695
ep 35 train_loss 2.3030 val_mean_deg 76.76 val_median 63.63 val_root 0.681
ep 40 train_loss 1.7362 val_mean_deg 77.80 val_median 65.69 val_root 0.688
ep 45 train_loss 1.3182 val_mean_deg 77.57 val_median 64.99 val_root 0.697
ep 50 train_loss 1.0237 val_mean_deg 74.19 val_median 57.65 val_root 0.695
ep 55 train_loss 0.8408 val_mean_deg 74.07 val_median 60.32 val_root 0.701
ep 60 train_loss 0.7028 val_mean_deg 75.36 val_median 61.43 val_root 0.697
ep 65 train_loss 0.5865 val_mean_deg 76.17 val_median 63.35 val_root 0.690
ep 70 train_loss 0.5228 val_mean_deg 75.82 val_median 62.88 val_root 0.703
ep 75 train_loss 0.4689 val_mean_deg 75.30 val_median 63.06 val_root 0.692
ep 80 train_loss 0.4307 val_mean_deg 75.76 val_median 61.45 val_root 0.693
ep 85 train_loss 0.4198 val_mean_deg 74.79 val_median 59.13 val_root 0.701
ep 90 train_loss 0.3825 val_mean_deg 74.94 val_median 61.01 val_root 0.701
ep 95 train_loss 0.3882 val_mean_deg 74.78 val_median 59.58 val_root 0.701
ep 100 train_loss 0.3820 val_mean_deg 75.03 val_median 60.67 val_root 0.700
