ep 5 train_loss 9.7388 val_mean_deg 72.96 val_median 66.00 val_root 0.777
ep 10 train_loss 7.3008 val_mean_deg 52.91 val_median 35.12 val_root 0.829
ep 15 train_loss 5.2502 val_mean_deg 47.47 val_median 26.48 val_root 0.817
ep 20 train_loss 3.6752 val_mean_deg 42.34 val_median 21.80 val_root 0.832
ep 25 train_loss 2.4796 val_mean_deg 41.47 val_median 21.81 val_root 0.839
ep 30 train_loss 1.6023 val_mean_deg 42.73 val_median 21.39 val_root 0.827
ep 35 train_loss 1.0392 val_mean_deg 39.66 val_median 20.70 val_root 0.842
ep 40 train_loss 0.7045 val_mean_deg 40.11 val_median 20.80 val_root 0.836
ep 45 train_loss 0.4758 val_mean_deg 41.16 val_median 20.89 val_root 0.833
ep 50 train_loss 0.3481 val_mean_deg 38.95 val_median 20.34 val_root 0.837
ep 55 train_loss 0.2664 val_mean_deg 39.08 val_median 20.72 val_root 0.841
ep 60 train_loss 0.2101 val_mean_deg 40.09 val_median 20.43 val_root 0.831
ep 65 train_loss 0.1684 val_mean_deg 39.45 val_median 20.05 val_root 0.847
ep 70 train_loss 0.1460 val_mean_deg 39.28 val_median 20.68 val_root 0.841
ep 75 train_loss 0.1295 val_mean_deg 39.54 val_median 20.26 val_root 0.843
ep 80 train_loss 0.1138 val_mean_deg 39.30 val_median 20.20 val_root 0.839
ep 85 train_loss 0.1069 val_mean_deg 38.61 val_median 20.23 val_root 0.842
ep 90 train_loss 0.0982 val_mean_deg 38.92 val_median 20.29 val_root 0.841
ep 95 train_loss 0.0946 val_mean_deg 39.05 val_median 20.21 val_root 0.839
ep 100 train_loss 0.0945 val_mean_deg 39.10 val_median 20.22 val_root 0.839
