ep 5 train_loss 5.1378 val_mean_deg 81.46 val_median 79.66
ep 10 train_loss 0.6663 val_mean_deg 55.83 val_median 18.14
ep 15 train_loss 0.1882 val_mean_deg 53.01 val_median 17.19
ep 20 train_loss 0.0770 val_mean_deg 51.84 val_median 16.94
ep 25 train_loss 0.0488 val_mean_deg 51.96 val_median 16.89
ep 30 train_loss 0.0382 val_mean_deg 51.05 val_median 16.87
ep 35 train_loss 0.0255 val_mean_deg 50.92 val_median 16.87
ep 40 train_loss 0.0258 val_mean_deg 50.77 val_median 16.57
ep 45 train_loss 0.0195 val_mean_deg 50.78 val_median 16.69
ep 50 train_loss 0.0076 val_mean_deg 50.19 val_median 16.27
ep 55 train_loss 0.0045 val_mean_deg 50.11 val_median 16.33
ep 60 train_loss 0.0036 val_mean_deg 49.89 val_median 16.18
ep 65 train_loss 0.0029 val_mean_deg 50.52 val_median 16.47
ep 70 train_loss 0.0027 val_mean_deg 49.59 val_median 16.47
ep 75 train_loss 0.0024 val_mean_deg 50.24 val_median 16.47
ep 80 train_loss 0.0021 val_mean_deg 50.28 val_median 16.62
ep 85 train_loss 0.0018 val_mean_deg 50.03 val_median 16.51
ep 90 train_loss 0.0019 val_mean_deg 50.09 val_median 16.57
ep 95 train_loss 0.0020 val_mean_deg 50.06 val_median 16.62
ep 100 train_loss 0.0017 val_mean_deg 50.06 val_median 16.62
