ep 5 train_loss 10.8303 val_mean_deg 101.43 val_median 100.54 val_root 0.538
ep 10 train_loss 9.2494 val_mean_deg 85.74 val_median 83.60 val_root 0.631
ep 15 train_loss 7.3077 val_mean_deg 78.29 val_median 69.19 val_root 0.639
ep 20 train_loss 5.3746 val_mean_deg 76.28 val_median 66.03 val_root 0.635
ep 25 train_loss 3.6651 val_mean_deg 74.23 val_median 57.93 val_root 0.633
ep 30 train_loss 2.4884 val_mean_deg 74.98 val_median 61.91 val_root 0.630
ep 35 train_loss 1.6552 val_mean_deg 73.98 val_median 59.37 val_root 0.634
ep 40 train_loss 1.1153 val_mean_deg 73.58 val_median 59.89 val_root 0.639
ep 45 train_loss 0.8115 val_mean_deg 72.73 val_median 58.00 val_root 0.632
ep 50 train_loss 0.5978 val_mean_deg 72.97 val_median 58.22 val_root 0.633
ep 55 train_loss 0.4528 val_mean_deg 75.10 val_median 60.52 val_root 0.626
ep 60 train_loss 0.3521 val_mean_deg 74.04 val_median 61.00 val_root 0.635
ep 65 train_loss 0.3053 val_mean_deg 73.76 val_median 59.88 val_root 0.631
ep 70 train_loss 0.2580 val_mean_deg 73.75 val_median 60.60 val_root 0.635
ep 75 train_loss 0.2405 val_mean_deg 73.00 val_median 56.65 val_root 0.642
ep 80 train_loss 0.2157 val_mean_deg 73.02 val_median 59.26 val_root 0.637
ep 85 train_loss 0.1900 val_mean_deg 72.96 val_median 59.43 val_root 0.639
ep 90 train_loss 0.1861 val_mean_deg 73.03 val_median 59.16 val_root 0.641
ep 95 train_loss 0.1794 val_mean_deg 72.66 val_median 57.70 val_root 0.638
ep 100 train_loss 0.1891 val_mean_deg 72.77 val_median 58.63 val_root 0.637
