ep 5 train_loss 10.3990 val_mean_deg 86.54 val_median 78.95 val_root 0.691
ep 10 train_loss 8.0472 val_mean_deg 64.66 val_median 46.98 val_root 0.759
ep 15 train_loss 5.9311 val_mean_deg 55.34 val_median 34.03 val_root 0.787
ep 20 train_loss 4.0293 val_mean_deg 52.57 val_median 28.38 val_root 0.782
ep 25 train_loss 2.6182 val_mean_deg 51.75 val_median 27.95 val_root 0.798
ep 30 train_loss 1.6078 val_mean_deg 51.58 val_median 27.35 val_root 0.796
ep 35 train_loss 0.9647 val_mean_deg 49.92 val_median 26.77 val_root 0.789
ep 40 train_loss 0.6515 val_mean_deg 50.76 val_median 26.39 val_root 0.795
ep 45 train_loss 0.4494 val_mean_deg 49.80 val_median 26.41 val_root 0.807
ep 50 train_loss 0.2937 val_mean_deg 50.04 val_median 26.22 val_root 0.805
ep 55 train_loss 0.2130 val_mean_deg 49.27 val_median 25.30 val_root 0.802
ep 60 train_loss 0.1700 val_mean_deg 48.48 val_median 24.80 val_root 0.809
ep 65 train_loss 0.1349 val_mean_deg 49.51 val_median 25.53 val_root 0.805
ep 70 train_loss 0.1161 val_mean_deg 48.90 val_median 26.13 val_root 0.807
ep 75 train_loss 0.1014 val_mean_deg 49.17 val_median 25.50 val_root 0.803
ep 80 train_loss 0.0900 val_mean_deg 48.61 val_median 24.98 val_root 0.811
ep 85 train_loss 0.0833 val_mean_deg 49.56 val_median 25.87 val_root 0.807
ep 90 train_loss 0.0789 val_mean_deg 48.80 val_median 25.07 val_root 0.809
ep 95 train_loss 0.0754 val_mean_deg 48.98 val_median 25.16 val_root 0.808
ep 100 train_loss 0.0761 val_mean_deg 48.86 val_median 25.24 val_root 0.809
