ep 5 train_loss 10.8164 val_mean_deg 104.04 val_median 103.71 val_root 0.545
ep 10 train_loss 9.3053 val_mean_deg 84.76 val_median 79.41 val_root 0.629
ep 15 train_loss 7.4402 val_mean_deg 76.36 val_median 66.48 val_root 0.651
ep 20 train_loss 5.5120 val_mean_deg 74.73 val_median 60.66 val_root 0.649
ep 25 train_loss 3.8673 val_mean_deg 73.59 val_median 57.34 val_root 0.659
ep 30 train_loss 2.6382 val_mean_deg 71.83 val_median 53.53 val_root 0.671
ep 35 train_loss 1.7694 val_mean_deg 72.00 val_median 55.95 val_root 0.665
ep 40 train_loss 1.2401 val_mean_deg 71.37 val_median 54.49 val_root 0.665
ep 45 train_loss 0.8748 val_mean_deg 70.88 val_median 53.39 val_root 0.671
ep 50 train_loss 0.6497 val_mean_deg 72.46 val_median 55.48 val_root 0.675
ep 55 train_loss 0.4944 val_mean_deg 70.89 val_median 53.17 val_root 0.680
ep 60 train_loss 0.3900 val_mean_deg 70.42 val_median 52.03 val_root 0.677
ep 65 train_loss 0.3294 val_mean_deg 70.30 val_median 53.11 val_root 0.683
ep 70 train_loss 0.2844 val_mean_deg 70.68 val_median 54.17 val_root 0.674
ep 75 train_loss 0.2485 val_mean_deg 70.82 val_median 53.17 val_root 0.675
ep 80 train_loss 0.2326 val_mean_deg 70.56 val_median 54.07 val_root 0.679
ep 85 train_loss 0.2072 val_mean_deg 69.87 val_median 52.65 val_root 0.681
ep 90 train_loss 0.2089 val_mean_deg 70.07 val_median 50.69 val_root 0.681
ep 95 train_loss 0.2055 val_mean_deg 70.00 val_median 51.14 val_root 0.681
ep 100 train_loss 0.1945 val_mean_deg 70.04 val_median 51.26 val_root 0.682
