ep 5 train_loss 6.5355 val_mean_deg 14.428 val_median 10.771 discrete_mean 14.428
ep 10 train_loss 5.1828 val_mean_deg 8.520 val_median 6.993 discrete_mean 8.520
ep 15 train_loss 4.7562 val_mean_deg 7.791 val_median 6.477 discrete_mean 7.791
ep 20 train_loss 4.5312 val_mean_deg 7.116 val_median 6.034 discrete_mean 7.116
ep 25 train_loss 4.3388 val_mean_deg 6.861 val_median 5.938 discrete_mean 6.861
ep 30 train_loss 4.2069 val_mean_deg 6.643 val_median 5.676 discrete_mean 6.643
ep 35 train_loss 4.0979 val_mean_deg 6.522 val_median 5.615 discrete_mean 6.522
ep 40 train_loss 4.0015 val_mean_deg 6.332 val_median 5.417 discrete_mean 6.332
ep 45 train_loss 3.9194 val_mean_deg 6.307 val_median 5.352 discrete_mean 6.307
ep 50 train_loss 3.8485 val_mean_deg 6.162 val_median 5.269 discrete_mean 6.162
ep 55 train_loss 3.7838 val_mean_deg 5.987 val_median 5.180 discrete_mean 5.987
ep 60 train_loss 3.7357 val_mean_deg 5.939 val_median 5.149 discrete_mean 5.939
ep 65 train_loss 3.6899 val_mean_deg 5.865 val_median 5.050 discrete_mean 5.865
ep 70 train_loss 3.6506 val_mean_deg 5.869 val_median 5.018 discrete_mean 5.869
ep 75 train_loss 3.6180 val_mean_deg 5.782 val_median 4.965 discrete_mean 5.782
ep 80 train_loss 3.5980 val_mean_deg 5.714 val_median 4.948 discrete_mean 5.714
ep 85 train_loss 3.5792 val_mean_deg 5.711 val_median 4.941 discrete_mean 5.711
ep 90 train_loss 3.5677 val_mean_deg 5.676 val_median 4.931 discrete_mean 5.676
ep 95 train_loss 3.5618 val_mean_deg 5.699 val_median 4.918 discrete_mean 5.699
ep 100 train_loss 3.5598 val_mean_deg 5.693 val_median 4.924 discrete_mean 5.693
