ep 5 train_loss 10.7677 val_mean_deg 99.37 val_median 99.16 val_root 0.555
ep 10 train_loss 9.1915 val_mean_deg 84.40 val_median 78.46 val_root 0.634
ep 15 train_loss 7.2383 val_mean_deg 74.58 val_median 60.91 val_root 0.657
ep 20 train_loss 5.2338 val_mean_deg 73.30 val_median 57.35 val_root 0.651
ep 25 train_loss 3.5384 val_mean_deg 73.63 val_median 58.65 val_root 0.667
ep 30 train_loss 2.3056 val_mean_deg 72.31 val_median 56.12 val_root 0.657
ep 35 train_loss 1.4375 val_mean_deg 71.25 val_median 55.31 val_root 0.668
ep 40 train_loss 0.9233 val_mean_deg 71.39 val_median 53.10 val_root 0.659
ep 45 train_loss 0.6360 val_mean_deg 73.63 val_median 58.88 val_root 0.659
ep 50 train_loss 0.4427 val_mean_deg 71.65 val_median 56.16 val_root 0.658
ep 55 train_loss 0.3398 val_mean_deg 71.92 val_median 55.29 val_root 0.664
ep 60 train_loss 0.2551 val_mean_deg 70.15 val_median 52.78 val_root 0.664
ep 65 train_loss 0.2062 val_mean_deg 71.41 val_median 53.56 val_root 0.667
ep 70 train_loss 0.1721 val_mean_deg 70.70 val_median 55.61 val_root 0.664
ep 75 train_loss 0.1521 val_mean_deg 70.42 val_median 53.65 val_root 0.667
ep 80 train_loss 0.1390 val_mean_deg 70.83 val_median 52.93 val_root 0.660
ep 85 train_loss 0.1275 val_mean_deg 70.74 val_median 53.61 val_root 0.663
ep 90 train_loss 0.1247 val_mean_deg 70.95 val_median 53.80 val_root 0.663
ep 95 train_loss 0.1187 val_mean_deg 70.96 val_median 54.74 val_root 0.663
ep 100 train_loss 0.1158 val_mean_deg 70.96 val_median 54.73 val_root 0.664
