ep 5 train_loss 9.5505 val_mean_deg 69.11 val_median 60.59 val_root 0.823
ep 10 train_loss 6.8756 val_mean_deg 48.72 val_median 32.83 val_root 0.839
ep 15 train_loss 4.9347 val_mean_deg 39.87 val_median 23.65 val_root 0.847
ep 20 train_loss 3.3475 val_mean_deg 39.80 val_median 21.67 val_root 0.841
ep 25 train_loss 2.2179 val_mean_deg 38.85 val_median 21.37 val_root 0.853
ep 30 train_loss 1.4327 val_mean_deg 39.17 val_median 20.93 val_root 0.849
ep 35 train_loss 0.8946 val_mean_deg 39.25 val_median 20.51 val_root 0.856
ep 40 train_loss 0.6119 val_mean_deg 38.26 val_median 20.15 val_root 0.850
ep 45 train_loss 0.4664 val_mean_deg 38.45 val_median 20.41 val_root 0.856
ep 50 train_loss 0.3170 val_mean_deg 38.02 val_median 20.30 val_root 0.862
ep 55 train_loss 0.2448 val_mean_deg 38.47 val_median 19.78 val_root 0.854
ep 60 train_loss 0.1976 val_mean_deg 37.59 val_median 19.68 val_root 0.857
ep 65 train_loss 0.1580 val_mean_deg 37.83 val_median 20.08 val_root 0.851
ep 70 train_loss 0.1422 val_mean_deg 37.62 val_median 19.65 val_root 0.853
ep 75 train_loss 0.1249 val_mean_deg 37.49 val_median 19.38 val_root 0.863
ep 80 train_loss 0.1059 val_mean_deg 37.67 val_median 19.55 val_root 0.858
ep 85 train_loss 0.1045 val_mean_deg 37.91 val_median 19.32 val_root 0.856
ep 90 train_loss 0.1017 val_mean_deg 37.58 val_median 18.92 val_root 0.860
ep 95 train_loss 0.1006 val_mean_deg 37.83 val_median 19.27 val_root 0.857
ep 100 train_loss 0.0937 val_mean_deg 37.83 val_median 19.20 val_root 0.859
