ep 5 train_loss 8.6548 val_mean_deg 53.99 val_median 40.36 val_root 0.857
ep 10 train_loss 5.9053 val_mean_deg 34.69 val_median 23.98 val_root 0.900
ep 15 train_loss 4.1467 val_mean_deg 33.29 val_median 21.20 val_root 0.897
ep 20 train_loss 2.6842 val_mean_deg 30.86 val_median 19.52 val_root 0.895
ep 25 train_loss 1.6344 val_mean_deg 30.46 val_median 18.63 val_root 0.904
ep 30 train_loss 0.8297 val_mean_deg 29.69 val_median 18.44 val_root 0.907
ep 35 train_loss 0.5456 val_mean_deg 29.70 val_median 18.55 val_root 0.911
ep 40 train_loss 0.2572 val_mean_deg 29.55 val_median 18.45 val_root 0.903
ep 45 train_loss 0.1415 val_mean_deg 29.01 val_median 18.05 val_root 0.905
ep 50 train_loss 0.0677 val_mean_deg 29.50 val_median 18.20 val_root 0.908
ep 55 train_loss 0.0612 val_mean_deg 28.49 val_median 17.46 val_root 0.912
ep 60 train_loss 0.0397 val_mean_deg 28.74 val_median 17.28 val_root 0.905
ep 65 train_loss 0.0346 val_mean_deg 29.11 val_median 17.81 val_root 0.913
ep 70 train_loss 0.0268 val_mean_deg 28.63 val_median 17.86 val_root 0.911
ep 75 train_loss 0.0242 val_mean_deg 28.37 val_median 17.71 val_root 0.912
ep 80 train_loss 0.0213 val_mean_deg 28.31 val_median 17.74 val_root 0.913
ep 85 train_loss 0.0199 val_mean_deg 28.62 val_median 17.79 val_root 0.910
ep 90 train_loss 0.0190 val_mean_deg 28.45 val_median 17.78 val_root 0.909
ep 95 train_loss 0.0198 val_mean_deg 28.58 val_median 17.71 val_root 0.910
ep 100 train_loss 0.0193 val_mean_deg 28.61 val_median 17.76 val_root 0.910
