ep 5 train_loss 10.0508 val_mean_deg 86.53 val_median 79.84 val_root 0.677
ep 10 train_loss 7.5903 val_mean_deg 65.20 val_median 47.94 val_root 0.737
ep 15 train_loss 5.3067 val_mean_deg 59.11 val_median 37.39 val_root 0.759
ep 20 train_loss 3.6071 val_mean_deg 59.20 val_median 35.33 val_root 0.749
ep 25 train_loss 2.2382 val_mean_deg 57.74 val_median 33.69 val_root 0.757
ep 30 train_loss 1.3193 val_mean_deg 56.63 val_median 31.61 val_root 0.755
ep 35 train_loss 0.8946 val_mean_deg 56.83 val_median 30.72 val_root 0.761
ep 40 train_loss 0.5729 val_mean_deg 57.09 val_median 31.44 val_root 0.754
ep 45 train_loss 0.3982 val_mean_deg 56.12 val_median 30.60 val_root 0.763
ep 50 train_loss 0.3056 val_mean_deg 56.07 val_median 30.67 val_root 0.767
ep 55 train_loss 0.2370 val_mean_deg 55.36 val_median 30.07 val_root 0.765
ep 60 train_loss 0.1953 val_mean_deg 55.40 val_median 29.53 val_root 0.767
ep 65 train_loss 0.1667 val_mean_deg 55.85 val_median 29.99 val_root 0.758
ep 70 train_loss 0.1335 val_mean_deg 56.30 val_median 29.86 val_root 0.761
ep 75 train_loss 0.1205 val_mean_deg 55.48 val_median 29.54 val_root 0.758
ep 80 train_loss 0.1051 val_mean_deg 55.28 val_median 28.99 val_root 0.760
ep 85 train_loss 0.1010 val_mean_deg 55.37 val_median 29.86 val_root 0.765
ep 90 train_loss 0.0903 val_mean_deg 55.36 val_median 29.81 val_root 0.764
ep 95 train_loss 0.0944 val_mean_deg 55.18 val_median 29.54 val_root 0.765
ep 100 train_loss 0.0899 val_mean_deg 55.35 val_median 29.84 val_root 0.765
