ep 5 train_loss 9.6289 val_mean_deg 73.65 val_median 67.99 val_root 0.761
ep 10 train_loss 7.2041 val_mean_deg 48.46 val_median 32.83 val_root 0.838
ep 15 train_loss 5.2235 val_mean_deg 40.68 val_median 24.09 val_root 0.841
ep 20 train_loss 3.7712 val_mean_deg 39.83 val_median 22.32 val_root 0.848
ep 25 train_loss 2.6095 val_mean_deg 38.34 val_median 20.98 val_root 0.843
ep 30 train_loss 1.8163 val_mean_deg 36.42 val_median 20.13 val_root 0.853
ep 35 train_loss 1.1943 val_mean_deg 38.14 val_median 20.38 val_root 0.848
ep 40 train_loss 0.8284 val_mean_deg 37.23 val_median 19.98 val_root 0.851
ep 45 train_loss 0.6350 val_mean_deg 36.96 val_median 19.50 val_root 0.851
ep 50 train_loss 0.4828 val_mean_deg 37.54 val_median 20.20 val_root 0.845
ep 55 train_loss 0.3650 val_mean_deg 37.33 val_median 19.82 val_root 0.851
ep 60 train_loss 0.2944 val_mean_deg 37.28 val_median 19.70 val_root 0.852
ep 65 train_loss 0.2733 val_mean_deg 36.28 val_median 19.62 val_root 0.853
ep 70 train_loss 0.2237 val_mean_deg 36.57 val_median 19.87 val_root 0.848
ep 75 train_loss 0.2036 val_mean_deg 36.91 val_median 19.75 val_root 0.853
ep 80 train_loss 0.1877 val_mean_deg 36.20 val_median 19.55 val_root 0.849
ep 85 train_loss 0.1803 val_mean_deg 36.31 val_median 19.49 val_root 0.849
ep 90 train_loss 0.1725 val_mean_deg 36.54 val_median 19.50 val_root 0.849
ep 95 train_loss 0.1663 val_mean_deg 36.56 val_median 19.52 val_root 0.849
ep 100 train_loss 0.1637 val_mean_deg 36.73 val_median 19.56 val_root 0.849
