ep 5 train_loss 10.5416 val_mean_deg 97.43 val_median 94.42 val_root 0.587
ep 10 train_loss 8.5775 val_mean_deg 72.18 val_median 58.76 val_root 0.762
ep 15 train_loss 6.3739 val_mean_deg 59.74 val_median 37.15 val_root 0.779
ep 20 train_loss 4.4361 val_mean_deg 58.18 val_median 34.04 val_root 0.782
ep 25 train_loss 2.8156 val_mean_deg 57.96 val_median 32.85 val_root 0.775
ep 30 train_loss 1.7754 val_mean_deg 54.57 val_median 29.94 val_root 0.794
ep 35 train_loss 1.0580 val_mean_deg 56.30 val_median 30.23 val_root 0.781
ep 40 train_loss 0.6717 val_mean_deg 55.26 val_median 29.88 val_root 0.787
ep 45 train_loss 0.4306 val_mean_deg 54.65 val_median 28.15 val_root 0.791
ep 50 train_loss 0.3117 val_mean_deg 55.76 val_median 29.92 val_root 0.777
ep 55 train_loss 0.2367 val_mean_deg 55.75 val_median 30.05 val_root 0.791
ep 60 train_loss 0.1830 val_mean_deg 56.67 val_median 30.29 val_root 0.789
ep 65 train_loss 0.1445 val_mean_deg 56.01 val_median 29.62 val_root 0.789
ep 70 train_loss 0.1265 val_mean_deg 55.88 val_median 29.57 val_root 0.789
ep 75 train_loss 0.1106 val_mean_deg 55.91 val_median 29.92 val_root 0.790
ep 80 train_loss 0.0962 val_mean_deg 55.97 val_median 29.50 val_root 0.787
ep 85 train_loss 0.0893 val_mean_deg 55.81 val_median 29.20 val_root 0.788
ep 90 train_loss 0.0888 val_mean_deg 55.33 val_median 28.80 val_root 0.789
ep 95 train_loss 0.0862 val_mean_deg 55.59 val_median 29.56 val_root 0.789
ep 100 train_loss 0.0842 val_mean_deg 55.50 val_median 29.45 val_root 0.789
