ep 5 train_loss 10.5770 val_mean_deg 98.60 val_median 95.79 val_root 0.573
ep 10 train_loss 8.4205 val_mean_deg 70.51 val_median 54.79 val_root 0.753
ep 15 train_loss 6.2364 val_mean_deg 63.86 val_median 39.71 val_root 0.769
ep 20 train_loss 4.3051 val_mean_deg 58.40 val_median 33.14 val_root 0.778
ep 25 train_loss 2.8033 val_mean_deg 57.47 val_median 30.94 val_root 0.785
ep 30 train_loss 1.6938 val_mean_deg 56.80 val_median 30.04 val_root 0.774
ep 35 train_loss 1.0822 val_mean_deg 55.88 val_median 29.77 val_root 0.785
ep 40 train_loss 0.6740 val_mean_deg 56.71 val_median 30.65 val_root 0.777
ep 45 train_loss 0.4686 val_mean_deg 56.11 val_median 29.00 val_root 0.776
ep 50 train_loss 0.3292 val_mean_deg 55.67 val_median 29.00 val_root 0.789
ep 55 train_loss 0.2260 val_mean_deg 54.76 val_median 29.56 val_root 0.779
ep 60 train_loss 0.1838 val_mean_deg 55.58 val_median 28.86 val_root 0.785
ep 65 train_loss 0.1496 val_mean_deg 54.06 val_median 28.68 val_root 0.787
ep 70 train_loss 0.1283 val_mean_deg 54.31 val_median 28.38 val_root 0.790
ep 75 train_loss 0.1032 val_mean_deg 54.75 val_median 29.11 val_root 0.787
ep 80 train_loss 0.0983 val_mean_deg 54.71 val_median 28.58 val_root 0.791
ep 85 train_loss 0.0860 val_mean_deg 54.68 val_median 28.60 val_root 0.792
ep 90 train_loss 0.0893 val_mean_deg 54.65 val_median 28.70 val_root 0.791
ep 95 train_loss 0.0840 val_mean_deg 54.01 val_median 27.94 val_root 0.793
ep 100 train_loss 0.0835 val_mean_deg 53.70 val_median 27.94 val_root 0.795
