ep 5 train_loss 10.4814 val_mean_deg 91.81 val_median 88.89 val_root 0.633
ep 10 train_loss 8.6608 val_mean_deg 67.92 val_median 50.46 val_root 0.753
ep 15 train_loss 6.9710 val_mean_deg 60.48 val_median 39.74 val_root 0.756
ep 20 train_loss 5.4242 val_mean_deg 54.47 val_median 33.52 val_root 0.772
ep 25 train_loss 3.9518 val_mean_deg 53.14 val_median 30.20 val_root 0.777
ep 30 train_loss 2.7331 val_mean_deg 52.73 val_median 29.87 val_root 0.788
ep 35 train_loss 1.6704 val_mean_deg 53.21 val_median 29.34 val_root 0.787
ep 40 train_loss 1.0178 val_mean_deg 51.55 val_median 29.08 val_root 0.790
ep 45 train_loss 0.6017 val_mean_deg 51.48 val_median 27.99 val_root 0.777
ep 50 train_loss 0.3555 val_mean_deg 51.93 val_median 28.47 val_root 0.779
ep 55 train_loss 0.2024 val_mean_deg 52.65 val_median 28.12 val_root 0.781
ep 60 train_loss 0.1368 val_mean_deg 50.99 val_median 27.65 val_root 0.785
ep 65 train_loss 0.1055 val_mean_deg 50.94 val_median 27.52 val_root 0.789
ep 70 train_loss 0.0875 val_mean_deg 51.13 val_median 27.17 val_root 0.787
ep 75 train_loss 0.0739 val_mean_deg 50.41 val_median 26.54 val_root 0.793
ep 80 train_loss 0.0665 val_mean_deg 50.31 val_median 27.09 val_root 0.791
ep 85 train_loss 0.0596 val_mean_deg 50.55 val_median 27.30 val_root 0.793
ep 90 train_loss 0.0561 val_mean_deg 50.40 val_median 27.26 val_root 0.793
ep 95 train_loss 0.0552 val_mean_deg 49.90 val_median 27.23 val_root 0.795
ep 100 train_loss 0.0539 val_mean_deg 50.02 val_median 27.23 val_root 0.796
