ep 5 train_loss 11.0006 val_mean_deg 111.67 val_median 114.81 val_root 0.485
ep 10 train_loss 9.7412 val_mean_deg 97.22 val_median 96.54 val_root 0.539
ep 15 train_loss 7.9295 val_mean_deg 90.16 val_median 88.09 val_root 0.573
ep 20 train_loss 5.8996 val_mean_deg 87.91 val_median 86.46 val_root 0.582
ep 25 train_loss 4.1285 val_mean_deg 87.38 val_median 83.37 val_root 0.585
ep 30 train_loss 2.6801 val_mean_deg 86.58 val_median 83.03 val_root 0.575
ep 35 train_loss 1.7683 val_mean_deg 86.19 val_median 84.05 val_root 0.573
ep 40 train_loss 1.2271 val_mean_deg 86.75 val_median 84.68 val_root 0.574
ep 45 train_loss 0.8703 val_mean_deg 86.87 val_median 85.15 val_root 0.565
ep 50 train_loss 0.6273 val_mean_deg 86.68 val_median 85.26 val_root 0.572
ep 55 train_loss 0.4892 val_mean_deg 86.38 val_median 83.15 val_root 0.573
ep 60 train_loss 0.4061 val_mean_deg 86.43 val_median 83.92 val_root 0.565
ep 65 train_loss 0.3327 val_mean_deg 86.63 val_median 84.64 val_root 0.566
ep 70 train_loss 0.2818 val_mean_deg 85.81 val_median 80.99 val_root 0.573
ep 75 train_loss 0.2419 val_mean_deg 86.22 val_median 83.54 val_root 0.569
ep 80 train_loss 0.2278 val_mean_deg 86.84 val_median 85.27 val_root 0.575
ep 85 train_loss 0.2124 val_mean_deg 86.62 val_median 86.04 val_root 0.572
ep 90 train_loss 0.2040 val_mean_deg 86.43 val_median 85.10 val_root 0.575
ep 95 train_loss 0.2023 val_mean_deg 86.07 val_median 84.34 val_root 0.575
ep 100 train_loss 0.1971 val_mean_deg 86.27 val_median 84.34 val_root 0.575
