ep 5 train_loss 9.6187 val_mean_deg 69.20 val_median 61.75 val_root 0.809
ep 10 train_loss 7.2281 val_mean_deg 48.10 val_median 32.57 val_root 0.837
ep 15 train_loss 5.2808 val_mean_deg 41.63 val_median 24.95 val_root 0.835
ep 20 train_loss 3.7586 val_mean_deg 39.82 val_median 22.09 val_root 0.846
ep 25 train_loss 2.5954 val_mean_deg 38.45 val_median 20.98 val_root 0.848
ep 30 train_loss 1.7851 val_mean_deg 38.23 val_median 20.41 val_root 0.850
ep 35 train_loss 1.2159 val_mean_deg 37.55 val_median 20.20 val_root 0.855
ep 40 train_loss 0.8960 val_mean_deg 36.92 val_median 19.96 val_root 0.846
ep 45 train_loss 0.6175 val_mean_deg 36.75 val_median 19.94 val_root 0.846
ep 50 train_loss 0.5057 val_mean_deg 37.40 val_median 19.93 val_root 0.859
ep 55 train_loss 0.3954 val_mean_deg 36.79 val_median 19.89 val_root 0.856
ep 60 train_loss 0.3196 val_mean_deg 37.38 val_median 19.83 val_root 0.853
ep 65 train_loss 0.2807 val_mean_deg 36.71 val_median 19.87 val_root 0.857
ep 70 train_loss 0.2310 val_mean_deg 37.12 val_median 19.53 val_root 0.854
ep 75 train_loss 0.2184 val_mean_deg 36.76 val_median 19.68 val_root 0.855
ep 80 train_loss 0.1882 val_mean_deg 36.50 val_median 19.56 val_root 0.858
ep 85 train_loss 0.1828 val_mean_deg 35.98 val_median 19.75 val_root 0.859
ep 90 train_loss 0.1772 val_mean_deg 36.24 val_median 19.77 val_root 0.851
ep 95 train_loss 0.1716 val_mean_deg 35.92 val_median 19.69 val_root 0.853
ep 100 train_loss 0.1695 val_mean_deg 35.96 val_median 19.73 val_root 0.853
