ep 5 train_loss 10.8045 val_mean_deg 106.56 val_median 106.66 val_root 0.482
ep 10 train_loss 9.0673 val_mean_deg 90.94 val_median 84.86 val_root 0.584
ep 15 train_loss 6.9823 val_mean_deg 84.08 val_median 75.92 val_root 0.593
ep 20 train_loss 4.9594 val_mean_deg 82.35 val_median 69.08 val_root 0.605
ep 25 train_loss 3.2737 val_mean_deg 81.21 val_median 64.87 val_root 0.614
ep 30 train_loss 2.1176 val_mean_deg 81.76 val_median 68.53 val_root 0.612
ep 35 train_loss 1.4024 val_mean_deg 81.81 val_median 68.30 val_root 0.625
ep 40 train_loss 0.9800 val_mean_deg 80.23 val_median 65.10 val_root 0.622
ep 45 train_loss 0.6719 val_mean_deg 80.67 val_median 64.94 val_root 0.620
ep 50 train_loss 0.5108 val_mean_deg 81.25 val_median 65.60 val_root 0.612
ep 55 train_loss 0.3970 val_mean_deg 83.05 val_median 69.92 val_root 0.609
ep 60 train_loss 0.3196 val_mean_deg 81.23 val_median 67.24 val_root 0.619
ep 65 train_loss 0.2841 val_mean_deg 82.53 val_median 68.56 val_root 0.616
ep 70 train_loss 0.2465 val_mean_deg 80.91 val_median 65.99 val_root 0.614
ep 75 train_loss 0.2087 val_mean_deg 80.59 val_median 64.53 val_root 0.622
ep 80 train_loss 0.1952 val_mean_deg 80.99 val_median 65.49 val_root 0.619
ep 85 train_loss 0.1842 val_mean_deg 80.21 val_median 64.13 val_root 0.620
ep 90 train_loss 0.1715 val_mean_deg 80.45 val_median 64.00 val_root 0.625
ep 95 train_loss 0.1648 val_mean_deg 80.61 val_median 64.54 val_root 0.624
ep 100 train_loss 0.1670 val_mean_deg 80.66 val_median 64.92 val_root 0.623
