ep 5 train_loss 7.7846 val_mean_deg 32.865 val_median 12.992 discrete_mean 32.881
ep 10 train_loss 5.5094 val_mean_deg 23.086 val_median 8.032 discrete_mean 23.094
ep 15 train_loss 4.6931 val_mean_deg 20.528 val_median 7.231 discrete_mean 20.551
ep 20 train_loss 4.1329 val_mean_deg 19.653 val_median 6.989 discrete_mean 19.684
ep 25 train_loss 3.7299 val_mean_deg 19.492 val_median 6.828 discrete_mean 19.518
ep 30 train_loss 3.3872 val_mean_deg 19.240 val_median 6.690 discrete_mean 19.270
ep 35 train_loss 3.0709 val_mean_deg 18.820 val_median 6.604 discrete_mean 18.852
ep 40 train_loss 2.7982 val_mean_deg 19.292 val_median 6.588 discrete_mean 19.331
ep 45 train_loss 2.5531 val_mean_deg 18.772 val_median 6.537 discrete_mean 18.807
ep 50 train_loss 2.3518 val_mean_deg 18.544 val_median 6.453 discrete_mean 18.585
ep 55 train_loss 2.1421 val_mean_deg 18.331 val_median 6.470 discrete_mean 18.377
ep 60 train_loss 1.9834 val_mean_deg 18.227 val_median 6.354 discrete_mean 18.276
ep 65 train_loss 1.8221 val_mean_deg 18.166 val_median 6.370 discrete_mean 18.229
ep 70 train_loss 1.6882 val_mean_deg 18.144 val_median 6.350 discrete_mean 18.194
ep 75 train_loss 1.5827 val_mean_deg 18.244 val_median 6.251 discrete_mean 18.300
ep 80 train_loss 1.4940 val_mean_deg 18.063 val_median 6.258 discrete_mean 18.122
ep 85 train_loss 1.4273 val_mean_deg 17.890 val_median 6.217 discrete_mean 17.954
ep 90 train_loss 1.3860 val_mean_deg 17.923 val_median 6.211 discrete_mean 17.986
ep 95 train_loss 1.3676 val_mean_deg 17.946 val_median 6.203 discrete_mean 18.000
ep 100 train_loss 1.3627 val_mean_deg 17.978 val_median 6.200 discrete_mean 18.036
