ep 5 train_loss 7.9746 val_mean_deg 51.76 val_median 37.78 val_root 0.857
ep 10 train_loss 5.0990 val_mean_deg 36.45 val_median 24.65 val_root 0.893
ep 15 train_loss 3.0944 val_mean_deg 34.74 val_median 22.06 val_root 0.893
ep 20 train_loss 1.7797 val_mean_deg 34.65 val_median 21.49 val_root 0.891
ep 25 train_loss 0.8127 val_mean_deg 33.90 val_median 20.60 val_root 0.889
ep 30 train_loss 0.3327 val_mean_deg 33.79 val_median 20.52 val_root 0.899
ep 35 train_loss 0.1906 val_mean_deg 32.32 val_median 19.91 val_root 0.887
ep 40 train_loss 0.1010 val_mean_deg 32.32 val_median 20.08 val_root 0.893
ep 45 train_loss 0.0578 val_mean_deg 31.87 val_median 20.24 val_root 0.888
ep 50 train_loss 0.0363 val_mean_deg 31.80 val_median 19.61 val_root 0.895
ep 55 train_loss 0.0260 val_mean_deg 31.81 val_median 19.81 val_root 0.892
ep 60 train_loss 0.0245 val_mean_deg 31.65 val_median 19.33 val_root 0.895
ep 65 train_loss 0.0156 val_mean_deg 31.51 val_median 19.20 val_root 0.894
ep 70 train_loss 0.0120 val_mean_deg 31.55 val_median 19.31 val_root 0.896
ep 75 train_loss 0.0107 val_mean_deg 32.03 val_median 19.33 val_root 0.893
ep 80 train_loss 0.0116 val_mean_deg 31.38 val_median 19.34 val_root 0.896
ep 85 train_loss 0.0088 val_mean_deg 31.45 val_median 19.35 val_root 0.897
ep 90 train_loss 0.0098 val_mean_deg 31.39 val_median 19.40 val_root 0.895
ep 95 train_loss 0.0088 val_mean_deg 31.37 val_median 19.34 val_root 0.896
ep 100 train_loss 0.0088 val_mean_deg 31.46 val_median 19.37 val_root 0.896
