ep 5 train_loss 5.4054 val_mean_deg 30.542 val_median 9.300 discrete_mean 30.542
ep 10 train_loss 3.8978 val_mean_deg 21.628 val_median 7.160 discrete_mean 21.628
ep 15 train_loss 3.2613 val_mean_deg 19.605 val_median 6.599 discrete_mean 19.605
ep 20 train_loss 2.8149 val_mean_deg 18.812 val_median 6.583 discrete_mean 18.812
ep 25 train_loss 2.4428 val_mean_deg 18.339 val_median 6.319 discrete_mean 18.339
ep 30 train_loss 2.0871 val_mean_deg 18.155 val_median 6.378 discrete_mean 18.155
ep 35 train_loss 1.8076 val_mean_deg 18.188 val_median 6.377 discrete_mean 18.188
ep 40 train_loss 1.5376 val_mean_deg 18.163 val_median 6.315 discrete_mean 18.163
ep 45 train_loss 1.2975 val_mean_deg 18.005 val_median 6.303 discrete_mean 18.005
ep 50 train_loss 1.1030 val_mean_deg 18.013 val_median 6.245 discrete_mean 18.013
ep 55 train_loss 0.9414 val_mean_deg 17.742 val_median 6.175 discrete_mean 17.742
ep 60 train_loss 0.7896 val_mean_deg 17.508 val_median 6.120 discrete_mean 17.508
ep 65 train_loss 0.6669 val_mean_deg 17.699 val_median 6.112 discrete_mean 17.699
ep 70 train_loss 0.5645 val_mean_deg 17.349 val_median 6.117 discrete_mean 17.349
ep 75 train_loss 0.4844 val_mean_deg 17.263 val_median 6.008 discrete_mean 17.263
ep 80 train_loss 0.4242 val_mean_deg 17.119 val_median 5.988 discrete_mean 17.119
ep 85 train_loss 0.3772 val_mean_deg 17.001 val_median 5.962 discrete_mean 17.001
ep 90 train_loss 0.3488 val_mean_deg 17.072 val_median 5.951 discrete_mean 17.072
ep 95 train_loss 0.3350 val_mean_deg 17.015 val_median 5.939 discrete_mean 17.015
ep 100 train_loss 0.3280 val_mean_deg 16.977 val_median 5.931 discrete_mean 16.977
