ep 5 train_loss 9.5362 val_mean_deg 69.45 val_median 60.98 val_root 0.805
ep 10 train_loss 6.9865 val_mean_deg 48.86 val_median 31.92 val_root 0.843
ep 15 train_loss 4.9220 val_mean_deg 40.70 val_median 23.93 val_root 0.847
ep 20 train_loss 3.4114 val_mean_deg 40.86 val_median 21.67 val_root 0.846
ep 25 train_loss 2.2386 val_mean_deg 39.11 val_median 20.64 val_root 0.844
ep 30 train_loss 1.3575 val_mean_deg 38.36 val_median 19.78 val_root 0.845
ep 35 train_loss 0.8624 val_mean_deg 38.65 val_median 19.98 val_root 0.847
ep 40 train_loss 0.6196 val_mean_deg 38.61 val_median 20.22 val_root 0.841
ep 45 train_loss 0.4427 val_mean_deg 38.25 val_median 19.95 val_root 0.845
ep 50 train_loss 0.3073 val_mean_deg 37.63 val_median 19.72 val_root 0.846
ep 55 train_loss 0.2589 val_mean_deg 37.21 val_median 19.63 val_root 0.843
ep 60 train_loss 0.1948 val_mean_deg 38.33 val_median 19.85 val_root 0.847
ep 65 train_loss 0.1716 val_mean_deg 37.55 val_median 19.60 val_root 0.853
ep 70 train_loss 0.1348 val_mean_deg 38.86 val_median 19.99 val_root 0.845
ep 75 train_loss 0.1200 val_mean_deg 38.03 val_median 20.04 val_root 0.849
ep 80 train_loss 0.1074 val_mean_deg 37.69 val_median 19.84 val_root 0.849
ep 85 train_loss 0.1018 val_mean_deg 37.50 val_median 19.99 val_root 0.851
ep 90 train_loss 0.0958 val_mean_deg 37.49 val_median 19.40 val_root 0.848
ep 95 train_loss 0.0981 val_mean_deg 37.58 val_median 19.40 val_root 0.849
ep 100 train_loss 0.1010 val_mean_deg 37.52 val_median 19.36 val_root 0.851
