ep 5 train_loss 7.7580 val_mean_deg 32.491 val_median 13.009 discrete_mean 32.493
ep 10 train_loss 5.5213 val_mean_deg 21.938 val_median 7.939 discrete_mean 21.947
ep 15 train_loss 4.7024 val_mean_deg 20.389 val_median 7.156 discrete_mean 20.406
ep 20 train_loss 4.1533 val_mean_deg 18.808 val_median 6.833 discrete_mean 18.832
ep 25 train_loss 3.7260 val_mean_deg 18.900 val_median 6.774 discrete_mean 18.920
ep 30 train_loss 3.3705 val_mean_deg 18.629 val_median 6.686 discrete_mean 18.663
ep 35 train_loss 3.0600 val_mean_deg 18.560 val_median 6.673 discrete_mean 18.600
ep 40 train_loss 2.7973 val_mean_deg 18.689 val_median 6.585 discrete_mean 18.729
ep 45 train_loss 2.5481 val_mean_deg 18.285 val_median 6.473 discrete_mean 18.333
ep 50 train_loss 2.3237 val_mean_deg 18.360 val_median 6.409 discrete_mean 18.426
ep 55 train_loss 2.1412 val_mean_deg 18.242 val_median 6.458 discrete_mean 18.315
ep 60 train_loss 1.9545 val_mean_deg 18.200 val_median 6.394 discrete_mean 18.269
ep 65 train_loss 1.8120 val_mean_deg 17.918 val_median 6.300 discrete_mean 17.990
ep 70 train_loss 1.6568 val_mean_deg 17.988 val_median 6.295 discrete_mean 18.064
ep 75 train_loss 1.5599 val_mean_deg 17.839 val_median 6.242 discrete_mean 17.922
ep 80 train_loss 1.4674 val_mean_deg 17.894 val_median 6.212 discrete_mean 17.974
ep 85 train_loss 1.4119 val_mean_deg 17.789 val_median 6.197 discrete_mean 17.862
ep 90 train_loss 1.3694 val_mean_deg 17.807 val_median 6.189 discrete_mean 17.889
ep 95 train_loss 1.3428 val_mean_deg 17.852 val_median 6.185 discrete_mean 17.936
ep 100 train_loss 1.3325 val_mean_deg 17.790 val_median 6.169 discrete_mean 17.873
