ep 5 train_loss 10.1590 val_mean_deg 84.21 val_median 77.94 val_root 0.710
ep 10 train_loss 7.8686 val_mean_deg 66.69 val_median 48.86 val_root 0.777
ep 15 train_loss 5.7538 val_mean_deg 61.75 val_median 38.12 val_root 0.765
ep 20 train_loss 3.9691 val_mean_deg 57.80 val_median 33.67 val_root 0.799
ep 25 train_loss 2.6261 val_mean_deg 56.58 val_median 31.90 val_root 0.815
ep 30 train_loss 1.7281 val_mean_deg 54.70 val_median 28.99 val_root 0.799
ep 35 train_loss 1.0879 val_mean_deg 54.85 val_median 28.33 val_root 0.804
ep 40 train_loss 0.7507 val_mean_deg 53.34 val_median 27.75 val_root 0.806
ep 45 train_loss 0.5485 val_mean_deg 52.57 val_median 26.56 val_root 0.803
ep 50 train_loss 0.3853 val_mean_deg 53.93 val_median 28.31 val_root 0.801
ep 55 train_loss 0.3129 val_mean_deg 52.80 val_median 26.74 val_root 0.803
ep 60 train_loss 0.2299 val_mean_deg 53.92 val_median 27.30 val_root 0.805
ep 65 train_loss 0.2014 val_mean_deg 52.56 val_median 27.08 val_root 0.808
ep 70 train_loss 0.1723 val_mean_deg 53.07 val_median 27.66 val_root 0.799
ep 75 train_loss 0.1478 val_mean_deg 53.12 val_median 27.64 val_root 0.800
ep 80 train_loss 0.1282 val_mean_deg 52.82 val_median 26.81 val_root 0.805
ep 85 train_loss 0.1233 val_mean_deg 53.15 val_median 26.93 val_root 0.803
ep 90 train_loss 0.1176 val_mean_deg 52.74 val_median 26.96 val_root 0.803
ep 95 train_loss 0.1119 val_mean_deg 52.57 val_median 26.63 val_root 0.805
ep 100 train_loss 0.1102 val_mean_deg 52.90 val_median 26.85 val_root 0.804
