ep 5 train_loss 10.8491 val_mean_deg 97.45 val_median 94.85 val_root 0.581
ep 10 train_loss 9.3338 val_mean_deg 87.30 val_median 83.69 val_root 0.617
ep 15 train_loss 7.4825 val_mean_deg 76.52 val_median 67.98 val_root 0.657
ep 20 train_loss 5.5690 val_mean_deg 72.79 val_median 57.38 val_root 0.664
ep 25 train_loss 3.9243 val_mean_deg 72.45 val_median 56.95 val_root 0.661
ep 30 train_loss 2.6798 val_mean_deg 72.46 val_median 55.72 val_root 0.669
ep 35 train_loss 1.7821 val_mean_deg 71.68 val_median 55.55 val_root 0.655
ep 40 train_loss 1.2663 val_mean_deg 71.71 val_median 53.94 val_root 0.661
ep 45 train_loss 0.8686 val_mean_deg 72.12 val_median 55.27 val_root 0.653
ep 50 train_loss 0.6346 val_mean_deg 72.21 val_median 57.90 val_root 0.653
ep 55 train_loss 0.4923 val_mean_deg 71.89 val_median 55.72 val_root 0.651
ep 60 train_loss 0.4122 val_mean_deg 70.78 val_median 52.88 val_root 0.659
ep 65 train_loss 0.3254 val_mean_deg 71.88 val_median 55.85 val_root 0.653
ep 70 train_loss 0.2794 val_mean_deg 71.61 val_median 56.61 val_root 0.653
ep 75 train_loss 0.2578 val_mean_deg 70.95 val_median 51.76 val_root 0.661
ep 80 train_loss 0.2261 val_mean_deg 71.29 val_median 54.41 val_root 0.657
ep 85 train_loss 0.2064 val_mean_deg 71.18 val_median 51.93 val_root 0.663
ep 90 train_loss 0.2001 val_mean_deg 71.44 val_median 54.18 val_root 0.655
ep 95 train_loss 0.1986 val_mean_deg 71.57 val_median 53.82 val_root 0.656
ep 100 train_loss 0.1984 val_mean_deg 71.39 val_median 53.82 val_root 0.658
