ep 5 train_loss 8.7663 val_mean_deg 59.81 val_median 47.60 val_root 0.841
ep 10 train_loss 5.8977 val_mean_deg 41.95 val_median 27.91 val_root 0.863
ep 15 train_loss 3.8840 val_mean_deg 40.41 val_median 25.71 val_root 0.876
ep 20 train_loss 2.3633 val_mean_deg 37.58 val_median 23.56 val_root 0.863
ep 25 train_loss 1.1351 val_mean_deg 37.04 val_median 23.40 val_root 0.879
ep 30 train_loss 0.5935 val_mean_deg 37.86 val_median 24.13 val_root 0.873
ep 35 train_loss 0.2929 val_mean_deg 36.11 val_median 23.19 val_root 0.879
ep 40 train_loss 0.1515 val_mean_deg 37.00 val_median 22.71 val_root 0.877
ep 45 train_loss 0.1042 val_mean_deg 36.23 val_median 22.88 val_root 0.874
ep 50 train_loss 0.0535 val_mean_deg 35.50 val_median 22.30 val_root 0.881
ep 55 train_loss 0.0386 val_mean_deg 35.43 val_median 21.88 val_root 0.881
ep 60 train_loss 0.0279 val_mean_deg 35.90 val_median 22.00 val_root 0.886
ep 65 train_loss 0.0222 val_mean_deg 35.01 val_median 22.11 val_root 0.885
ep 70 train_loss 0.0177 val_mean_deg 35.31 val_median 21.87 val_root 0.883
ep 75 train_loss 0.0164 val_mean_deg 34.84 val_median 21.52 val_root 0.888
ep 80 train_loss 0.0148 val_mean_deg 35.19 val_median 21.54 val_root 0.885
ep 85 train_loss 0.0133 val_mean_deg 35.10 val_median 21.51 val_root 0.882
ep 90 train_loss 0.0136 val_mean_deg 35.46 val_median 21.67 val_root 0.885
ep 95 train_loss 0.0118 val_mean_deg 35.29 val_median 21.66 val_root 0.885
ep 100 train_loss 0.0127 val_mean_deg 35.24 val_median 21.66 val_root 0.885
