ep 5 train_loss 10.5061 val_mean_deg 92.48 val_median 90.20 val_root 0.583
ep 10 train_loss 8.2634 val_mean_deg 74.10 val_median 53.90 val_root 0.653
ep 15 train_loss 6.2517 val_mean_deg 64.17 val_median 36.79 val_root 0.699
ep 20 train_loss 4.5154 val_mean_deg 61.98 val_median 31.48 val_root 0.706
ep 25 train_loss 3.1740 val_mean_deg 58.51 val_median 28.60 val_root 0.720
ep 30 train_loss 2.2627 val_mean_deg 60.52 val_median 28.82 val_root 0.711
ep 35 train_loss 1.6058 val_mean_deg 59.30 val_median 26.64 val_root 0.715
ep 40 train_loss 1.2025 val_mean_deg 58.95 val_median 26.61 val_root 0.720
ep 45 train_loss 0.8902 val_mean_deg 57.74 val_median 26.46 val_root 0.721
ep 50 train_loss 0.6923 val_mean_deg 57.42 val_median 25.61 val_root 0.719
ep 55 train_loss 0.5588 val_mean_deg 57.27 val_median 25.20 val_root 0.721
ep 60 train_loss 0.4606 val_mean_deg 57.81 val_median 25.60 val_root 0.719
ep 65 train_loss 0.3931 val_mean_deg 57.41 val_median 24.56 val_root 0.713
ep 70 train_loss 0.3468 val_mean_deg 57.60 val_median 25.40 val_root 0.717
ep 75 train_loss 0.3069 val_mean_deg 57.74 val_median 24.78 val_root 0.716
ep 80 train_loss 0.2941 val_mean_deg 57.23 val_median 24.92 val_root 0.722
ep 85 train_loss 0.2727 val_mean_deg 57.14 val_median 24.73 val_root 0.720
ep 90 train_loss 0.2653 val_mean_deg 56.71 val_median 24.32 val_root 0.720
ep 95 train_loss 0.2504 val_mean_deg 56.87 val_median 24.73 val_root 0.721
ep 100 train_loss 0.2574 val_mean_deg 56.88 val_median 24.69 val_root 0.720
