ep 5 train_loss 4.7183 val_mean_deg 11.945 val_median 9.033 discrete_mean 11.945
ep 10 train_loss 3.5842 val_mean_deg 8.851 val_median 7.115 discrete_mean 8.851
ep 15 train_loss 3.1130 val_mean_deg 7.808 val_median 6.309 discrete_mean 7.808
ep 20 train_loss 2.7300 val_mean_deg 7.376 val_median 6.108 discrete_mean 7.376
ep 25 train_loss 2.3963 val_mean_deg 7.318 val_median 6.019 discrete_mean 7.318
ep 30 train_loss 2.0802 val_mean_deg 7.189 val_median 5.868 discrete_mean 7.189
ep 35 train_loss 1.7623 val_mean_deg 7.133 val_median 5.741 discrete_mean 7.133
ep 40 train_loss 1.4470 val_mean_deg 6.850 val_median 5.612 discrete_mean 6.850
ep 45 train_loss 1.1567 val_mean_deg 6.844 val_median 5.612 discrete_mean 6.844
ep 50 train_loss 0.9095 val_mean_deg 6.783 val_median 5.525 discrete_mean 6.783
ep 55 train_loss 0.7147 val_mean_deg 6.565 val_median 5.462 discrete_mean 6.565
ep 60 train_loss 0.5324 val_mean_deg 6.657 val_median 5.412 discrete_mean 6.657
ep 65 train_loss 0.4009 val_mean_deg 6.623 val_median 5.359 discrete_mean 6.623
ep 70 train_loss 0.3024 val_mean_deg 6.467 val_median 5.306 discrete_mean 6.467
ep 75 train_loss 0.2184 val_mean_deg 6.404 val_median 5.288 discrete_mean 6.404
ep 80 train_loss 0.1660 val_mean_deg 6.288 val_median 5.215 discrete_mean 6.288
ep 85 train_loss 0.1302 val_mean_deg 6.232 val_median 5.197 discrete_mean 6.232
ep 90 train_loss 0.1103 val_mean_deg 6.277 val_median 5.189 discrete_mean 6.277
ep 95 train_loss 0.0978 val_mean_deg 6.284 val_median 5.197 discrete_mean 6.284
ep 100 train_loss 0.0943 val_mean_deg 6.286 val_median 5.188 discrete_mean 6.286
