ep 5 train_loss 5.2140 val_mean_deg 80.52 val_median 79.99
ep 10 train_loss 0.6771 val_mean_deg 54.70 val_median 17.66
ep 15 train_loss 0.1842 val_mean_deg 53.58 val_median 17.22
ep 20 train_loss 0.0872 val_mean_deg 52.42 val_median 17.04
ep 25 train_loss 0.0469 val_mean_deg 51.90 val_median 17.04
ep 30 train_loss 0.0363 val_mean_deg 52.72 val_median 16.93
ep 35 train_loss 0.0361 val_mean_deg 52.37 val_median 16.93
ep 40 train_loss 0.0340 val_mean_deg 51.68 val_median 16.75
ep 45 train_loss 0.0121 val_mean_deg 51.14 val_median 16.64
ep 50 train_loss 0.0074 val_mean_deg 50.71 val_median 16.47
ep 55 train_loss 0.0090 val_mean_deg 51.36 val_median 16.64
ep 60 train_loss 0.0072 val_mean_deg 51.26 val_median 16.51
ep 65 train_loss 0.0041 val_mean_deg 51.60 val_median 16.53
ep 70 train_loss 0.0025 val_mean_deg 51.87 val_median 16.53
ep 75 train_loss 0.0019 val_mean_deg 52.42 val_median 16.56
ep 80 train_loss 0.0021 val_mean_deg 52.20 val_median 16.58
ep 85 train_loss 0.0022 val_mean_deg 52.11 val_median 16.56
ep 90 train_loss 0.0024 val_mean_deg 52.21 val_median 16.55
ep 95 train_loss 0.0021 val_mean_deg 52.44 val_median 16.61
ep 100 train_loss 0.0020 val_mean_deg 52.44 val_median 16.61
