ep 5 train_loss 5.5467 val_mean_deg 14.67 val_median 10.47 val_root 0.943
ep 10 train_loss 3.6754 val_mean_deg 9.25 val_median 7.31 val_root 0.957
ep 15 train_loss 2.9697 val_mean_deg 8.01 val_median 6.41 val_root 0.957
ep 20 train_loss 2.5007 val_mean_deg 7.40 val_median 6.04 val_root 0.959
ep 25 train_loss 2.1264 val_mean_deg 7.19 val_median 5.90 val_root 0.960
ep 30 train_loss 1.8062 val_mean_deg 7.32 val_median 5.81 val_root 0.961
ep 35 train_loss 1.5026 val_mean_deg 7.25 val_median 5.78 val_root 0.960
ep 40 train_loss 1.2509 val_mean_deg 7.08 val_median 5.63 val_root 0.962
ep 45 train_loss 1.0115 val_mean_deg 7.05 val_median 5.62 val_root 0.961
ep 50 train_loss 0.8325 val_mean_deg 6.82 val_median 5.52 val_root 0.963
ep 55 train_loss 0.6704 val_mean_deg 7.03 val_median 5.52 val_root 0.962
ep 60 train_loss 0.5422 val_mean_deg 6.86 val_median 5.46 val_root 0.963
ep 65 train_loss 0.4377 val_mean_deg 6.87 val_median 5.46 val_root 0.962
ep 70 train_loss 0.3515 val_mean_deg 6.84 val_median 5.42 val_root 0.963
ep 75 train_loss 0.2840 val_mean_deg 6.86 val_median 5.41 val_root 0.963
ep 80 train_loss 0.2337 val_mean_deg 6.80 val_median 5.34 val_root 0.964
ep 85 train_loss 0.2029 val_mean_deg 6.81 val_median 5.32 val_root 0.963
ep 90 train_loss 0.1839 val_mean_deg 6.75 val_median 5.31 val_root 0.963
ep 95 train_loss 0.1733 val_mean_deg 6.76 val_median 5.31 val_root 0.964
ep 100 train_loss 0.1689 val_mean_deg 6.77 val_median 5.32 val_root 0.964
