| domain | n | dino_mean_deg | vggt_mean_deg | spearman_err | both_lt10 | dino_only_lt10 | vggt_only_lt10 | neither_lt10 | oracle_of_two_acc@10 | root_agree | L2_prefix_agree | pred_pred_dist_median_deg | agree_frac(dist<20) | dino_acc_when_agree | dino_acc_when_disagree | vggt_acc_when_disagree |
|---|---|---|---|---|---|---|---|---|---|---|---|---|---|---|---|---|
| lightbox | 1000.000 | 76.102 | 101.498 | 0.276 | 0.002 | 0.034 | 0.008 | 0.955 | 0.045 | 0.520 | 0.076 | 98.672 | 0.043 | 0.134 | 0.032 | 0.008 |
| sunlamp | 1000.000 | 79.126 | 106.866 | 0.166 | 0.000 | 0.015 | 0.003 | 0.982 | 0.018 | 0.504 | 0.043 | 110.938 | 0.016 | 0.021 | 0.015 | 0.002 |
| synthetic_val | 1500.000 | 27.679 | 48.700 | 0.312 | 0.045 | 0.156 | 0.077 | 0.722 | 0.278 | 0.808 | 0.386 | 32.455 | 0.298 | 0.354 | 0.137 | 0.041 | 

| domain | object_size | crop_side_px_median | dino_mean_deg | vggt_mean_deg |
|---|---|---|---|---|
| lightbox | large | 1200.535 | 75.239 | 93.328 |
| lightbox | medium | 743.274 | 75.889 | 102.202 |
| lightbox | small | 528.851 | 77.173 | 108.941 |
| sunlamp | large | 1243.227 | 76.014 | 103.902 |
| sunlamp | medium | 748.612 | 76.329 | 106.949 |
| sunlamp | small | 527.628 | 85.018 | 109.741 |
| synthetic_val | large | 1286.281 | 30.427 | 49.787 |
| synthetic_val | medium | 732.245 | 24.620 | 46.086 |
| synthetic_val | small | 511.119 | 27.989 | 50.228 | 

| features | domain | mean_shift_over_spread |
|---|---|---|
| dinov3_vitl16:grid4 | synthetic_val | 0.029 |
| dinov3_vitl16:grid4 | lightbox | 0.479 |
| dinov3_vitl16:grid4 | sunlamp | 0.927 |
| vggt_1b:l11_cam+mean | synthetic_val | 0.030 |
| vggt_1b:l11_cam+mean | lightbox | 0.539 |
| vggt_1b:l11_cam+mean | sunlamp | 0.956 | 

| map | grid | domain | low(<0.25) | mid(0.25-0.5) | high(>=0.5) |
|---|---|---|---|---|---|
| dinov3_vitl16:last_grid | 16x16 | synthetic_train | 0.471 | 0.276 | 0.253 |
| dinov3_vitl16:last_grid | 16x16 | synthetic_val | 0.471 | 0.276 | 0.253 |
| dinov3_vitl16:last_grid | 16x16 | lightbox | 0.456 | 0.253 | 0.291 |
| dinov3_vitl16:last_grid | 16x16 | sunlamp | 0.442 | 0.265 | 0.293 |
| vggt_1b:depth | 74x74 | synthetic_train | 0.939 | 0.042 | 0.019 |
| vggt_1b:depth | 74x74 | synthetic_val | 0.939 | 0.042 | 0.019 |
| vggt_1b:depth | 74x74 | lightbox | 0.957 | 0.027 | 0.016 |
| vggt_1b:depth | 74x74 | sunlamp | 0.954 | 0.029 | 0.017 | 

RUN outputs/experiments/EXP-012_complementarity/RUN-20261008-111426-seed0
EXIT_CODE=0
| domain | n | dino_mean_deg | vggt_mean_deg | spearman_err | both_lt10 | dino_only_lt10 | vggt_only_lt10 | neither_lt10 | oracle_of_two_acc@10 | root_agree | L2_prefix_agree | pred_pred_dist_median_deg | agree_frac(dist<20) | dino_acc_when_agree | dino_acc_when_disagree | vggt_acc_when_disagree |
|---|---|---|---|---|---|---|---|---|---|---|---|---|---|---|---|---|
| lightbox | 1000.000 | 76.102 | 86.659 | 0.298 | 0.003 | 0.034 | 0.025 | 0.939 | 0.061 | 0.544 | 0.108 | 90.831 | 0.062 | 0.159 | 0.028 | 0.022 |
| sunlamp | 1000.000 | 79.126 | 92.499 | 0.144 | 0.001 | 0.014 | 0.012 | 0.973 | 0.027 | 0.472 | 0.072 | 106.516 | 0.037 | 0.063 | 0.013 | 0.011 |
| synthetic_val | 1500.000 | 27.679 | 49.118 | 0.384 | 0.049 | 0.153 | 0.068 | 0.731 | 0.269 | 0.801 | 0.398 | 32.610 | 0.297 | 0.376 | 0.127 | 0.033 | 

| domain | object_size | crop_side_px_median | dino_mean_deg | vggt_mean_deg |
|---|---|---|---|---|
| lightbox | large | 1200.535 | 75.239 | 79.944 |
| lightbox | medium | 743.274 | 75.889 | 87.598 |
| lightbox | small | 528.851 | 77.173 | 92.416 |
| sunlamp | large | 1243.227 | 76.014 | 85.647 |
| sunlamp | medium | 748.612 | 76.329 | 93.259 |
| sunlamp | small | 527.628 | 85.018 | 98.573 |
| synthetic_val | large | 1286.281 | 30.427 | 50.526 |
| synthetic_val | medium | 732.245 | 24.620 | 46.413 |
| synthetic_val | small | 511.119 | 27.989 | 50.415 | 

| features | domain | mean_shift_over_spread |
|---|---|---|
| dinov3_vitl16:grid4 | synthetic_val | 0.029 |
| dinov3_vitl16:grid4 | lightbox | 0.479 |
| dinov3_vitl16:grid4 | sunlamp | 0.927 |
| vggt_1b:grid4 | synthetic_val | 0.030 |
| vggt_1b:grid4 | lightbox | 0.404 |
| vggt_1b:grid4 | sunlamp | 0.832 | 

| map | grid | domain | low(<0.25) | mid(0.25-0.5) | high(>=0.5) |
|---|---|---|---|---|---|
| dinov3_vitl16:last_grid | 16x16 | synthetic_train | 0.471 | 0.276 | 0.253 |
| dinov3_vitl16:last_grid | 16x16 | synthetic_val | 0.471 | 0.276 | 0.253 |
| dinov3_vitl16:last_grid | 16x16 | lightbox | 0.456 | 0.253 | 0.291 |
| dinov3_vitl16:last_grid | 16x16 | sunlamp | 0.442 | 0.265 | 0.293 |
| vggt_1b:depth | 74x74 | synthetic_train | 0.939 | 0.042 | 0.019 |
| vggt_1b:depth | 74x74 | synthetic_val | 0.939 | 0.042 | 0.019 |
| vggt_1b:depth | 74x74 | lightbox | 0.957 | 0.027 | 0.016 |
| vggt_1b:depth | 74x74 | sunlamp | 0.954 | 0.029 | 0.017 | 

RUN outputs/experiments/EXP-012_complementarity/RUN-20261008-111542-seed0
EXIT_CODE=0
ALL_DONE
