ep 5 train_loss 5.3287 val_mean_deg 11.854 val_median 10.260 discrete_mean 11.854
ep 10 train_loss 3.8899 val_mean_deg 8.568 val_median 7.402 discrete_mean 8.568
ep 15 train_loss 3.3066 val_mean_deg 7.185 val_median 6.325 discrete_mean 7.185
ep 20 train_loss 2.8967 val_mean_deg 6.744 val_median 5.962 discrete_mean 6.744
ep 25 train_loss 2.5436 val_mean_deg 6.644 val_median 5.870 discrete_mean 6.644
ep 30 train_loss 2.2055 val_mean_deg 6.544 val_median 5.754 discrete_mean 6.544
ep 35 train_loss 1.9286 val_mean_deg 6.443 val_median 5.661 discrete_mean 6.443
ep 40 train_loss 1.6569 val_mean_deg 6.484 val_median 5.613 discrete_mean 6.484
ep 45 train_loss 1.4141 val_mean_deg 6.377 val_median 5.542 discrete_mean 6.377
ep 50 train_loss 1.1655 val_mean_deg 6.394 val_median 5.520 discrete_mean 6.394
ep 55 train_loss 0.9561 val_mean_deg 6.255 val_median 5.492 discrete_mean 6.255
ep 60 train_loss 0.7733 val_mean_deg 6.235 val_median 5.428 discrete_mean 6.235
ep 65 train_loss 0.6054 val_mean_deg 6.152 val_median 5.362 discrete_mean 6.152
ep 70 train_loss 0.4771 val_mean_deg 6.190 val_median 5.343 discrete_mean 6.190
ep 75 train_loss 0.3658 val_mean_deg 6.104 val_median 5.291 discrete_mean 6.104
ep 80 train_loss 0.2869 val_mean_deg 6.026 val_median 5.225 discrete_mean 6.026
ep 85 train_loss 0.2330 val_mean_deg 6.004 val_median 5.213 discrete_mean 6.004
ep 90 train_loss 0.1919 val_mean_deg 5.971 val_median 5.183 discrete_mean 5.971
ep 95 train_loss 0.1704 val_mean_deg 5.969 val_median 5.156 discrete_mean 5.969
ep 100 train_loss 0.1610 val_mean_deg 5.955 val_median 5.146 discrete_mean 5.955
