ep 5 train_loss 5.3022 val_mean_deg 12.245 val_median 10.318 discrete_mean 12.245
ep 10 train_loss 3.9007 val_mean_deg 8.488 val_median 7.321 discrete_mean 8.488
ep 15 train_loss 3.3102 val_mean_deg 7.515 val_median 6.511 discrete_mean 7.515
ep 20 train_loss 2.8928 val_mean_deg 7.144 val_median 6.160 discrete_mean 7.144
ep 25 train_loss 2.5447 val_mean_deg 6.821 val_median 5.962 discrete_mean 6.821
ep 30 train_loss 2.2285 val_mean_deg 6.713 val_median 5.823 discrete_mean 6.713
ep 35 train_loss 1.9439 val_mean_deg 6.637 val_median 5.660 discrete_mean 6.637
ep 40 train_loss 1.6479 val_mean_deg 6.548 val_median 5.668 discrete_mean 6.548
ep 45 train_loss 1.3873 val_mean_deg 6.530 val_median 5.656 discrete_mean 6.530
ep 50 train_loss 1.1514 val_mean_deg 6.436 val_median 5.572 discrete_mean 6.436
ep 55 train_loss 0.9475 val_mean_deg 6.553 val_median 5.586 discrete_mean 6.553
ep 60 train_loss 0.7561 val_mean_deg 6.450 val_median 5.510 discrete_mean 6.450
ep 65 train_loss 0.5949 val_mean_deg 6.390 val_median 5.460 discrete_mean 6.390
ep 70 train_loss 0.4560 val_mean_deg 6.353 val_median 5.374 discrete_mean 6.353
ep 75 train_loss 0.3583 val_mean_deg 6.310 val_median 5.354 discrete_mean 6.310
ep 80 train_loss 0.2777 val_mean_deg 6.258 val_median 5.314 discrete_mean 6.258
ep 85 train_loss 0.2182 val_mean_deg 6.202 val_median 5.295 discrete_mean 6.202
ep 90 train_loss 0.1820 val_mean_deg 6.161 val_median 5.247 discrete_mean 6.161
ep 95 train_loss 0.1622 val_mean_deg 6.126 val_median 5.221 discrete_mean 6.126
ep 100 train_loss 0.1553 val_mean_deg 6.117 val_median 5.213 discrete_mean 6.117
