ep 5 train_loss 10.5924 val_mean_deg 96.85 val_median 94.02 val_root 0.541
ep 10 train_loss 8.4093 val_mean_deg 76.30 val_median 62.42 val_root 0.632
ep 15 train_loss 6.3149 val_mean_deg 70.33 val_median 47.48 val_root 0.650
ep 20 train_loss 4.5429 val_mean_deg 68.61 val_median 43.45 val_root 0.658
ep 25 train_loss 3.1640 val_mean_deg 66.23 val_median 37.57 val_root 0.661
ep 30 train_loss 2.2054 val_mean_deg 64.53 val_median 36.82 val_root 0.673
ep 35 train_loss 1.5244 val_mean_deg 64.37 val_median 37.64 val_root 0.674
ep 40 train_loss 1.0997 val_mean_deg 63.20 val_median 34.61 val_root 0.683
ep 45 train_loss 0.8255 val_mean_deg 65.41 val_median 38.65 val_root 0.669
ep 50 train_loss 0.6599 val_mean_deg 64.13 val_median 36.36 val_root 0.675
ep 55 train_loss 0.5307 val_mean_deg 64.59 val_median 35.50 val_root 0.672
ep 60 train_loss 0.4344 val_mean_deg 63.70 val_median 33.91 val_root 0.672
ep 65 train_loss 0.3695 val_mean_deg 63.86 val_median 34.89 val_root 0.677
ep 70 train_loss 0.3277 val_mean_deg 64.67 val_median 35.69 val_root 0.670
ep 75 train_loss 0.2872 val_mean_deg 62.92 val_median 33.53 val_root 0.677
ep 80 train_loss 0.2695 val_mean_deg 62.97 val_median 33.15 val_root 0.684
ep 85 train_loss 0.2489 val_mean_deg 63.53 val_median 33.61 val_root 0.676
ep 90 train_loss 0.2437 val_mean_deg 63.15 val_median 34.09 val_root 0.678
ep 95 train_loss 0.2379 val_mean_deg 63.01 val_median 33.64 val_root 0.677
ep 100 train_loss 0.2391 val_mean_deg 62.91 val_median 33.52 val_root 0.677
