ep 5 train_loss 5.5016 val_mean_deg 15.47 val_median 10.87 val_root 0.944
ep 10 train_loss 3.6494 val_mean_deg 9.16 val_median 7.25 val_root 0.958
ep 15 train_loss 2.9620 val_mean_deg 8.02 val_median 6.43 val_root 0.959
ep 20 train_loss 2.5063 val_mean_deg 7.48 val_median 6.01 val_root 0.961
ep 25 train_loss 2.1218 val_mean_deg 7.36 val_median 5.92 val_root 0.962
ep 30 train_loss 1.8064 val_mean_deg 7.33 val_median 5.79 val_root 0.960
ep 35 train_loss 1.5091 val_mean_deg 7.10 val_median 5.73 val_root 0.963
ep 40 train_loss 1.2444 val_mean_deg 7.21 val_median 5.65 val_root 0.961
ep 45 train_loss 1.0202 val_mean_deg 6.94 val_median 5.57 val_root 0.964
ep 50 train_loss 0.8424 val_mean_deg 6.95 val_median 5.55 val_root 0.963
ep 55 train_loss 0.6702 val_mean_deg 6.96 val_median 5.50 val_root 0.963
ep 60 train_loss 0.5335 val_mean_deg 6.94 val_median 5.49 val_root 0.964
ep 65 train_loss 0.4300 val_mean_deg 6.86 val_median 5.47 val_root 0.965
ep 70 train_loss 0.3479 val_mean_deg 6.93 val_median 5.42 val_root 0.963
ep 75 train_loss 0.2830 val_mean_deg 6.73 val_median 5.37 val_root 0.965
ep 80 train_loss 0.2403 val_mean_deg 6.83 val_median 5.34 val_root 0.965
ep 85 train_loss 0.2035 val_mean_deg 6.75 val_median 5.34 val_root 0.965
ep 90 train_loss 0.1790 val_mean_deg 6.74 val_median 5.34 val_root 0.965
ep 95 train_loss 0.1717 val_mean_deg 6.72 val_median 5.31 val_root 0.966
ep 100 train_loss 0.1691 val_mean_deg 6.71 val_median 5.30 val_root 0.966
