ep 5 train_loss 10.4892 val_mean_deg 92.31 val_median 89.96 val_root 0.635
ep 10 train_loss 8.5121 val_mean_deg 70.96 val_median 56.22 val_root 0.756
ep 15 train_loss 6.9020 val_mean_deg 60.22 val_median 39.11 val_root 0.758
ep 20 train_loss 5.2057 val_mean_deg 53.94 val_median 32.44 val_root 0.772
ep 25 train_loss 3.8298 val_mean_deg 52.58 val_median 31.04 val_root 0.778
ep 30 train_loss 2.6039 val_mean_deg 50.91 val_median 29.54 val_root 0.793
ep 35 train_loss 1.6552 val_mean_deg 50.86 val_median 28.83 val_root 0.784
ep 40 train_loss 0.9910 val_mean_deg 50.01 val_median 28.80 val_root 0.782
ep 45 train_loss 0.5708 val_mean_deg 50.26 val_median 26.67 val_root 0.779
ep 50 train_loss 0.3334 val_mean_deg 49.38 val_median 26.59 val_root 0.778
ep 55 train_loss 0.2221 val_mean_deg 49.93 val_median 27.86 val_root 0.784
ep 60 train_loss 0.1595 val_mean_deg 49.49 val_median 27.47 val_root 0.788
ep 65 train_loss 0.1064 val_mean_deg 50.12 val_median 27.79 val_root 0.789
ep 70 train_loss 0.0914 val_mean_deg 48.64 val_median 26.40 val_root 0.794
ep 75 train_loss 0.0735 val_mean_deg 48.42 val_median 27.05 val_root 0.796
ep 80 train_loss 0.0665 val_mean_deg 48.63 val_median 26.73 val_root 0.795
ep 85 train_loss 0.0584 val_mean_deg 48.56 val_median 26.14 val_root 0.793
ep 90 train_loss 0.0558 val_mean_deg 48.86 val_median 26.87 val_root 0.793
ep 95 train_loss 0.0548 val_mean_deg 48.66 val_median 27.27 val_root 0.792
ep 100 train_loss 0.0532 val_mean_deg 48.68 val_median 27.04 val_root 0.791
