ep 5 train_loss 11.0004 val_mean_deg 108.05 val_median 108.98 val_root 0.483
ep 10 train_loss 9.6859 val_mean_deg 96.37 val_median 93.84 val_root 0.531
ep 15 train_loss 7.9066 val_mean_deg 91.88 val_median 90.81 val_root 0.581
ep 20 train_loss 5.9319 val_mean_deg 88.17 val_median 85.13 val_root 0.585
ep 25 train_loss 4.1289 val_mean_deg 86.83 val_median 84.71 val_root 0.594
ep 30 train_loss 2.6861 val_mean_deg 85.80 val_median 82.62 val_root 0.593
ep 35 train_loss 1.7810 val_mean_deg 86.14 val_median 84.89 val_root 0.592
ep 40 train_loss 1.2043 val_mean_deg 86.45 val_median 83.58 val_root 0.581
ep 45 train_loss 0.8555 val_mean_deg 85.52 val_median 81.11 val_root 0.583
ep 50 train_loss 0.6282 val_mean_deg 85.74 val_median 85.11 val_root 0.581
ep 55 train_loss 0.4903 val_mean_deg 85.69 val_median 80.51 val_root 0.583
ep 60 train_loss 0.3879 val_mean_deg 85.27 val_median 81.55 val_root 0.581
ep 65 train_loss 0.3171 val_mean_deg 85.54 val_median 82.66 val_root 0.584
ep 70 train_loss 0.2880 val_mean_deg 84.87 val_median 81.17 val_root 0.588
ep 75 train_loss 0.2485 val_mean_deg 84.93 val_median 80.79 val_root 0.585
ep 80 train_loss 0.2280 val_mean_deg 85.16 val_median 81.60 val_root 0.587
ep 85 train_loss 0.2114 val_mean_deg 85.50 val_median 82.79 val_root 0.581
ep 90 train_loss 0.2064 val_mean_deg 85.33 val_median 81.17 val_root 0.580
ep 95 train_loss 0.1944 val_mean_deg 85.36 val_median 81.20 val_root 0.579
ep 100 train_loss 0.1954 val_mean_deg 85.27 val_median 81.25 val_root 0.581
