ep 5 train_loss 7.9110 val_mean_deg 50.09 val_median 36.85 val_root 0.868
ep 10 train_loss 5.0289 val_mean_deg 38.68 val_median 25.44 val_root 0.888
ep 15 train_loss 3.1110 val_mean_deg 35.43 val_median 22.10 val_root 0.889
ep 20 train_loss 1.6458 val_mean_deg 35.12 val_median 21.68 val_root 0.893
ep 25 train_loss 0.7267 val_mean_deg 33.13 val_median 21.77 val_root 0.902
ep 30 train_loss 0.3744 val_mean_deg 33.34 val_median 21.34 val_root 0.897
ep 35 train_loss 0.2182 val_mean_deg 34.17 val_median 20.63 val_root 0.893
ep 40 train_loss 0.1454 val_mean_deg 33.92 val_median 21.09 val_root 0.895
ep 45 train_loss 0.0706 val_mean_deg 32.28 val_median 20.19 val_root 0.903
ep 50 train_loss 0.0445 val_mean_deg 33.29 val_median 20.62 val_root 0.897
ep 55 train_loss 0.0288 val_mean_deg 32.61 val_median 20.31 val_root 0.903
ep 60 train_loss 0.0203 val_mean_deg 31.61 val_median 19.85 val_root 0.903
ep 65 train_loss 0.0165 val_mean_deg 32.32 val_median 20.31 val_root 0.903
ep 70 train_loss 0.0133 val_mean_deg 31.93 val_median 19.56 val_root 0.905
ep 75 train_loss 0.0106 val_mean_deg 32.00 val_median 19.88 val_root 0.905
ep 80 train_loss 0.0090 val_mean_deg 31.39 val_median 19.86 val_root 0.906
ep 85 train_loss 0.0092 val_mean_deg 31.97 val_median 19.95 val_root 0.906
ep 90 train_loss 0.0087 val_mean_deg 31.86 val_median 19.88 val_root 0.907
ep 95 train_loss 0.0088 val_mean_deg 31.81 val_median 19.83 val_root 0.907
ep 100 train_loss 0.0085 val_mean_deg 31.92 val_median 19.84 val_root 0.906
