ep 5 train_loss 4.7543 val_mean_deg 11.910 val_median 8.719 discrete_mean 11.910
ep 10 train_loss 3.6062 val_mean_deg 8.814 val_median 6.981 discrete_mean 8.814
ep 15 train_loss 3.0971 val_mean_deg 7.964 val_median 6.381 discrete_mean 7.964
ep 20 train_loss 2.7351 val_mean_deg 7.539 val_median 6.112 discrete_mean 7.539
ep 25 train_loss 2.4054 val_mean_deg 7.423 val_median 6.060 discrete_mean 7.423
ep 30 train_loss 2.0671 val_mean_deg 7.119 val_median 5.818 discrete_mean 7.119
ep 35 train_loss 1.7439 val_mean_deg 7.125 val_median 5.819 discrete_mean 7.125
ep 40 train_loss 1.4414 val_mean_deg 6.989 val_median 5.726 discrete_mean 6.989
ep 45 train_loss 1.1734 val_mean_deg 6.861 val_median 5.571 discrete_mean 6.861
ep 50 train_loss 0.9044 val_mean_deg 6.765 val_median 5.579 discrete_mean 6.765
ep 55 train_loss 0.7116 val_mean_deg 6.854 val_median 5.506 discrete_mean 6.854
ep 60 train_loss 0.5348 val_mean_deg 6.794 val_median 5.473 discrete_mean 6.794
ep 65 train_loss 0.3943 val_mean_deg 6.733 val_median 5.396 discrete_mean 6.733
ep 70 train_loss 0.2913 val_mean_deg 6.706 val_median 5.333 discrete_mean 6.706
ep 75 train_loss 0.2224 val_mean_deg 6.568 val_median 5.269 discrete_mean 6.568
ep 80 train_loss 0.1665 val_mean_deg 6.460 val_median 5.247 discrete_mean 6.460
ep 85 train_loss 0.1308 val_mean_deg 6.451 val_median 5.206 discrete_mean 6.451
ep 90 train_loss 0.1080 val_mean_deg 6.393 val_median 5.165 discrete_mean 6.393
ep 95 train_loss 0.0981 val_mean_deg 6.370 val_median 5.184 discrete_mean 6.370
ep 100 train_loss 0.0939 val_mean_deg 6.375 val_median 5.174 discrete_mean 6.375
