ep 5 train_loss 6.3087 val_mean_deg 89.58 val_median 91.63
ep 10 train_loss 1.0191 val_mean_deg 57.95 val_median 18.95
ep 15 train_loss 0.2752 val_mean_deg 56.74 val_median 17.74
ep 20 train_loss 0.1229 val_mean_deg 56.26 val_median 17.44
ep 25 train_loss 0.0691 val_mean_deg 56.19 val_median 17.11
ep 30 train_loss 0.0424 val_mean_deg 54.21 val_median 16.64
ep 35 train_loss 0.0396 val_mean_deg 53.64 val_median 17.07
ep 40 train_loss 0.0303 val_mean_deg 53.80 val_median 16.53
ep 45 train_loss 0.0182 val_mean_deg 53.55 val_median 16.63
ep 50 train_loss 0.0123 val_mean_deg 54.33 val_median 16.77
ep 55 train_loss 0.0101 val_mean_deg 54.87 val_median 16.82
ep 60 train_loss 0.0048 val_mean_deg 53.68 val_median 16.64
ep 65 train_loss 0.0053 val_mean_deg 53.16 val_median 16.54
ep 70 train_loss 0.0028 val_mean_deg 52.81 val_median 16.53
ep 75 train_loss 0.0028 val_mean_deg 53.22 val_median 16.53
ep 80 train_loss 0.0033 val_mean_deg 53.43 val_median 16.63
ep 85 train_loss 0.0024 val_mean_deg 53.42 val_median 16.59
ep 90 train_loss 0.0023 val_mean_deg 53.64 val_median 16.63
ep 95 train_loss 0.0028 val_mean_deg 53.43 val_median 16.59
ep 100 train_loss 0.0026 val_mean_deg 53.43 val_median 16.59
