dinov3_vitl16:l11_cls+mean seed 0 synthetic_val: mean 63.2 med 39.5 root 0.70 | lightbox: mean 113.4 med 118.1 root 0.37 | sunlamp: mean 115.1 med 120.4 root 0.37
RUN outputs/experiments/EXP-010_dinov3_baseline/RUN-20261005-181241-seed0
dinov3_vitl16:l11_cls+mean seed 1 synthetic_val: mean 63.6 med 38.9 root 0.71 | lightbox: mean 112.7 med 121.3 root 0.39 | sunlamp: mean 115.5 med 118.7 root 0.37
RUN outputs/experiments/EXP-010_dinov3_baseline/RUN-20261005-181321-seed1
dinov3_vitl16:l11_cls+mean seed 2 synthetic_val: mean 65.5 med 39.6 root 0.70 | lightbox: mean 111.1 med 117.0 root 0.40 | sunlamp: mean 111.6 med 116.4 root 0.39
RUN outputs/experiments/EXP-010_dinov3_baseline/RUN-20261005-181416-seed2
dinov3_vitl16:l17_cls+mean seed 0 synthetic_val: mean 47.1 med 25.0 root 0.81 | lightbox: mean 106.4 med 111.2 root 0.43 | sunlamp: mean 106.3 med 107.4 root 0.50
RUN outputs/experiments/EXP-010_dinov3_baseline/RUN-20261005-181509-seed0
dinov3_vitl16:l17_cls+mean seed 1 synthetic_val: mean 46.6 med 24.7 root 0.81 | lightbox: mean 106.1 med 110.4 root 0.41 | sunlamp: mean 106.1 med 105.7 root 0.48
RUN outputs/experiments/EXP-010_dinov3_baseline/RUN-20261005-181600-seed1
dinov3_vitl16:l17_cls+mean seed 2 synthetic_val: mean 47.5 med 24.3 root 0.80 | lightbox: mean 105.8 med 111.6 root 0.42 | sunlamp: mean 105.1 med 107.3 root 0.51
RUN outputs/experiments/EXP-010_dinov3_baseline/RUN-20261005-181656-seed2
dinov3_vitl16:l23_cls+mean seed 0 synthetic_val: mean 37.5 med 20.9 root 0.85 | lightbox: mean 96.7 med 99.0 root 0.46 | sunlamp: mean 97.1 med 96.5 root 0.53
RUN outputs/experiments/EXP-010_dinov3_baseline/RUN-20261005-181743-seed0
dinov3_vitl16:l23_cls+mean seed 1 synthetic_val: mean 39.3 med 20.6 root 0.84 | lightbox: mean 95.7 med 95.7 root 0.47 | sunlamp: mean 103.3 med 106.3 root 0.47
RUN outputs/experiments/EXP-010_dinov3_baseline/RUN-20261005-181843-seed1
dinov3_vitl16:l23_cls+mean seed 2 synthetic_val: mean 38.6 med 20.2 root 0.84 | lightbox: mean 93.6 med 92.2 root 0.49 | sunlamp: mean 97.0 med 97.0 root 0.54
RUN outputs/experiments/EXP-010_dinov3_baseline/RUN-20261005-181928-seed2
dinov3_vitl16:grid4 seed 0 synthetic_val: mean 26.8 med 16.8 root 0.91 | lightbox: mean 76.7 med 64.1 root 0.60 | sunlamp: mean 79.5 med 69.7 root 0.63
RUN outputs/experiments/EXP-010_dinov3_baseline/RUN-20261005-182025-seed0
dinov3_vitl16:grid4 seed 1 synthetic_val: mean 28.3 med 17.7 root 0.91 | lightbox: mean 76.7 med 61.4 root 0.61 | sunlamp: mean 78.4 med 70.2 root 0.64
RUN outputs/experiments/EXP-010_dinov3_baseline/RUN-20261005-182153-seed1
dinov3_vitl16:grid4 seed 2 synthetic_val: mean 27.9 med 17.0 root 0.91 | lightbox: mean 74.9 med 61.2 root 0.63 | sunlamp: mean 79.4 med 70.9 root 0.62
RUN outputs/experiments/EXP-010_dinov3_baseline/RUN-20261005-182313-seed2
vggt_1b:l4_cam+mean seed 0 synthetic_val: mean 54.6 med 29.9 root 0.79 | lightbox: mean 103.0 med 108.5 root 0.46 | sunlamp: mean 106.9 med 109.0 root 0.42
RUN outputs/experiments/EXP-011_vggt_controls/RUN-20261005-185228-seed0
vggt_1b:l4_cam+mean seed 1 synthetic_val: mean 56.1 med 30.5 root 0.78 | lightbox: mean 106.8 med 113.6 root 0.45 | sunlamp: mean 111.2 med 115.0 root 0.41
RUN outputs/experiments/EXP-011_vggt_controls/RUN-20261005-185305-seed1
vggt_1b:l4_cam+mean seed 2 synthetic_val: mean 53.7 med 27.9 root 0.79 | lightbox: mean 104.9 med 109.4 root 0.42 | sunlamp: mean 112.4 med 117.4 root 0.42
RUN outputs/experiments/EXP-011_vggt_controls/RUN-20261005-185351-seed2
vggt_1b:l11_cam+mean seed 0 synthetic_val: mean 49.4 med 25.9 root 0.82 | lightbox: mean 101.3 med 103.5 root 0.47 | sunlamp: mean 107.5 med 110.5 root 0.44
RUN outputs/experiments/EXP-011_vggt_controls/RUN-20261005-185423-seed0
vggt_1b:l11_cam+mean seed 1 synthetic_val: mean 48.5 med 24.8 root 0.81 | lightbox: mean 100.7 med 103.4 root 0.49 | sunlamp: mean 108.0 med 111.0 root 0.47
RUN outputs/experiments/EXP-011_vggt_controls/RUN-20261005-185512-seed1
vggt_1b:l11_cam+mean seed 2 synthetic_val: mean 48.2 med 25.3 root 0.81 | lightbox: mean 102.5 med 107.1 root 0.47 | sunlamp: mean 105.1 med 107.8 root 0.46
RUN outputs/experiments/EXP-011_vggt_controls/RUN-20261005-185545-seed2
vggt_1b:l17_cam+mean seed 0 synthetic_val: mean 66.6 med 45.5 root 0.72 | lightbox: mean 106.0 med 110.6 root 0.46 | sunlamp: mean 108.8 med 112.7 root 0.44
RUN outputs/experiments/EXP-011_vggt_controls/RUN-20261005-185630-seed0
vggt_1b:l17_cam+mean seed 1 synthetic_val: mean 66.2 med 44.8 root 0.71 | lightbox: mean 100.9 med 102.4 root 0.48 | sunlamp: mean 106.5 med 110.0 root 0.45
RUN outputs/experiments/EXP-011_vggt_controls/RUN-20261005-185714-seed1
vggt_1b:l17_cam+mean seed 2 synthetic_val: mean 65.8 med 42.5 root 0.71 | lightbox: mean 103.0 med 106.8 root 0.46 | sunlamp: mean 107.8 med 112.9 root 0.44
RUN outputs/experiments/EXP-011_vggt_controls/RUN-20261005-185749-seed2
vggt_1b:l23_cam+mean seed 0 synthetic_val: mean 70.0 med 50.5 root 0.66 | lightbox: mean 104.2 med 107.7 root 0.45 | sunlamp: mean 112.6 med 120.0 root 0.41
RUN outputs/experiments/EXP-011_vggt_controls/RUN-20261005-185840-seed0
vggt_1b:l23_cam+mean seed 1 synthetic_val: mean 70.1 med 52.8 root 0.66 | lightbox: mean 104.2 med 107.8 root 0.45 | sunlamp: mean 113.2 med 119.2 root 0.39
RUN outputs/experiments/EXP-011_vggt_controls/RUN-20261005-185909-seed1
vggt_1b:l23_cam+mean seed 2 synthetic_val: mean 68.4 med 49.5 root 0.67 | lightbox: mean 105.0 med 110.3 root 0.44 | sunlamp: mean 110.2 med 115.0 root 0.43
RUN outputs/experiments/EXP-011_vggt_controls/RUN-20261005-190000-seed2
vggt_1b:l23_cam seed 0 synthetic_val: mean 73.7 med 58.4 root 0.64 | lightbox: mean 107.1 med 114.0 root 0.44 | sunlamp: mean 109.6 med 114.7 root 0.42
RUN outputs/experiments/EXP-011_vggt_controls/RUN-20261005-190037-seed0
vggt_1b:l23_cam seed 1 synthetic_val: mean 71.5 med 55.9 root 0.66 | lightbox: mean 106.6 med 111.4 root 0.44 | sunlamp: mean 111.8 med 120.2 root 0.41
RUN outputs/experiments/EXP-011_vggt_controls/RUN-20261005-190118-seed1
vggt_1b:l23_cam seed 2 synthetic_val: mean 72.7 med 57.7 root 0.64 | lightbox: mean 108.3 med 115.5 root 0.40 | sunlamp: mean 110.8 med 118.5 root 0.39
RUN outputs/experiments/EXP-011_vggt_controls/RUN-20261005-190205-seed2
vggt_1b:l23_mean seed 0 synthetic_val: mean 69.9 med 52.7 root 0.68 | lightbox: mean 105.6 med 109.2 root 0.43 | sunlamp: mean 115.0 med 124.2 root 0.36
RUN outputs/experiments/EXP-011_vggt_controls/RUN-20261005-190236-seed0
vggt_1b:l23_mean seed 1 synthetic_val: mean 70.8 med 52.9 root 0.66 | lightbox: mean 103.2 med 107.1 root 0.45 | sunlamp: mean 114.8 med 121.7 root 0.37
RUN outputs/experiments/EXP-011_vggt_controls/RUN-20261005-190328-seed1
vggt_1b:l23_mean seed 2 synthetic_val: mean 69.0 med 49.6 root 0.67 | lightbox: mean 105.0 med 110.5 root 0.45 | sunlamp: mean 115.0 med 122.9 root 0.35
RUN outputs/experiments/EXP-011_vggt_controls/RUN-20261005-190357-seed2
vggt_1b:grid4 seed 0 synthetic_val: mean 48.4 med 27.0 root 0.80 | lightbox: mean 86.0 med 82.7 root 0.57 | sunlamp: mean 91.6 med 91.0 root 0.55
RUN outputs/experiments/EXP-011_vggt_controls/RUN-20261005-190446-seed0
vggt_1b:grid4 seed 1 synthetic_val: mean 49.0 med 26.9 root 0.80 | lightbox: mean 86.6 med 85.2 root 0.56 | sunlamp: mean 95.2 med 95.4 root 0.53
RUN outputs/experiments/EXP-011_vggt_controls/RUN-20261005-190555-seed1
vggt_1b:grid4 seed 2 synthetic_val: mean 49.9 med 27.2 root 0.80 | lightbox: mean 87.4 med 85.1 root 0.57 | sunlamp: mean 90.6 med 88.4 root 0.57
RUN outputs/experiments/EXP-011_vggt_controls/RUN-20261005-190651-seed2
vggt_1b:depthconf16 seed 0 synthetic_val: mean 67.0 med 36.7 root 0.64 | lightbox: mean 96.8 med 101.6 root 0.45 | sunlamp: mean 101.4 med 109.3 root 0.45
RUN outputs/experiments/EXP-011_vggt_controls/RUN-20261005-190745-seed0
vggt_1b:depthconf16 seed 1 synthetic_val: mean 65.9 med 35.9 root 0.65 | lightbox: mean 96.5 med 102.0 root 0.46 | sunlamp: mean 98.8 med 102.2 root 0.45
RUN outputs/experiments/EXP-011_vggt_controls/RUN-20261005-190836-seed1
vggt_1b:depthconf16 seed 2 synthetic_val: mean 65.6 med 35.9 root 0.64 | lightbox: mean 98.3 med 106.0 root 0.44 | sunlamp: mean 98.7 med 107.1 root 0.45
RUN outputs/experiments/EXP-011_vggt_controls/RUN-20261005-190912-seed2
vggt_1b:points16 seed 0 synthetic_val: mean 67.7 med 38.9 root 0.64 | lightbox: mean 103.9 med 113.2 root 0.42 | sunlamp: mean 107.5 med 118.5 root 0.40
RUN outputs/experiments/EXP-011_vggt_controls/RUN-20261005-190955-seed0
vggt_1b:points16 seed 1 synthetic_val: mean 66.3 med 37.5 root 0.66 | lightbox: mean 102.8 med 110.6 root 0.43 | sunlamp: mean 106.9 med 116.4 root 0.42
RUN outputs/experiments/EXP-011_vggt_controls/RUN-20261005-191041-seed1
vggt_1b:points16 seed 2 synthetic_val: mean 67.7 med 39.4 root 0.64 | lightbox: mean 102.7 med 109.4 root 0.43 | sunlamp: mean 104.8 med 115.6 root 0.43
RUN outputs/experiments/EXP-011_vggt_controls/RUN-20261005-191118-seed2
SWEEPS_DONE
