ep 5 train_loss 7.4475 val_mean_deg 31.889 val_median 12.813 discrete_mean 31.889
ep 10 train_loss 5.8072 val_mean_deg 22.364 val_median 8.464 discrete_mean 22.364
ep 15 train_loss 5.2947 val_mean_deg 20.240 val_median 7.359 discrete_mean 20.240
ep 20 train_loss 5.0264 val_mean_deg 18.895 val_median 6.901 discrete_mean 18.895
ep 25 train_loss 4.8417 val_mean_deg 18.342 val_median 6.714 discrete_mean 18.342
ep 30 train_loss 4.6997 val_mean_deg 17.951 val_median 6.560 discrete_mean 17.951
ep 35 train_loss 4.5851 val_mean_deg 17.994 val_median 6.574 discrete_mean 17.994
ep 40 train_loss 4.4804 val_mean_deg 17.822 val_median 6.393 discrete_mean 17.822
ep 45 train_loss 4.4007 val_mean_deg 17.168 val_median 6.383 discrete_mean 17.168
ep 50 train_loss 4.3299 val_mean_deg 17.259 val_median 6.276 discrete_mean 17.259
ep 55 train_loss 4.2568 val_mean_deg 17.117 val_median 6.240 discrete_mean 17.117
ep 60 train_loss 4.1972 val_mean_deg 17.344 val_median 6.144 discrete_mean 17.344
ep 65 train_loss 4.1528 val_mean_deg 17.045 val_median 6.173 discrete_mean 17.045
ep 70 train_loss 4.1065 val_mean_deg 16.910 val_median 6.059 discrete_mean 16.910
ep 75 train_loss 4.0706 val_mean_deg 16.473 val_median 6.016 discrete_mean 16.473
ep 80 train_loss 4.0376 val_mean_deg 16.684 val_median 5.985 discrete_mean 16.684
ep 85 train_loss 4.0134 val_mean_deg 16.805 val_median 5.977 discrete_mean 16.805
ep 90 train_loss 4.0023 val_mean_deg 16.588 val_median 5.932 discrete_mean 16.588
ep 95 train_loss 3.9878 val_mean_deg 16.734 val_median 5.929 discrete_mean 16.734
ep 100 train_loss 3.9890 val_mean_deg 16.770 val_median 5.929 discrete_mean 16.770
