ep 5 train_loss 6.5831 val_mean_deg 31.72 val_median 12.53 val_root 0.844
ep 10 train_loss 4.4008 val_mean_deg 22.01 val_median 7.97 val_root 0.883
ep 15 train_loss 3.6529 val_mean_deg 19.95 val_median 7.20 val_root 0.894
ep 20 train_loss 3.1826 val_mean_deg 19.68 val_median 7.03 val_root 0.892
ep 25 train_loss 2.8235 val_mean_deg 18.80 val_median 6.72 val_root 0.896
ep 30 train_loss 2.5230 val_mean_deg 18.52 val_median 6.68 val_root 0.900
ep 35 train_loss 2.2784 val_mean_deg 18.50 val_median 6.69 val_root 0.898
ep 40 train_loss 2.0677 val_mean_deg 18.55 val_median 6.54 val_root 0.897
ep 45 train_loss 1.8825 val_mean_deg 18.55 val_median 6.62 val_root 0.896
ep 50 train_loss 1.7185 val_mean_deg 18.10 val_median 6.55 val_root 0.900
ep 55 train_loss 1.5515 val_mean_deg 18.28 val_median 6.57 val_root 0.897
ep 60 train_loss 1.4186 val_mean_deg 17.93 val_median 6.45 val_root 0.897
ep 65 train_loss 1.2973 val_mean_deg 18.07 val_median 6.46 val_root 0.899
ep 70 train_loss 1.1976 val_mean_deg 17.92 val_median 6.42 val_root 0.898
ep 75 train_loss 1.1083 val_mean_deg 18.12 val_median 6.38 val_root 0.898
ep 80 train_loss 1.0409 val_mean_deg 18.04 val_median 6.38 val_root 0.898
ep 85 train_loss 0.9946 val_mean_deg 17.81 val_median 6.38 val_root 0.900
ep 90 train_loss 0.9558 val_mean_deg 17.86 val_median 6.37 val_root 0.900
ep 95 train_loss 0.9420 val_mean_deg 17.88 val_median 6.37 val_root 0.898
ep 100 train_loss 0.9355 val_mean_deg 17.89 val_median 6.36 val_root 0.898
