ep 5 train_loss 10.7524 val_mean_deg 100.96 val_median 101.72 val_root 0.559
ep 10 train_loss 9.1808 val_mean_deg 83.14 val_median 76.74 val_root 0.638
ep 15 train_loss 7.2307 val_mean_deg 75.80 val_median 60.53 val_root 0.652
ep 20 train_loss 5.2000 val_mean_deg 72.24 val_median 55.50 val_root 0.661
ep 25 train_loss 3.5316 val_mean_deg 71.27 val_median 54.78 val_root 0.670
ep 30 train_loss 2.2940 val_mean_deg 73.41 val_median 58.52 val_root 0.655
ep 35 train_loss 1.4213 val_mean_deg 71.55 val_median 54.51 val_root 0.659
ep 40 train_loss 0.9396 val_mean_deg 71.40 val_median 50.95 val_root 0.655
ep 45 train_loss 0.6031 val_mean_deg 71.79 val_median 52.31 val_root 0.651
ep 50 train_loss 0.4437 val_mean_deg 71.15 val_median 52.60 val_root 0.649
ep 55 train_loss 0.3196 val_mean_deg 71.03 val_median 50.58 val_root 0.658
ep 60 train_loss 0.2556 val_mean_deg 70.54 val_median 49.44 val_root 0.645
ep 65 train_loss 0.2000 val_mean_deg 70.52 val_median 48.96 val_root 0.653
ep 70 train_loss 0.1672 val_mean_deg 70.01 val_median 50.47 val_root 0.655
ep 75 train_loss 0.1460 val_mean_deg 70.84 val_median 51.70 val_root 0.653
ep 80 train_loss 0.1304 val_mean_deg 70.46 val_median 50.87 val_root 0.645
ep 85 train_loss 0.1293 val_mean_deg 70.30 val_median 50.39 val_root 0.653
ep 90 train_loss 0.1228 val_mean_deg 70.55 val_median 50.68 val_root 0.652
ep 95 train_loss 0.1171 val_mean_deg 70.64 val_median 50.92 val_root 0.651
ep 100 train_loss 0.1147 val_mean_deg 70.49 val_median 50.61 val_root 0.653
