ep 5 train_loss 3.7273 val_mean_deg 83.20 val_median 82.02
ep 10 train_loss 0.2365 val_mean_deg 71.37 val_median 42.68
ep 15 train_loss 0.0629 val_mean_deg 68.79 val_median 37.57
ep 20 train_loss 0.0415 val_mean_deg 68.71 val_median 38.03
ep 25 train_loss 0.0528 val_mean_deg 68.30 val_median 36.57
ep 30 train_loss 0.0924 val_mean_deg 71.30 val_median 43.34
ep 35 train_loss 0.0889 val_mean_deg 72.13 val_median 43.42
ep 40 train_loss 0.0268 val_mean_deg 69.76 val_median 40.47
ep 45 train_loss 0.0019 val_mean_deg 66.17 val_median 34.64
ep 50 train_loss 0.0005 val_mean_deg 66.07 val_median 35.02
ep 55 train_loss 0.0003 val_mean_deg 65.02 val_median 33.29
ep 60 train_loss 0.0002 val_mean_deg 65.25 val_median 33.51
ep 65 train_loss 0.0002 val_mean_deg 65.05 val_median 33.36
ep 70 train_loss 0.0003 val_mean_deg 64.59 val_median 33.24
ep 75 train_loss 0.0002 val_mean_deg 64.67 val_median 33.44
ep 80 train_loss 0.0002 val_mean_deg 64.59 val_median 33.29
ep 85 train_loss 0.0002 val_mean_deg 64.60 val_median 33.29
ep 90 train_loss 0.0002 val_mean_deg 64.45 val_median 33.24
ep 95 train_loss 0.0002 val_mean_deg 64.44 val_median 33.10
ep 100 train_loss 0.0002 val_mean_deg 64.44 val_median 33.10
