ep 5 train_loss 9.6472 val_mean_deg 80.02 val_median 71.34 val_root 0.695
ep 10 train_loss 6.9421 val_mean_deg 62.50 val_median 47.42 val_root 0.784
ep 15 train_loss 4.7432 val_mean_deg 57.59 val_median 37.47 val_root 0.765
ep 20 train_loss 2.8553 val_mean_deg 55.63 val_median 35.68 val_root 0.780
ep 25 train_loss 1.6500 val_mean_deg 56.41 val_median 35.66 val_root 0.790
ep 30 train_loss 0.8737 val_mean_deg 55.55 val_median 35.30 val_root 0.787
ep 35 train_loss 0.5162 val_mean_deg 54.94 val_median 33.38 val_root 0.777
ep 40 train_loss 0.3156 val_mean_deg 54.71 val_median 32.95 val_root 0.787
ep 45 train_loss 0.2189 val_mean_deg 54.90 val_median 34.67 val_root 0.796
ep 50 train_loss 0.1524 val_mean_deg 54.62 val_median 33.54 val_root 0.786
ep 55 train_loss 0.1206 val_mean_deg 54.14 val_median 33.07 val_root 0.778
ep 60 train_loss 0.0946 val_mean_deg 53.60 val_median 32.21 val_root 0.789
ep 65 train_loss 0.0720 val_mean_deg 53.69 val_median 32.15 val_root 0.789
ep 70 train_loss 0.0644 val_mean_deg 53.33 val_median 34.09 val_root 0.789
ep 75 train_loss 0.0531 val_mean_deg 53.09 val_median 32.49 val_root 0.789
ep 80 train_loss 0.0452 val_mean_deg 53.28 val_median 31.67 val_root 0.787
ep 85 train_loss 0.0460 val_mean_deg 53.23 val_median 32.63 val_root 0.793
ep 90 train_loss 0.0427 val_mean_deg 53.41 val_median 32.42 val_root 0.789
ep 95 train_loss 0.0393 val_mean_deg 53.31 val_median 31.62 val_root 0.792
ep 100 train_loss 0.0384 val_mean_deg 53.41 val_median 32.01 val_root 0.792
