ep 5 train_loss 9.5485 val_mean_deg 74.19 val_median 67.69 val_root 0.766
ep 10 train_loss 6.9743 val_mean_deg 49.09 val_median 33.28 val_root 0.839
ep 15 train_loss 4.9041 val_mean_deg 41.46 val_median 24.23 val_root 0.839
ep 20 train_loss 3.3446 val_mean_deg 39.94 val_median 21.50 val_root 0.839
ep 25 train_loss 2.1734 val_mean_deg 39.64 val_median 21.13 val_root 0.852
ep 30 train_loss 1.3447 val_mean_deg 39.50 val_median 20.56 val_root 0.849
ep 35 train_loss 0.8904 val_mean_deg 39.56 val_median 20.51 val_root 0.840
ep 40 train_loss 0.5985 val_mean_deg 39.98 val_median 20.73 val_root 0.841
ep 45 train_loss 0.4120 val_mean_deg 38.93 val_median 20.23 val_root 0.855
ep 50 train_loss 0.3191 val_mean_deg 39.87 val_median 20.45 val_root 0.840
ep 55 train_loss 0.2424 val_mean_deg 39.61 val_median 20.14 val_root 0.844
ep 60 train_loss 0.1860 val_mean_deg 39.07 val_median 20.08 val_root 0.844
ep 65 train_loss 0.1575 val_mean_deg 38.80 val_median 19.93 val_root 0.850
ep 70 train_loss 0.1351 val_mean_deg 38.59 val_median 19.66 val_root 0.853
ep 75 train_loss 0.1185 val_mean_deg 38.03 val_median 19.67 val_root 0.853
ep 80 train_loss 0.1052 val_mean_deg 38.37 val_median 19.57 val_root 0.855
ep 85 train_loss 0.1031 val_mean_deg 37.95 val_median 19.62 val_root 0.853
ep 90 train_loss 0.0980 val_mean_deg 37.86 val_median 19.46 val_root 0.853
ep 95 train_loss 0.0944 val_mean_deg 37.95 val_median 19.54 val_root 0.853
ep 100 train_loss 0.0929 val_mean_deg 37.85 val_median 19.54 val_root 0.853
