ep 5 train_loss 10.0996 val_mean_deg 81.44 val_median 74.82 val_root 0.730
ep 10 train_loss 7.9937 val_mean_deg 63.02 val_median 43.99 val_root 0.791
ep 15 train_loss 6.0811 val_mean_deg 52.17 val_median 29.10 val_root 0.805
ep 20 train_loss 4.5457 val_mean_deg 48.77 val_median 25.79 val_root 0.810
ep 25 train_loss 3.2497 val_mean_deg 48.33 val_median 24.76 val_root 0.805
ep 30 train_loss 2.2952 val_mean_deg 47.82 val_median 24.43 val_root 0.815
ep 35 train_loss 1.5931 val_mean_deg 47.46 val_median 24.21 val_root 0.803
ep 40 train_loss 1.1704 val_mean_deg 48.90 val_median 24.41 val_root 0.802
ep 45 train_loss 0.8520 val_mean_deg 48.75 val_median 24.08 val_root 0.808
ep 50 train_loss 0.7040 val_mean_deg 47.68 val_median 23.28 val_root 0.809
ep 55 train_loss 0.5263 val_mean_deg 46.72 val_median 23.16 val_root 0.811
ep 60 train_loss 0.4553 val_mean_deg 47.87 val_median 22.82 val_root 0.807
ep 65 train_loss 0.3794 val_mean_deg 47.82 val_median 23.57 val_root 0.807
ep 70 train_loss 0.3274 val_mean_deg 47.88 val_median 23.18 val_root 0.805
ep 75 train_loss 0.2956 val_mean_deg 47.90 val_median 23.23 val_root 0.811
ep 80 train_loss 0.2660 val_mean_deg 47.50 val_median 23.18 val_root 0.809
ep 85 train_loss 0.2635 val_mean_deg 47.83 val_median 23.12 val_root 0.812
ep 90 train_loss 0.2584 val_mean_deg 47.77 val_median 23.23 val_root 0.809
ep 95 train_loss 0.2395 val_mean_deg 47.97 val_median 22.85 val_root 0.811
ep 100 train_loss 0.2421 val_mean_deg 47.71 val_median 22.74 val_root 0.809
