ep 5 train_loss 3.4581 val_mean_deg 71.00 val_median 31.06
ep 10 train_loss 0.5222 val_mean_deg 56.29 val_median 18.01
ep 15 train_loss 0.1869 val_mean_deg 52.26 val_median 16.88
ep 20 train_loss 0.0776 val_mean_deg 52.02 val_median 16.78
ep 25 train_loss 0.0539 val_mean_deg 51.82 val_median 16.74
ep 30 train_loss 0.0305 val_mean_deg 51.90 val_median 16.79
ep 35 train_loss 0.0292 val_mean_deg 50.11 val_median 16.33
ep 40 train_loss 0.0144 val_mean_deg 50.73 val_median 16.72
ep 45 train_loss 0.0196 val_mean_deg 50.16 val_median 16.51
ep 50 train_loss 0.0084 val_mean_deg 50.87 val_median 16.22
ep 55 train_loss 0.0053 val_mean_deg 49.94 val_median 16.35
ep 60 train_loss 0.0051 val_mean_deg 50.91 val_median 16.48
ep 65 train_loss 0.0052 val_mean_deg 50.34 val_median 16.17
ep 70 train_loss 0.0028 val_mean_deg 49.57 val_median 16.18
ep 75 train_loss 0.0024 val_mean_deg 49.64 val_median 16.15
ep 80 train_loss 0.0024 val_mean_deg 50.40 val_median 16.18
ep 85 train_loss 0.0021 val_mean_deg 50.19 val_median 16.19
ep 90 train_loss 0.0022 val_mean_deg 50.54 val_median 16.18
ep 95 train_loss 0.0023 val_mean_deg 50.42 val_median 16.18
ep 100 train_loss 0.0021 val_mean_deg 50.42 val_median 16.18
