ep 5 train_loss 4.4498 val_mean_deg 86.17 val_median 88.78
ep 10 train_loss 0.2826 val_mean_deg 76.73 val_median 59.83
ep 15 train_loss 0.0604 val_mean_deg 74.47 val_median 52.01
ep 20 train_loss 0.0154 val_mean_deg 72.58 val_median 48.11
ep 25 train_loss 0.0064 val_mean_deg 73.22 val_median 48.79
ep 30 train_loss 0.0213 val_mean_deg 75.67 val_median 53.13
ep 35 train_loss 0.0123 val_mean_deg 72.92 val_median 46.49
ep 40 train_loss 0.0197 val_mean_deg 73.00 val_median 47.54
ep 45 train_loss 0.0075 val_mean_deg 71.50 val_median 42.43
ep 50 train_loss 0.0007 val_mean_deg 71.38 val_median 41.83
ep 55 train_loss 0.0004 val_mean_deg 70.97 val_median 41.58
ep 60 train_loss 0.0003 val_mean_deg 70.34 val_median 38.94
ep 65 train_loss 0.0003 val_mean_deg 70.08 val_median 38.39
ep 70 train_loss 0.0003 val_mean_deg 70.01 val_median 38.20
ep 75 train_loss 0.0002 val_mean_deg 70.04 val_median 38.39
ep 80 train_loss 0.0002 val_mean_deg 70.04 val_median 38.61
ep 85 train_loss 0.0002 val_mean_deg 69.97 val_median 38.39
ep 90 train_loss 0.0002 val_mean_deg 70.02 val_median 38.39
ep 95 train_loss 0.0002 val_mean_deg 70.02 val_median 38.39
ep 100 train_loss 0.0002 val_mean_deg 70.02 val_median 38.39
