ep 5 train_loss 3.4254 val_mean_deg 73.80 val_median 35.02
ep 10 train_loss 0.5389 val_mean_deg 54.63 val_median 18.43
ep 15 train_loss 0.1783 val_mean_deg 52.13 val_median 17.01
ep 20 train_loss 0.0852 val_mean_deg 52.69 val_median 16.88
ep 25 train_loss 0.0628 val_mean_deg 50.68 val_median 16.57
ep 30 train_loss 0.0569 val_mean_deg 49.68 val_median 16.68
ep 35 train_loss 0.0321 val_mean_deg 50.25 val_median 16.92
ep 40 train_loss 0.0200 val_mean_deg 49.75 val_median 16.76
ep 45 train_loss 0.0149 val_mean_deg 50.64 val_median 16.73
ep 50 train_loss 0.0064 val_mean_deg 48.90 val_median 16.45
ep 55 train_loss 0.0057 val_mean_deg 49.41 val_median 16.72
ep 60 train_loss 0.0058 val_mean_deg 48.93 val_median 16.68
ep 65 train_loss 0.0040 val_mean_deg 49.93 val_median 16.72
ep 70 train_loss 0.0033 val_mean_deg 50.07 val_median 16.74
ep 75 train_loss 0.0028 val_mean_deg 49.82 val_median 16.60
ep 80 train_loss 0.0023 val_mean_deg 49.76 val_median 16.57
ep 85 train_loss 0.0022 val_mean_deg 49.90 val_median 16.71
ep 90 train_loss 0.0023 val_mean_deg 49.84 val_median 16.62
ep 95 train_loss 0.0021 val_mean_deg 49.77 val_median 16.59
ep 100 train_loss 0.0020 val_mean_deg 49.77 val_median 16.59
