ep 5 train_loss 10.0794 val_mean_deg 86.77 val_median 81.14 val_root 0.687
ep 10 train_loss 7.5025 val_mean_deg 63.65 val_median 46.58 val_root 0.749
ep 15 train_loss 5.4767 val_mean_deg 51.85 val_median 32.19 val_root 0.794
ep 20 train_loss 3.7582 val_mean_deg 49.14 val_median 29.32 val_root 0.810
ep 25 train_loss 2.5477 val_mean_deg 49.11 val_median 27.74 val_root 0.809
ep 30 train_loss 1.4034 val_mean_deg 47.22 val_median 26.44 val_root 0.813
ep 35 train_loss 0.8158 val_mean_deg 46.99 val_median 26.87 val_root 0.812
ep 40 train_loss 0.4895 val_mean_deg 47.04 val_median 26.10 val_root 0.804
ep 45 train_loss 0.2676 val_mean_deg 46.11 val_median 25.55 val_root 0.812
ep 50 train_loss 0.1631 val_mean_deg 45.89 val_median 24.75 val_root 0.817
ep 55 train_loss 0.1059 val_mean_deg 46.82 val_median 25.31 val_root 0.811
ep 60 train_loss 0.0815 val_mean_deg 45.53 val_median 24.90 val_root 0.814
ep 65 train_loss 0.0630 val_mean_deg 45.97 val_median 24.85 val_root 0.810
ep 70 train_loss 0.0479 val_mean_deg 45.29 val_median 24.33 val_root 0.817
ep 75 train_loss 0.0404 val_mean_deg 45.45 val_median 24.54 val_root 0.814
ep 80 train_loss 0.0380 val_mean_deg 44.74 val_median 23.93 val_root 0.821
ep 85 train_loss 0.0346 val_mean_deg 45.46 val_median 24.68 val_root 0.817
ep 90 train_loss 0.0321 val_mean_deg 45.36 val_median 24.54 val_root 0.818
ep 95 train_loss 0.0307 val_mean_deg 45.21 val_median 23.92 val_root 0.818
ep 100 train_loss 0.0331 val_mean_deg 45.11 val_median 24.06 val_root 0.819
