ep 5 train_loss 10.8966 val_mean_deg 103.32 val_median 105.76 val_root 0.483
ep 10 train_loss 9.4475 val_mean_deg 83.67 val_median 76.42 val_root 0.582
ep 15 train_loss 7.6246 val_mean_deg 74.36 val_median 55.61 val_root 0.619
ep 20 train_loss 5.9630 val_mean_deg 74.45 val_median 52.18 val_root 0.610
ep 25 train_loss 4.5023 val_mean_deg 71.28 val_median 44.13 val_root 0.629
ep 30 train_loss 3.3365 val_mean_deg 70.66 val_median 45.03 val_root 0.632
ep 35 train_loss 2.4468 val_mean_deg 68.29 val_median 43.02 val_root 0.639
ep 40 train_loss 1.8540 val_mean_deg 70.07 val_median 43.13 val_root 0.632
ep 45 train_loss 1.3908 val_mean_deg 69.64 val_median 42.51 val_root 0.634
ep 50 train_loss 1.1230 val_mean_deg 68.46 val_median 39.20 val_root 0.640
ep 55 train_loss 0.8844 val_mean_deg 69.19 val_median 43.21 val_root 0.639
ep 60 train_loss 0.7639 val_mean_deg 69.46 val_median 40.59 val_root 0.635
ep 65 train_loss 0.6502 val_mean_deg 67.96 val_median 41.89 val_root 0.649
ep 70 train_loss 0.5566 val_mean_deg 68.45 val_median 39.56 val_root 0.643
ep 75 train_loss 0.5070 val_mean_deg 68.22 val_median 39.42 val_root 0.647
ep 80 train_loss 0.4781 val_mean_deg 67.81 val_median 39.87 val_root 0.643
ep 85 train_loss 0.4447 val_mean_deg 67.69 val_median 39.36 val_root 0.644
ep 90 train_loss 0.4352 val_mean_deg 68.12 val_median 40.28 val_root 0.644
ep 95 train_loss 0.4189 val_mean_deg 68.02 val_median 39.18 val_root 0.647
ep 100 train_loss 0.4205 val_mean_deg 67.97 val_median 39.06 val_root 0.646
