ep 5 train_loss 8.1039 val_mean_deg 61.708 val_median 26.974 discrete_mean 61.708
ep 10 train_loss 5.9998 val_mean_deg 37.656 val_median 11.462 discrete_mean 37.656
ep 15 train_loss 5.1715 val_mean_deg 30.638 val_median 9.312 discrete_mean 30.638
ep 20 train_loss 4.6756 val_mean_deg 27.457 val_median 8.281 discrete_mean 27.457
ep 25 train_loss 4.3232 val_mean_deg 25.527 val_median 7.602 discrete_mean 25.527
ep 30 train_loss 4.0168 val_mean_deg 23.415 val_median 7.349 discrete_mean 23.415
ep 35 train_loss 3.7494 val_mean_deg 22.512 val_median 7.088 discrete_mean 22.512
ep 40 train_loss 3.4932 val_mean_deg 21.448 val_median 6.945 discrete_mean 21.448
ep 45 train_loss 3.2527 val_mean_deg 21.273 val_median 6.749 discrete_mean 21.273
ep 50 train_loss 3.0136 val_mean_deg 20.118 val_median 6.593 discrete_mean 20.118
ep 55 train_loss 2.7804 val_mean_deg 19.565 val_median 6.510 discrete_mean 19.565
ep 60 train_loss 2.5499 val_mean_deg 19.802 val_median 6.441 discrete_mean 19.802
ep 65 train_loss 2.3298 val_mean_deg 19.355 val_median 6.353 discrete_mean 19.355
ep 70 train_loss 2.1261 val_mean_deg 19.302 val_median 6.285 discrete_mean 19.302
ep 75 train_loss 1.9528 val_mean_deg 19.227 val_median 6.243 discrete_mean 19.227
ep 80 train_loss 1.7919 val_mean_deg 18.779 val_median 6.238 discrete_mean 18.779
ep 85 train_loss 1.6714 val_mean_deg 18.847 val_median 6.148 discrete_mean 18.847
ep 90 train_loss 1.5938 val_mean_deg 18.493 val_median 6.119 discrete_mean 18.493
ep 95 train_loss 1.5525 val_mean_deg 18.607 val_median 6.098 discrete_mean 18.607
ep 100 train_loss 1.5474 val_mean_deg 18.461 val_median 6.097 discrete_mean 18.461
