ep 5 train_loss 9.5418 val_mean_deg 74.90 val_median 60.31 val_root 0.681
ep 10 train_loss 6.8289 val_mean_deg 57.06 val_median 31.60 val_root 0.742
ep 15 train_loss 4.9544 val_mean_deg 54.14 val_median 27.45 val_root 0.743
ep 20 train_loss 3.5329 val_mean_deg 51.04 val_median 23.78 val_root 0.751
ep 25 train_loss 2.3981 val_mean_deg 49.75 val_median 21.65 val_root 0.758
ep 30 train_loss 1.5891 val_mean_deg 49.46 val_median 20.44 val_root 0.756
ep 35 train_loss 1.1406 val_mean_deg 51.42 val_median 21.40 val_root 0.749
ep 40 train_loss 0.7951 val_mean_deg 49.37 val_median 20.62 val_root 0.755
ep 45 train_loss 0.6080 val_mean_deg 48.43 val_median 20.06 val_root 0.763
ep 50 train_loss 0.4730 val_mean_deg 48.75 val_median 19.68 val_root 0.761
ep 55 train_loss 0.3761 val_mean_deg 48.76 val_median 20.39 val_root 0.756
ep 60 train_loss 0.2958 val_mean_deg 48.28 val_median 19.69 val_root 0.757
ep 65 train_loss 0.2589 val_mean_deg 48.20 val_median 19.58 val_root 0.761
ep 70 train_loss 0.2205 val_mean_deg 48.95 val_median 19.81 val_root 0.759
ep 75 train_loss 0.1928 val_mean_deg 49.18 val_median 19.05 val_root 0.755
ep 80 train_loss 0.1802 val_mean_deg 48.30 val_median 19.21 val_root 0.758
ep 85 train_loss 0.1714 val_mean_deg 49.21 val_median 19.03 val_root 0.753
ep 90 train_loss 0.1645 val_mean_deg 48.83 val_median 19.13 val_root 0.755
ep 95 train_loss 0.1588 val_mean_deg 48.77 val_median 18.87 val_root 0.756
ep 100 train_loss 0.1608 val_mean_deg 48.76 val_median 18.87 val_root 0.756
