ep 5 train_loss 8.5840 val_mean_deg 52.95 val_median 40.74 val_root 0.837
ep 10 train_loss 5.7224 val_mean_deg 37.74 val_median 25.20 val_root 0.869
ep 15 train_loss 3.8290 val_mean_deg 34.66 val_median 21.35 val_root 0.887
ep 20 train_loss 2.4031 val_mean_deg 33.53 val_median 19.77 val_root 0.889
ep 25 train_loss 1.2593 val_mean_deg 32.55 val_median 19.12 val_root 0.888
ep 30 train_loss 0.7690 val_mean_deg 31.98 val_median 19.83 val_root 0.891
ep 35 train_loss 0.3715 val_mean_deg 30.77 val_median 18.52 val_root 0.891
ep 40 train_loss 0.2131 val_mean_deg 30.95 val_median 19.09 val_root 0.885
ep 45 train_loss 0.1087 val_mean_deg 31.07 val_median 18.23 val_root 0.889
ep 50 train_loss 0.0851 val_mean_deg 30.56 val_median 18.13 val_root 0.893
ep 55 train_loss 0.0579 val_mean_deg 30.28 val_median 18.53 val_root 0.891
ep 60 train_loss 0.0415 val_mean_deg 30.46 val_median 18.09 val_root 0.893
ep 65 train_loss 0.0403 val_mean_deg 30.73 val_median 17.86 val_root 0.889
ep 70 train_loss 0.0282 val_mean_deg 30.98 val_median 17.98 val_root 0.894
ep 75 train_loss 0.0245 val_mean_deg 30.38 val_median 17.89 val_root 0.892
ep 80 train_loss 0.0229 val_mean_deg 30.54 val_median 17.96 val_root 0.889
ep 85 train_loss 0.0196 val_mean_deg 30.33 val_median 18.11 val_root 0.891
ep 90 train_loss 0.0196 val_mean_deg 30.63 val_median 18.13 val_root 0.890
ep 95 train_loss 0.0185 val_mean_deg 30.63 val_median 18.08 val_root 0.890
ep 100 train_loss 0.0192 val_mean_deg 30.60 val_median 18.08 val_root 0.891
