ep 5 train_loss 9.5835 val_mean_deg 75.96 val_median 62.68 val_root 0.681
ep 10 train_loss 6.8595 val_mean_deg 58.02 val_median 31.25 val_root 0.733
ep 15 train_loss 4.9794 val_mean_deg 52.58 val_median 24.37 val_root 0.757
ep 20 train_loss 3.4721 val_mean_deg 50.58 val_median 22.11 val_root 0.751
ep 25 train_loss 2.3853 val_mean_deg 49.79 val_median 22.09 val_root 0.760
ep 30 train_loss 1.5973 val_mean_deg 50.32 val_median 21.44 val_root 0.752
ep 35 train_loss 1.1196 val_mean_deg 49.83 val_median 20.60 val_root 0.761
ep 40 train_loss 0.8220 val_mean_deg 50.35 val_median 21.03 val_root 0.759
ep 45 train_loss 0.6112 val_mean_deg 48.75 val_median 19.91 val_root 0.761
ep 50 train_loss 0.4732 val_mean_deg 48.72 val_median 18.88 val_root 0.765
ep 55 train_loss 0.3838 val_mean_deg 48.22 val_median 19.29 val_root 0.765
ep 60 train_loss 0.2981 val_mean_deg 47.15 val_median 18.79 val_root 0.769
ep 65 train_loss 0.2662 val_mean_deg 47.95 val_median 19.32 val_root 0.767
ep 70 train_loss 0.2319 val_mean_deg 47.48 val_median 18.75 val_root 0.766
ep 75 train_loss 0.2054 val_mean_deg 46.31 val_median 18.49 val_root 0.771
ep 80 train_loss 0.1916 val_mean_deg 46.92 val_median 18.52 val_root 0.767
ep 85 train_loss 0.1734 val_mean_deg 46.72 val_median 18.52 val_root 0.766
ep 90 train_loss 0.1687 val_mean_deg 46.81 val_median 18.57 val_root 0.766
ep 95 train_loss 0.1716 val_mean_deg 47.03 val_median 18.53 val_root 0.763
ep 100 train_loss 0.1612 val_mean_deg 47.20 val_median 18.61 val_root 0.763
