ep 5 train_loss 8.6061 val_mean_deg 55.47 val_median 41.98 val_root 0.825
ep 10 train_loss 5.7823 val_mean_deg 36.81 val_median 25.89 val_root 0.889
ep 15 train_loss 4.1385 val_mean_deg 31.93 val_median 21.08 val_root 0.895
ep 20 train_loss 2.7855 val_mean_deg 30.17 val_median 19.01 val_root 0.890
ep 25 train_loss 1.7288 val_mean_deg 29.72 val_median 18.54 val_root 0.890
ep 30 train_loss 0.8916 val_mean_deg 29.15 val_median 18.22 val_root 0.896
ep 35 train_loss 0.4475 val_mean_deg 28.73 val_median 17.67 val_root 0.907
ep 40 train_loss 0.2652 val_mean_deg 28.53 val_median 17.53 val_root 0.907
ep 45 train_loss 0.1838 val_mean_deg 28.53 val_median 18.00 val_root 0.902
ep 50 train_loss 0.0967 val_mean_deg 28.21 val_median 17.02 val_root 0.905
ep 55 train_loss 0.0615 val_mean_deg 26.78 val_median 16.85 val_root 0.910
ep 60 train_loss 0.0471 val_mean_deg 27.70 val_median 16.93 val_root 0.901
ep 65 train_loss 0.0382 val_mean_deg 27.31 val_median 16.87 val_root 0.910
ep 70 train_loss 0.0299 val_mean_deg 26.96 val_median 16.87 val_root 0.911
ep 75 train_loss 0.0258 val_mean_deg 26.90 val_median 16.88 val_root 0.913
ep 80 train_loss 0.0234 val_mean_deg 27.22 val_median 17.03 val_root 0.910
ep 85 train_loss 0.0234 val_mean_deg 27.13 val_median 16.93 val_root 0.911
ep 90 train_loss 0.0193 val_mean_deg 27.13 val_median 16.96 val_root 0.910
ep 95 train_loss 0.0218 val_mean_deg 27.12 val_median 16.97 val_root 0.910
ep 100 train_loss 0.0198 val_mean_deg 27.14 val_median 16.97 val_root 0.910
