ep 5 train_loss 5.5526 val_mean_deg 14.89 val_median 10.63 val_root 0.944
ep 10 train_loss 3.6746 val_mean_deg 9.18 val_median 7.17 val_root 0.955
ep 15 train_loss 2.9810 val_mean_deg 7.77 val_median 6.34 val_root 0.960
ep 20 train_loss 2.5149 val_mean_deg 7.42 val_median 6.06 val_root 0.959
ep 25 train_loss 2.1331 val_mean_deg 7.34 val_median 5.90 val_root 0.960
ep 30 train_loss 1.7945 val_mean_deg 7.12 val_median 5.81 val_root 0.963
ep 35 train_loss 1.4934 val_mean_deg 7.08 val_median 5.67 val_root 0.963
ep 40 train_loss 1.2446 val_mean_deg 7.04 val_median 5.64 val_root 0.963
ep 45 train_loss 1.0208 val_mean_deg 6.88 val_median 5.60 val_root 0.963
ep 50 train_loss 0.8293 val_mean_deg 6.90 val_median 5.57 val_root 0.963
ep 55 train_loss 0.6533 val_mean_deg 6.82 val_median 5.48 val_root 0.964
ep 60 train_loss 0.5261 val_mean_deg 6.75 val_median 5.49 val_root 0.964
ep 65 train_loss 0.4253 val_mean_deg 6.67 val_median 5.48 val_root 0.965
ep 70 train_loss 0.3375 val_mean_deg 6.62 val_median 5.39 val_root 0.964
ep 75 train_loss 0.2789 val_mean_deg 6.60 val_median 5.36 val_root 0.966
ep 80 train_loss 0.2312 val_mean_deg 6.51 val_median 5.35 val_root 0.966
ep 85 train_loss 0.1998 val_mean_deg 6.58 val_median 5.31 val_root 0.965
ep 90 train_loss 0.1808 val_mean_deg 6.46 val_median 5.32 val_root 0.965
ep 95 train_loss 0.1699 val_mean_deg 6.47 val_median 5.29 val_root 0.965
ep 100 train_loss 0.1650 val_mean_deg 6.49 val_median 5.30 val_root 0.965
