ep 5 train_loss 11.0769 val_mean_deg 105.10 val_median 106.07 val_root 0.453
ep 10 train_loss 9.8407 val_mean_deg 90.59 val_median 87.60 val_root 0.489
ep 15 train_loss 8.2536 val_mean_deg 82.52 val_median 74.09 val_root 0.522
ep 20 train_loss 6.7407 val_mean_deg 76.10 val_median 60.66 val_root 0.569
ep 25 train_loss 5.5378 val_mean_deg 73.72 val_median 53.82 val_root 0.565
ep 30 train_loss 4.5243 val_mean_deg 71.56 val_median 50.07 val_root 0.575
ep 35 train_loss 3.7541 val_mean_deg 70.67 val_median 45.67 val_root 0.575
ep 40 train_loss 3.1546 val_mean_deg 67.87 val_median 39.78 val_root 0.594
ep 45 train_loss 2.6804 val_mean_deg 68.01 val_median 40.53 val_root 0.603
ep 50 train_loss 2.2967 val_mean_deg 69.02 val_median 42.58 val_root 0.585
ep 55 train_loss 2.0233 val_mean_deg 67.53 val_median 40.04 val_root 0.598
ep 60 train_loss 1.8314 val_mean_deg 67.97 val_median 40.16 val_root 0.594
ep 65 train_loss 1.6418 val_mean_deg 66.52 val_median 38.60 val_root 0.607
ep 70 train_loss 1.4875 val_mean_deg 66.87 val_median 38.60 val_root 0.595
ep 75 train_loss 1.4055 val_mean_deg 68.06 val_median 38.16 val_root 0.600
ep 80 train_loss 1.3575 val_mean_deg 66.14 val_median 36.47 val_root 0.603
ep 85 train_loss 1.3118 val_mean_deg 66.18 val_median 37.24 val_root 0.603
ep 90 train_loss 1.2763 val_mean_deg 65.81 val_median 35.55 val_root 0.605
ep 95 train_loss 1.2539 val_mean_deg 65.86 val_median 35.84 val_root 0.606
ep 100 train_loss 1.2542 val_mean_deg 65.82 val_median 35.84 val_root 0.607
