ep 5 train_loss 9.0599 val_mean_deg 56.92 val_median 42.92 val_root 0.810
ep 10 train_loss 6.4033 val_mean_deg 40.59 val_median 26.64 val_root 0.856
ep 15 train_loss 4.6791 val_mean_deg 33.58 val_median 20.39 val_root 0.874
ep 20 train_loss 3.3409 val_mean_deg 31.64 val_median 18.90 val_root 0.874
ep 25 train_loss 2.2548 val_mean_deg 30.37 val_median 17.33 val_root 0.871
ep 30 train_loss 1.4628 val_mean_deg 30.86 val_median 17.37 val_root 0.873
ep 35 train_loss 0.8516 val_mean_deg 29.83 val_median 16.45 val_root 0.882
ep 40 train_loss 0.5361 val_mean_deg 30.55 val_median 16.83 val_root 0.868
ep 45 train_loss 0.3777 val_mean_deg 30.42 val_median 17.20 val_root 0.877
ep 50 train_loss 0.2424 val_mean_deg 30.32 val_median 16.92 val_root 0.877
ep 55 train_loss 0.1846 val_mean_deg 29.44 val_median 16.60 val_root 0.882
ep 60 train_loss 0.1374 val_mean_deg 29.58 val_median 16.69 val_root 0.880
ep 65 train_loss 0.1166 val_mean_deg 29.59 val_median 16.38 val_root 0.884
ep 70 train_loss 0.0923 val_mean_deg 28.96 val_median 16.14 val_root 0.883
ep 75 train_loss 0.0825 val_mean_deg 29.21 val_median 15.96 val_root 0.881
ep 80 train_loss 0.0728 val_mean_deg 29.07 val_median 16.21 val_root 0.879
ep 85 train_loss 0.0658 val_mean_deg 29.02 val_median 16.18 val_root 0.878
ep 90 train_loss 0.0615 val_mean_deg 28.91 val_median 16.23 val_root 0.882
ep 95 train_loss 0.0607 val_mean_deg 29.09 val_median 16.18 val_root 0.880
ep 100 train_loss 0.0635 val_mean_deg 28.96 val_median 16.18 val_root 0.882
