ep 5 train_loss 9.7222 val_mean_deg 73.49 val_median 65.22 val_root 0.775
ep 10 train_loss 7.4142 val_mean_deg 52.38 val_median 37.00 val_root 0.826
ep 15 train_loss 5.3754 val_mean_deg 44.68 val_median 26.96 val_root 0.822
ep 20 train_loss 3.8389 val_mean_deg 42.72 val_median 23.68 val_root 0.823
ep 25 train_loss 2.5250 val_mean_deg 40.97 val_median 21.92 val_root 0.834
ep 30 train_loss 1.5931 val_mean_deg 41.58 val_median 22.06 val_root 0.826
ep 35 train_loss 1.0410 val_mean_deg 42.07 val_median 21.97 val_root 0.827
ep 40 train_loss 0.6785 val_mean_deg 39.99 val_median 20.79 val_root 0.835
ep 45 train_loss 0.5181 val_mean_deg 40.52 val_median 21.49 val_root 0.833
ep 50 train_loss 0.3382 val_mean_deg 40.61 val_median 21.44 val_root 0.841
ep 55 train_loss 0.2597 val_mean_deg 39.96 val_median 20.82 val_root 0.841
ep 60 train_loss 0.2130 val_mean_deg 39.28 val_median 20.59 val_root 0.839
ep 65 train_loss 0.1662 val_mean_deg 40.51 val_median 20.77 val_root 0.836
ep 70 train_loss 0.1409 val_mean_deg 41.06 val_median 20.87 val_root 0.836
ep 75 train_loss 0.1268 val_mean_deg 40.88 val_median 20.81 val_root 0.838
ep 80 train_loss 0.1130 val_mean_deg 40.67 val_median 20.65 val_root 0.840
ep 85 train_loss 0.1077 val_mean_deg 40.84 val_median 20.81 val_root 0.840
ep 90 train_loss 0.0989 val_mean_deg 39.98 val_median 20.58 val_root 0.842
ep 95 train_loss 0.0971 val_mean_deg 39.80 val_median 20.21 val_root 0.841
ep 100 train_loss 0.1027 val_mean_deg 39.90 val_median 20.19 val_root 0.840
