ep 5 train_loss 11.1295 val_mean_deg 108.39 val_median 112.41 val_root 0.443
ep 10 train_loss 9.8049 val_mean_deg 92.67 val_median 92.85 val_root 0.501
ep 15 train_loss 8.0477 val_mean_deg 80.25 val_median 67.93 val_root 0.556
ep 20 train_loss 6.5036 val_mean_deg 73.15 val_median 49.61 val_root 0.592
ep 25 train_loss 5.1916 val_mean_deg 71.88 val_median 45.45 val_root 0.593
ep 30 train_loss 4.0133 val_mean_deg 69.97 val_median 41.90 val_root 0.592
ep 35 train_loss 3.2435 val_mean_deg 70.09 val_median 39.19 val_root 0.612
ep 40 train_loss 2.6066 val_mean_deg 68.69 val_median 37.82 val_root 0.617
ep 45 train_loss 2.1281 val_mean_deg 68.35 val_median 38.15 val_root 0.617
ep 50 train_loss 1.7334 val_mean_deg 67.13 val_median 37.29 val_root 0.618
ep 55 train_loss 1.4526 val_mean_deg 67.73 val_median 36.71 val_root 0.607
ep 60 train_loss 1.2585 val_mean_deg 67.01 val_median 36.46 val_root 0.620
ep 65 train_loss 1.1224 val_mean_deg 65.96 val_median 34.22 val_root 0.631
ep 70 train_loss 1.0059 val_mean_deg 67.50 val_median 36.04 val_root 0.622
ep 75 train_loss 0.9202 val_mean_deg 65.40 val_median 32.27 val_root 0.627
ep 80 train_loss 0.8444 val_mean_deg 66.02 val_median 34.37 val_root 0.629
ep 85 train_loss 0.8426 val_mean_deg 65.94 val_median 33.94 val_root 0.633
ep 90 train_loss 0.8222 val_mean_deg 65.82 val_median 33.77 val_root 0.631
ep 95 train_loss 0.8034 val_mean_deg 65.12 val_median 32.64 val_root 0.634
ep 100 train_loss 0.7890 val_mean_deg 65.23 val_median 32.75 val_root 0.635
