ep 5 train_loss 10.7892 val_mean_deg 102.00 val_median 101.43 val_root 0.580
ep 10 train_loss 9.0497 val_mean_deg 84.38 val_median 75.93 val_root 0.646
ep 15 train_loss 7.0372 val_mean_deg 71.57 val_median 55.49 val_root 0.692
ep 20 train_loss 5.0508 val_mean_deg 69.63 val_median 51.13 val_root 0.699
ep 25 train_loss 3.3054 val_mean_deg 69.87 val_median 49.46 val_root 0.700
ep 30 train_loss 2.1303 val_mean_deg 67.94 val_median 47.30 val_root 0.693
ep 35 train_loss 1.2849 val_mean_deg 68.13 val_median 48.05 val_root 0.696
ep 40 train_loss 0.8457 val_mean_deg 67.74 val_median 48.08 val_root 0.702
ep 45 train_loss 0.5402 val_mean_deg 66.81 val_median 46.81 val_root 0.700
ep 50 train_loss 0.3971 val_mean_deg 67.77 val_median 47.18 val_root 0.705
ep 55 train_loss 0.2840 val_mean_deg 66.37 val_median 46.92 val_root 0.705
ep 60 train_loss 0.2376 val_mean_deg 67.46 val_median 47.34 val_root 0.701
ep 65 train_loss 0.1876 val_mean_deg 66.97 val_median 47.49 val_root 0.710
ep 70 train_loss 0.1499 val_mean_deg 67.37 val_median 46.86 val_root 0.706
ep 75 train_loss 0.1318 val_mean_deg 66.87 val_median 45.98 val_root 0.708
ep 80 train_loss 0.1225 val_mean_deg 67.01 val_median 47.78 val_root 0.705
ep 85 train_loss 0.1087 val_mean_deg 66.16 val_median 44.80 val_root 0.707
ep 90 train_loss 0.1052 val_mean_deg 66.63 val_median 46.17 val_root 0.709
ep 95 train_loss 0.1066 val_mean_deg 66.63 val_median 46.78 val_root 0.708
ep 100 train_loss 0.1058 val_mean_deg 66.29 val_median 46.30 val_root 0.708
