ep 5 train_loss 6.3512 val_mean_deg 89.73 val_median 94.09
ep 10 train_loss 1.0288 val_mean_deg 57.91 val_median 19.43
ep 15 train_loss 0.2654 val_mean_deg 54.71 val_median 17.20
ep 20 train_loss 0.1144 val_mean_deg 52.93 val_median 16.96
ep 25 train_loss 0.0594 val_mean_deg 53.50 val_median 16.77
ep 30 train_loss 0.0424 val_mean_deg 52.29 val_median 17.11
ep 35 train_loss 0.0401 val_mean_deg 53.14 val_median 16.77
ep 40 train_loss 0.0208 val_mean_deg 52.18 val_median 16.63
ep 45 train_loss 0.0167 val_mean_deg 52.23 val_median 16.60
ep 50 train_loss 0.0098 val_mean_deg 52.14 val_median 16.63
ep 55 train_loss 0.0054 val_mean_deg 51.57 val_median 16.58
ep 60 train_loss 0.0054 val_mean_deg 51.94 val_median 16.77
ep 65 train_loss 0.0061 val_mean_deg 51.44 val_median 16.53
ep 70 train_loss 0.0037 val_mean_deg 50.97 val_median 16.50
ep 75 train_loss 0.0028 val_mean_deg 51.51 val_median 16.56
ep 80 train_loss 0.0025 val_mean_deg 51.38 val_median 16.57
ep 85 train_loss 0.0023 val_mean_deg 51.61 val_median 16.54
ep 90 train_loss 0.0022 val_mean_deg 51.76 val_median 16.53
ep 95 train_loss 0.0026 val_mean_deg 51.95 val_median 16.55
ep 100 train_loss 0.0021 val_mean_deg 51.90 val_median 16.57
