ep 5 train_loss 10.3134 val_mean_deg 88.28 val_median 82.44 val_root 0.647
ep 10 train_loss 7.9351 val_mean_deg 66.70 val_median 51.01 val_root 0.773
ep 15 train_loss 5.8686 val_mean_deg 56.05 val_median 34.74 val_root 0.786
ep 20 train_loss 4.0153 val_mean_deg 53.61 val_median 29.78 val_root 0.793
ep 25 train_loss 2.5382 val_mean_deg 53.83 val_median 30.44 val_root 0.806
ep 30 train_loss 1.5432 val_mean_deg 51.65 val_median 26.95 val_root 0.805
ep 35 train_loss 0.9185 val_mean_deg 52.62 val_median 28.77 val_root 0.816
ep 40 train_loss 0.6172 val_mean_deg 50.28 val_median 27.42 val_root 0.802
ep 45 train_loss 0.4001 val_mean_deg 51.05 val_median 26.78 val_root 0.807
ep 50 train_loss 0.2767 val_mean_deg 49.76 val_median 26.49 val_root 0.817
ep 55 train_loss 0.2203 val_mean_deg 49.85 val_median 26.33 val_root 0.805
ep 60 train_loss 0.1697 val_mean_deg 50.91 val_median 26.22 val_root 0.813
ep 65 train_loss 0.1263 val_mean_deg 50.31 val_median 26.62 val_root 0.807
ep 70 train_loss 0.1080 val_mean_deg 49.96 val_median 25.82 val_root 0.814
ep 75 train_loss 0.0905 val_mean_deg 49.76 val_median 26.03 val_root 0.815
ep 80 train_loss 0.0815 val_mean_deg 49.56 val_median 25.48 val_root 0.815
ep 85 train_loss 0.0804 val_mean_deg 49.74 val_median 26.11 val_root 0.818
ep 90 train_loss 0.0723 val_mean_deg 49.78 val_median 25.84 val_root 0.816
ep 95 train_loss 0.0732 val_mean_deg 49.54 val_median 25.93 val_root 0.820
ep 100 train_loss 0.0716 val_mean_deg 49.43 val_median 25.93 val_root 0.821
