ep 5 train_loss 9.6211 val_mean_deg 75.58 val_median 63.76 val_root 0.672
ep 10 train_loss 6.8351 val_mean_deg 57.73 val_median 32.06 val_root 0.731
ep 15 train_loss 4.9379 val_mean_deg 53.75 val_median 26.79 val_root 0.745
ep 20 train_loss 3.4237 val_mean_deg 51.45 val_median 23.53 val_root 0.745
ep 25 train_loss 2.2771 val_mean_deg 50.79 val_median 22.15 val_root 0.755
ep 30 train_loss 1.5358 val_mean_deg 50.05 val_median 21.34 val_root 0.756
ep 35 train_loss 1.0424 val_mean_deg 49.30 val_median 20.78 val_root 0.761
ep 40 train_loss 0.7467 val_mean_deg 49.52 val_median 20.33 val_root 0.752
ep 45 train_loss 0.5608 val_mean_deg 49.62 val_median 20.62 val_root 0.749
ep 50 train_loss 0.4480 val_mean_deg 49.40 val_median 20.29 val_root 0.753
ep 55 train_loss 0.3522 val_mean_deg 48.83 val_median 19.75 val_root 0.761
ep 60 train_loss 0.3086 val_mean_deg 48.86 val_median 19.19 val_root 0.763
ep 65 train_loss 0.2412 val_mean_deg 48.50 val_median 19.29 val_root 0.762
ep 70 train_loss 0.2150 val_mean_deg 48.87 val_median 19.19 val_root 0.759
ep 75 train_loss 0.1877 val_mean_deg 48.45 val_median 19.45 val_root 0.754
ep 80 train_loss 0.1798 val_mean_deg 47.84 val_median 18.76 val_root 0.760
ep 85 train_loss 0.1725 val_mean_deg 48.53 val_median 19.29 val_root 0.756
ep 90 train_loss 0.1561 val_mean_deg 48.25 val_median 18.65 val_root 0.756
ep 95 train_loss 0.1555 val_mean_deg 48.43 val_median 18.76 val_root 0.757
ep 100 train_loss 0.1605 val_mean_deg 48.54 val_median 18.76 val_root 0.757
