ep 5 train_loss 10.8095 val_mean_deg 98.39 val_median 96.73 val_root 0.567
ep 10 train_loss 9.3228 val_mean_deg 83.77 val_median 77.45 val_root 0.643
ep 15 train_loss 7.3673 val_mean_deg 74.57 val_median 61.04 val_root 0.659
ep 20 train_loss 5.4794 val_mean_deg 71.63 val_median 54.39 val_root 0.670
ep 25 train_loss 3.8781 val_mean_deg 71.32 val_median 53.62 val_root 0.668
ep 30 train_loss 2.5632 val_mean_deg 71.82 val_median 52.03 val_root 0.655
ep 35 train_loss 1.7646 val_mean_deg 70.88 val_median 53.23 val_root 0.663
ep 40 train_loss 1.2484 val_mean_deg 69.09 val_median 51.28 val_root 0.665
ep 45 train_loss 0.8520 val_mean_deg 69.50 val_median 51.28 val_root 0.661
ep 50 train_loss 0.6432 val_mean_deg 69.80 val_median 50.35 val_root 0.659
ep 55 train_loss 0.4911 val_mean_deg 70.45 val_median 52.26 val_root 0.665
ep 60 train_loss 0.3869 val_mean_deg 70.50 val_median 50.67 val_root 0.661
ep 65 train_loss 0.3350 val_mean_deg 69.80 val_median 51.08 val_root 0.669
ep 70 train_loss 0.2706 val_mean_deg 69.05 val_median 49.61 val_root 0.666
ep 75 train_loss 0.2443 val_mean_deg 69.36 val_median 50.42 val_root 0.664
ep 80 train_loss 0.2233 val_mean_deg 69.06 val_median 49.36 val_root 0.667
ep 85 train_loss 0.2022 val_mean_deg 69.92 val_median 50.63 val_root 0.665
ep 90 train_loss 0.2003 val_mean_deg 69.23 val_median 49.50 val_root 0.666
ep 95 train_loss 0.1966 val_mean_deg 69.43 val_median 49.58 val_root 0.666
ep 100 train_loss 0.2034 val_mean_deg 69.34 val_median 49.39 val_root 0.666
