ep 5 train_loss 6.5449 val_mean_deg 14.014 val_median 10.680 discrete_mean 14.014
ep 10 train_loss 5.1855 val_mean_deg 8.654 val_median 7.309 discrete_mean 8.654
ep 15 train_loss 4.7618 val_mean_deg 7.448 val_median 6.303 discrete_mean 7.448
ep 20 train_loss 4.5203 val_mean_deg 7.136 val_median 6.055 discrete_mean 7.136
ep 25 train_loss 4.3352 val_mean_deg 6.875 val_median 5.848 discrete_mean 6.875
ep 30 train_loss 4.1982 val_mean_deg 6.620 val_median 5.663 discrete_mean 6.620
ep 35 train_loss 4.0925 val_mean_deg 6.559 val_median 5.605 discrete_mean 6.559
ep 40 train_loss 3.9963 val_mean_deg 6.344 val_median 5.430 discrete_mean 6.344
ep 45 train_loss 3.9183 val_mean_deg 6.237 val_median 5.390 discrete_mean 6.237
ep 50 train_loss 3.8460 val_mean_deg 6.226 val_median 5.301 discrete_mean 6.226
ep 55 train_loss 3.7847 val_mean_deg 6.035 val_median 5.206 discrete_mean 6.035
ep 60 train_loss 3.7347 val_mean_deg 5.944 val_median 5.104 discrete_mean 5.944
ep 65 train_loss 3.6894 val_mean_deg 5.909 val_median 5.091 discrete_mean 5.909
ep 70 train_loss 3.6543 val_mean_deg 5.856 val_median 5.049 discrete_mean 5.856
ep 75 train_loss 3.6211 val_mean_deg 5.788 val_median 4.980 discrete_mean 5.788
ep 80 train_loss 3.5967 val_mean_deg 5.771 val_median 4.962 discrete_mean 5.771
ep 85 train_loss 3.5813 val_mean_deg 5.738 val_median 4.945 discrete_mean 5.738
ep 90 train_loss 3.5688 val_mean_deg 5.712 val_median 4.926 discrete_mean 5.712
ep 95 train_loss 3.5621 val_mean_deg 5.697 val_median 4.932 discrete_mean 5.697
ep 100 train_loss 3.5605 val_mean_deg 5.697 val_median 4.923 discrete_mean 5.697
