ep 5 train_loss 3.8331 val_mean_deg 82.47 val_median 77.55
ep 10 train_loss 0.2739 val_mean_deg 72.00 val_median 44.56
ep 15 train_loss 0.0676 val_mean_deg 69.27 val_median 39.11
ep 20 train_loss 0.0299 val_mean_deg 67.21 val_median 35.06
ep 25 train_loss 0.0368 val_mean_deg 69.76 val_median 38.29
ep 30 train_loss 0.0476 val_mean_deg 71.91 val_median 42.42
ep 35 train_loss 0.0519 val_mean_deg 72.91 val_median 42.92
ep 40 train_loss 0.0255 val_mean_deg 72.08 val_median 42.96
ep 45 train_loss 0.0014 val_mean_deg 69.63 val_median 38.91
ep 50 train_loss 0.0004 val_mean_deg 68.93 val_median 38.09
ep 55 train_loss 0.0003 val_mean_deg 68.74 val_median 38.23
ep 60 train_loss 0.0003 val_mean_deg 68.19 val_median 36.69
ep 65 train_loss 0.0002 val_mean_deg 67.76 val_median 36.46
ep 70 train_loss 0.0003 val_mean_deg 67.93 val_median 36.30
ep 75 train_loss 0.0002 val_mean_deg 67.66 val_median 36.46
ep 80 train_loss 0.0002 val_mean_deg 67.93 val_median 36.69
ep 85 train_loss 0.0002 val_mean_deg 67.87 val_median 36.69
ep 90 train_loss 0.0002 val_mean_deg 67.66 val_median 36.46
ep 95 train_loss 0.0002 val_mean_deg 67.58 val_median 36.46
ep 100 train_loss 0.0002 val_mean_deg 67.58 val_median 36.46
