ep 5 train_loss 10.1218 val_mean_deg 86.86 val_median 80.95 val_root 0.669
ep 10 train_loss 7.5873 val_mean_deg 65.66 val_median 47.85 val_root 0.746
ep 15 train_loss 5.3422 val_mean_deg 57.63 val_median 34.20 val_root 0.773
ep 20 train_loss 3.5309 val_mean_deg 55.04 val_median 30.86 val_root 0.770
ep 25 train_loss 2.1606 val_mean_deg 56.62 val_median 31.46 val_root 0.762
ep 30 train_loss 1.3369 val_mean_deg 56.50 val_median 31.53 val_root 0.763
ep 35 train_loss 0.8542 val_mean_deg 56.44 val_median 30.61 val_root 0.755
ep 40 train_loss 0.5806 val_mean_deg 57.32 val_median 32.16 val_root 0.769
ep 45 train_loss 0.4106 val_mean_deg 56.74 val_median 31.56 val_root 0.761
ep 50 train_loss 0.2981 val_mean_deg 56.43 val_median 31.78 val_root 0.761
ep 55 train_loss 0.2355 val_mean_deg 57.17 val_median 30.80 val_root 0.761
ep 60 train_loss 0.2035 val_mean_deg 55.72 val_median 30.73 val_root 0.765
ep 65 train_loss 0.1625 val_mean_deg 55.55 val_median 29.27 val_root 0.767
ep 70 train_loss 0.1376 val_mean_deg 55.59 val_median 30.13 val_root 0.761
ep 75 train_loss 0.1172 val_mean_deg 55.98 val_median 30.58 val_root 0.762
ep 80 train_loss 0.1067 val_mean_deg 55.11 val_median 30.61 val_root 0.763
ep 85 train_loss 0.0990 val_mean_deg 54.97 val_median 29.98 val_root 0.766
ep 90 train_loss 0.0948 val_mean_deg 54.63 val_median 30.23 val_root 0.768
ep 95 train_loss 0.0901 val_mean_deg 54.65 val_median 30.31 val_root 0.765
ep 100 train_loss 0.0939 val_mean_deg 54.59 val_median 30.31 val_root 0.765
