ep 5 train_loss 10.3364 val_mean_deg 94.89 val_median 90.70 val_root 0.607
ep 10 train_loss 7.9715 val_mean_deg 73.79 val_median 59.01 val_root 0.665
ep 15 train_loss 5.5921 val_mean_deg 67.41 val_median 46.83 val_root 0.703
ep 20 train_loss 3.7063 val_mean_deg 66.29 val_median 43.42 val_root 0.699
ep 25 train_loss 2.2984 val_mean_deg 66.63 val_median 41.74 val_root 0.686
ep 30 train_loss 1.3036 val_mean_deg 67.88 val_median 45.23 val_root 0.689
ep 35 train_loss 0.8575 val_mean_deg 65.89 val_median 42.21 val_root 0.701
ep 40 train_loss 0.5330 val_mean_deg 67.51 val_median 42.49 val_root 0.689
ep 45 train_loss 0.3765 val_mean_deg 67.28 val_median 43.10 val_root 0.696
ep 50 train_loss 0.2759 val_mean_deg 66.15 val_median 43.16 val_root 0.689
ep 55 train_loss 0.2101 val_mean_deg 65.59 val_median 40.55 val_root 0.702
ep 60 train_loss 0.1801 val_mean_deg 66.05 val_median 41.97 val_root 0.701
ep 65 train_loss 0.1465 val_mean_deg 65.72 val_median 41.60 val_root 0.697
ep 70 train_loss 0.1201 val_mean_deg 65.71 val_median 39.96 val_root 0.699
ep 75 train_loss 0.1047 val_mean_deg 65.50 val_median 41.38 val_root 0.701
ep 80 train_loss 0.0953 val_mean_deg 65.46 val_median 39.63 val_root 0.701
ep 85 train_loss 0.0863 val_mean_deg 65.77 val_median 40.46 val_root 0.701
ep 90 train_loss 0.0847 val_mean_deg 65.53 val_median 40.46 val_root 0.706
ep 95 train_loss 0.0807 val_mean_deg 65.61 val_median 40.37 val_root 0.704
ep 100 train_loss 0.0807 val_mean_deg 65.49 val_median 39.85 val_root 0.705
