ep 5 train_loss 10.7536 val_mean_deg 101.26 val_median 101.43 val_root 0.568
ep 10 train_loss 8.9670 val_mean_deg 80.29 val_median 71.06 val_root 0.657
ep 15 train_loss 6.9462 val_mean_deg 72.79 val_median 55.83 val_root 0.699
ep 20 train_loss 4.9364 val_mean_deg 69.41 val_median 49.54 val_root 0.716
ep 25 train_loss 3.3277 val_mean_deg 69.09 val_median 48.95 val_root 0.697
ep 30 train_loss 2.1030 val_mean_deg 67.42 val_median 45.68 val_root 0.709
ep 35 train_loss 1.3106 val_mean_deg 66.30 val_median 43.29 val_root 0.708
ep 40 train_loss 0.8299 val_mean_deg 66.64 val_median 44.57 val_root 0.707
ep 45 train_loss 0.5532 val_mean_deg 66.84 val_median 45.89 val_root 0.715
ep 50 train_loss 0.4012 val_mean_deg 66.10 val_median 43.20 val_root 0.708
ep 55 train_loss 0.2955 val_mean_deg 66.31 val_median 43.78 val_root 0.698
ep 60 train_loss 0.2340 val_mean_deg 67.24 val_median 45.59 val_root 0.699
ep 65 train_loss 0.1837 val_mean_deg 66.27 val_median 42.52 val_root 0.715
ep 70 train_loss 0.1549 val_mean_deg 66.71 val_median 43.53 val_root 0.705
ep 75 train_loss 0.1315 val_mean_deg 66.42 val_median 42.66 val_root 0.703
ep 80 train_loss 0.1163 val_mean_deg 65.85 val_median 41.72 val_root 0.716
ep 85 train_loss 0.1110 val_mean_deg 66.38 val_median 43.02 val_root 0.707
ep 90 train_loss 0.1080 val_mean_deg 65.80 val_median 42.54 val_root 0.709
ep 95 train_loss 0.1007 val_mean_deg 65.95 val_median 42.89 val_root 0.708
ep 100 train_loss 0.1020 val_mean_deg 65.81 val_median 42.57 val_root 0.710
