ep 5 train_loss 4.7509 val_mean_deg 12.714 val_median 8.994 discrete_mean 12.714
ep 10 train_loss 3.5935 val_mean_deg 8.980 val_median 6.947 discrete_mean 8.980
ep 15 train_loss 3.1086 val_mean_deg 8.042 val_median 6.476 discrete_mean 8.042
ep 20 train_loss 2.7309 val_mean_deg 7.523 val_median 6.120 discrete_mean 7.523
ep 25 train_loss 2.4101 val_mean_deg 7.604 val_median 6.052 discrete_mean 7.604
ep 30 train_loss 2.0824 val_mean_deg 7.037 val_median 5.873 discrete_mean 7.037
ep 35 train_loss 1.7496 val_mean_deg 7.056 val_median 5.776 discrete_mean 7.056
ep 40 train_loss 1.4379 val_mean_deg 6.845 val_median 5.724 discrete_mean 6.845
ep 45 train_loss 1.1601 val_mean_deg 6.866 val_median 5.657 discrete_mean 6.866
ep 50 train_loss 0.9253 val_mean_deg 6.847 val_median 5.600 discrete_mean 6.847
ep 55 train_loss 0.7073 val_mean_deg 6.578 val_median 5.501 discrete_mean 6.578
ep 60 train_loss 0.5320 val_mean_deg 6.639 val_median 5.473 discrete_mean 6.639
ep 65 train_loss 0.4013 val_mean_deg 6.561 val_median 5.393 discrete_mean 6.561
ep 70 train_loss 0.3000 val_mean_deg 6.503 val_median 5.342 discrete_mean 6.503
ep 75 train_loss 0.2196 val_mean_deg 6.470 val_median 5.325 discrete_mean 6.470
ep 80 train_loss 0.1664 val_mean_deg 6.321 val_median 5.271 discrete_mean 6.321
ep 85 train_loss 0.1345 val_mean_deg 6.349 val_median 5.230 discrete_mean 6.349
ep 90 train_loss 0.1124 val_mean_deg 6.318 val_median 5.198 discrete_mean 6.318
ep 95 train_loss 0.1000 val_mean_deg 6.265 val_median 5.202 discrete_mean 6.265
ep 100 train_loss 0.0945 val_mean_deg 6.280 val_median 5.190 discrete_mean 6.280
