ep 5 train_loss 9.9097 val_mean_deg 82.52 val_median 74.23 val_root 0.693
ep 10 train_loss 7.1101 val_mean_deg 55.96 val_median 37.67 val_root 0.796
ep 15 train_loss 4.8982 val_mean_deg 50.88 val_median 29.10 val_root 0.793
ep 20 train_loss 3.2693 val_mean_deg 49.09 val_median 27.13 val_root 0.810
ep 25 train_loss 1.9996 val_mean_deg 48.44 val_median 26.23 val_root 0.810
ep 30 train_loss 1.2111 val_mean_deg 49.53 val_median 26.63 val_root 0.795
ep 35 train_loss 0.7401 val_mean_deg 48.51 val_median 25.96 val_root 0.800
ep 40 train_loss 0.4745 val_mean_deg 49.05 val_median 25.50 val_root 0.804
ep 45 train_loss 0.3295 val_mean_deg 48.71 val_median 25.76 val_root 0.811
ep 50 train_loss 0.2485 val_mean_deg 48.00 val_median 25.29 val_root 0.809
ep 55 train_loss 0.1865 val_mean_deg 48.81 val_median 25.71 val_root 0.803
ep 60 train_loss 0.1533 val_mean_deg 48.20 val_median 25.57 val_root 0.815
ep 65 train_loss 0.1285 val_mean_deg 48.87 val_median 25.11 val_root 0.807
ep 70 train_loss 0.1067 val_mean_deg 48.05 val_median 24.26 val_root 0.803
ep 75 train_loss 0.0895 val_mean_deg 47.47 val_median 24.40 val_root 0.801
ep 80 train_loss 0.0814 val_mean_deg 47.68 val_median 24.89 val_root 0.805
ep 85 train_loss 0.0782 val_mean_deg 47.11 val_median 25.12 val_root 0.807
ep 90 train_loss 0.0728 val_mean_deg 47.22 val_median 25.00 val_root 0.811
ep 95 train_loss 0.0746 val_mean_deg 47.11 val_median 24.99 val_root 0.809
ep 100 train_loss 0.0672 val_mean_deg 47.10 val_median 24.97 val_root 0.810
