ep 5 train_loss 3.4074 val_mean_deg 74.08 val_median 41.76
ep 10 train_loss 0.5134 val_mean_deg 55.55 val_median 17.79
ep 15 train_loss 0.1800 val_mean_deg 53.28 val_median 17.35
ep 20 train_loss 0.0845 val_mean_deg 51.96 val_median 16.88
ep 25 train_loss 0.0586 val_mean_deg 52.28 val_median 16.39
ep 30 train_loss 0.0494 val_mean_deg 51.09 val_median 16.88
ep 35 train_loss 0.0357 val_mean_deg 52.17 val_median 16.78
ep 40 train_loss 0.0277 val_mean_deg 50.79 val_median 16.54
ep 45 train_loss 0.0097 val_mean_deg 50.05 val_median 16.50
ep 50 train_loss 0.0118 val_mean_deg 50.61 val_median 16.58
ep 55 train_loss 0.0107 val_mean_deg 50.66 val_median 16.32
ep 60 train_loss 0.0067 val_mean_deg 50.41 val_median 16.51
ep 65 train_loss 0.0030 val_mean_deg 50.05 val_median 16.37
ep 70 train_loss 0.0032 val_mean_deg 50.31 val_median 16.58
ep 75 train_loss 0.0023 val_mean_deg 50.64 val_median 16.45
ep 80 train_loss 0.0023 val_mean_deg 50.41 val_median 16.48
ep 85 train_loss 0.0021 val_mean_deg 50.67 val_median 16.48
ep 90 train_loss 0.0020 val_mean_deg 50.30 val_median 16.47
ep 95 train_loss 0.0021 val_mean_deg 50.48 val_median 16.48
ep 100 train_loss 0.0021 val_mean_deg 50.46 val_median 16.48
