ep 5 train_loss 10.0788 val_mean_deg 83.87 val_median 78.65 val_root 0.687
ep 10 train_loss 7.7743 val_mean_deg 63.67 val_median 45.91 val_root 0.795
ep 15 train_loss 5.7031 val_mean_deg 59.77 val_median 35.67 val_root 0.797
ep 20 train_loss 4.0761 val_mean_deg 55.34 val_median 30.36 val_root 0.799
ep 25 train_loss 2.8084 val_mean_deg 54.08 val_median 28.16 val_root 0.807
ep 30 train_loss 1.8692 val_mean_deg 52.23 val_median 26.55 val_root 0.805
ep 35 train_loss 1.2849 val_mean_deg 55.69 val_median 28.11 val_root 0.791
ep 40 train_loss 0.8892 val_mean_deg 54.64 val_median 28.49 val_root 0.798
ep 45 train_loss 0.6821 val_mean_deg 54.17 val_median 28.09 val_root 0.799
ep 50 train_loss 0.5121 val_mean_deg 53.88 val_median 28.50 val_root 0.802
ep 55 train_loss 0.4180 val_mean_deg 53.79 val_median 28.09 val_root 0.804
ep 60 train_loss 0.3365 val_mean_deg 53.35 val_median 27.18 val_root 0.802
ep 65 train_loss 0.2718 val_mean_deg 52.87 val_median 26.65 val_root 0.805
ep 70 train_loss 0.2367 val_mean_deg 53.33 val_median 26.66 val_root 0.801
ep 75 train_loss 0.2101 val_mean_deg 52.12 val_median 27.23 val_root 0.806
ep 80 train_loss 0.2011 val_mean_deg 52.84 val_median 26.43 val_root 0.807
ep 85 train_loss 0.1826 val_mean_deg 53.70 val_median 27.60 val_root 0.804
ep 90 train_loss 0.1697 val_mean_deg 52.37 val_median 27.23 val_root 0.806
ep 95 train_loss 0.1714 val_mean_deg 52.79 val_median 27.16 val_root 0.806
ep 100 train_loss 0.1669 val_mean_deg 52.96 val_median 26.79 val_root 0.807
