ep 5 train_loss 10.3582 val_mean_deg 96.41 val_median 93.59 val_root 0.585
ep 10 train_loss 7.9632 val_mean_deg 73.97 val_median 57.89 val_root 0.681
ep 15 train_loss 5.5915 val_mean_deg 68.97 val_median 48.27 val_root 0.683
ep 20 train_loss 3.5943 val_mean_deg 66.53 val_median 44.09 val_root 0.697
ep 25 train_loss 2.1525 val_mean_deg 65.73 val_median 42.20 val_root 0.703
ep 30 train_loss 1.2531 val_mean_deg 65.02 val_median 43.19 val_root 0.709
ep 35 train_loss 0.7938 val_mean_deg 64.95 val_median 39.93 val_root 0.709
ep 40 train_loss 0.5300 val_mean_deg 65.08 val_median 43.15 val_root 0.704
ep 45 train_loss 0.3802 val_mean_deg 64.71 val_median 40.93 val_root 0.701
ep 50 train_loss 0.2732 val_mean_deg 65.18 val_median 40.23 val_root 0.688
ep 55 train_loss 0.2115 val_mean_deg 65.01 val_median 40.45 val_root 0.690
ep 60 train_loss 0.1726 val_mean_deg 65.70 val_median 41.37 val_root 0.698
ep 65 train_loss 0.1368 val_mean_deg 65.17 val_median 41.31 val_root 0.701
ep 70 train_loss 0.1161 val_mean_deg 63.62 val_median 38.87 val_root 0.711
ep 75 train_loss 0.1077 val_mean_deg 64.23 val_median 41.09 val_root 0.703
ep 80 train_loss 0.0968 val_mean_deg 65.07 val_median 41.13 val_root 0.700
ep 85 train_loss 0.0873 val_mean_deg 63.69 val_median 39.53 val_root 0.701
ep 90 train_loss 0.0861 val_mean_deg 64.41 val_median 41.34 val_root 0.696
ep 95 train_loss 0.0804 val_mean_deg 63.83 val_median 39.93 val_root 0.701
ep 100 train_loss 0.0821 val_mean_deg 63.65 val_median 39.82 val_root 0.701
