ep 5 train_loss 8.8105 val_mean_deg 61.96 val_median 49.24 val_root 0.807
ep 10 train_loss 5.8504 val_mean_deg 41.73 val_median 29.35 val_root 0.865
ep 15 train_loss 3.8357 val_mean_deg 39.05 val_median 25.63 val_root 0.876
ep 20 train_loss 2.3843 val_mean_deg 37.41 val_median 23.19 val_root 0.875
ep 25 train_loss 1.1625 val_mean_deg 37.21 val_median 23.63 val_root 0.882
ep 30 train_loss 0.6244 val_mean_deg 35.72 val_median 22.10 val_root 0.882
ep 35 train_loss 0.2803 val_mean_deg 35.68 val_median 22.86 val_root 0.881
ep 40 train_loss 0.1425 val_mean_deg 34.72 val_median 23.08 val_root 0.888
ep 45 train_loss 0.0948 val_mean_deg 34.24 val_median 21.71 val_root 0.885
ep 50 train_loss 0.0588 val_mean_deg 34.52 val_median 21.55 val_root 0.889
ep 55 train_loss 0.0378 val_mean_deg 34.20 val_median 21.95 val_root 0.893
ep 60 train_loss 0.0317 val_mean_deg 33.65 val_median 22.11 val_root 0.893
ep 65 train_loss 0.0250 val_mean_deg 33.35 val_median 22.04 val_root 0.893
ep 70 train_loss 0.0193 val_mean_deg 33.28 val_median 22.12 val_root 0.898
ep 75 train_loss 0.0178 val_mean_deg 33.39 val_median 22.11 val_root 0.896
ep 80 train_loss 0.0160 val_mean_deg 33.33 val_median 21.96 val_root 0.896
ep 85 train_loss 0.0159 val_mean_deg 33.13 val_median 21.85 val_root 0.899
ep 90 train_loss 0.0135 val_mean_deg 33.22 val_median 21.76 val_root 0.898
ep 95 train_loss 0.0136 val_mean_deg 33.04 val_median 22.00 val_root 0.899
ep 100 train_loss 0.0133 val_mean_deg 33.06 val_median 22.00 val_root 0.899
