ep 5 train_loss 10.7616 val_mean_deg 101.24 val_median 102.16 val_root 0.599
ep 10 train_loss 9.0138 val_mean_deg 84.20 val_median 79.33 val_root 0.645
ep 15 train_loss 7.0713 val_mean_deg 72.84 val_median 58.34 val_root 0.681
ep 20 train_loss 5.0304 val_mean_deg 71.90 val_median 55.44 val_root 0.682
ep 25 train_loss 3.3162 val_mean_deg 68.20 val_median 47.15 val_root 0.716
ep 30 train_loss 2.1684 val_mean_deg 67.06 val_median 43.10 val_root 0.712
ep 35 train_loss 1.3071 val_mean_deg 68.20 val_median 47.30 val_root 0.706
ep 40 train_loss 0.8849 val_mean_deg 67.01 val_median 46.22 val_root 0.719
ep 45 train_loss 0.5524 val_mean_deg 68.55 val_median 47.68 val_root 0.701
ep 50 train_loss 0.4054 val_mean_deg 67.55 val_median 45.98 val_root 0.712
ep 55 train_loss 0.2938 val_mean_deg 67.15 val_median 44.72 val_root 0.709
ep 60 train_loss 0.2308 val_mean_deg 67.67 val_median 47.74 val_root 0.714
ep 65 train_loss 0.1890 val_mean_deg 67.35 val_median 44.96 val_root 0.718
ep 70 train_loss 0.1526 val_mean_deg 66.73 val_median 45.54 val_root 0.711
ep 75 train_loss 0.1370 val_mean_deg 67.29 val_median 45.19 val_root 0.719
ep 80 train_loss 0.1255 val_mean_deg 67.43 val_median 45.78 val_root 0.714
ep 85 train_loss 0.1144 val_mean_deg 67.32 val_median 46.27 val_root 0.717
ep 90 train_loss 0.1085 val_mean_deg 66.57 val_median 45.48 val_root 0.718
ep 95 train_loss 0.1062 val_mean_deg 67.06 val_median 45.65 val_root 0.715
ep 100 train_loss 0.1089 val_mean_deg 67.13 val_median 45.48 val_root 0.714
