ep 5 train_loss 7.7466 val_mean_deg 31.441 val_median 12.592 discrete_mean 31.460
ep 10 train_loss 5.5184 val_mean_deg 22.226 val_median 7.955 discrete_mean 22.230
ep 15 train_loss 4.7165 val_mean_deg 20.053 val_median 7.220 discrete_mean 20.070
ep 20 train_loss 4.1689 val_mean_deg 19.643 val_median 7.075 discrete_mean 19.671
ep 25 train_loss 3.7468 val_mean_deg 19.158 val_median 6.813 discrete_mean 19.176
ep 30 train_loss 3.3774 val_mean_deg 18.904 val_median 6.765 discrete_mean 18.936
ep 35 train_loss 3.0800 val_mean_deg 18.961 val_median 6.654 discrete_mean 18.998
ep 40 train_loss 2.8171 val_mean_deg 18.823 val_median 6.669 discrete_mean 18.870
ep 45 train_loss 2.5614 val_mean_deg 18.935 val_median 6.616 discrete_mean 18.989
ep 50 train_loss 2.3487 val_mean_deg 18.698 val_median 6.611 discrete_mean 18.734
ep 55 train_loss 2.1437 val_mean_deg 18.296 val_median 6.477 discrete_mean 18.352
ep 60 train_loss 1.9760 val_mean_deg 18.408 val_median 6.482 discrete_mean 18.455
ep 65 train_loss 1.8188 val_mean_deg 18.483 val_median 6.457 discrete_mean 18.541
ep 70 train_loss 1.6886 val_mean_deg 18.295 val_median 6.417 discrete_mean 18.350
ep 75 train_loss 1.5759 val_mean_deg 18.224 val_median 6.385 discrete_mean 18.277
ep 80 train_loss 1.4804 val_mean_deg 18.032 val_median 6.349 discrete_mean 18.096
ep 85 train_loss 1.4329 val_mean_deg 18.167 val_median 6.370 discrete_mean 18.228
ep 90 train_loss 1.3796 val_mean_deg 18.221 val_median 6.347 discrete_mean 18.286
ep 95 train_loss 1.3597 val_mean_deg 18.097 val_median 6.331 discrete_mean 18.159
ep 100 train_loss 1.3476 val_mean_deg 18.099 val_median 6.323 discrete_mean 18.161
