ep 5 train_loss 10.1469 val_mean_deg 89.29 val_median 84.36 val_root 0.657
ep 10 train_loss 7.4834 val_mean_deg 61.75 val_median 44.30 val_root 0.766
ep 15 train_loss 5.3575 val_mean_deg 52.00 val_median 32.40 val_root 0.802
ep 20 train_loss 3.7641 val_mean_deg 51.40 val_median 28.53 val_root 0.791
ep 25 train_loss 2.4399 val_mean_deg 50.95 val_median 28.99 val_root 0.783
ep 30 train_loss 1.4009 val_mean_deg 50.38 val_median 28.73 val_root 0.799
ep 35 train_loss 0.8003 val_mean_deg 48.72 val_median 27.29 val_root 0.797
ep 40 train_loss 0.4566 val_mean_deg 49.01 val_median 26.83 val_root 0.797
ep 45 train_loss 0.2484 val_mean_deg 47.91 val_median 25.76 val_root 0.799
ep 50 train_loss 0.1485 val_mean_deg 48.37 val_median 26.88 val_root 0.802
ep 55 train_loss 0.1031 val_mean_deg 47.32 val_median 26.30 val_root 0.808
ep 60 train_loss 0.0803 val_mean_deg 48.02 val_median 25.87 val_root 0.798
ep 65 train_loss 0.0625 val_mean_deg 48.02 val_median 26.56 val_root 0.802
ep 70 train_loss 0.0488 val_mean_deg 48.14 val_median 26.64 val_root 0.793
ep 75 train_loss 0.0418 val_mean_deg 47.73 val_median 26.10 val_root 0.798
ep 80 train_loss 0.0384 val_mean_deg 47.39 val_median 26.46 val_root 0.799
ep 85 train_loss 0.0345 val_mean_deg 47.65 val_median 26.12 val_root 0.803
ep 90 train_loss 0.0325 val_mean_deg 47.16 val_median 26.10 val_root 0.801
ep 95 train_loss 0.0312 val_mean_deg 46.82 val_median 25.97 val_root 0.802
ep 100 train_loss 0.0309 val_mean_deg 46.74 val_median 26.10 val_root 0.802
