ep 5 train_loss 10.1781 val_mean_deg 90.20 val_median 86.36 val_root 0.655
ep 10 train_loss 7.9016 val_mean_deg 66.99 val_median 51.83 val_root 0.789
ep 15 train_loss 5.7147 val_mean_deg 56.70 val_median 34.58 val_root 0.799
ep 20 train_loss 3.9925 val_mean_deg 55.93 val_median 31.18 val_root 0.813
ep 25 train_loss 2.6611 val_mean_deg 55.27 val_median 30.43 val_root 0.798
ep 30 train_loss 1.8071 val_mean_deg 54.13 val_median 28.46 val_root 0.809
ep 35 train_loss 1.1964 val_mean_deg 55.32 val_median 29.31 val_root 0.808
ep 40 train_loss 0.7589 val_mean_deg 53.55 val_median 28.35 val_root 0.803
ep 45 train_loss 0.5490 val_mean_deg 53.14 val_median 27.25 val_root 0.815
ep 50 train_loss 0.3974 val_mean_deg 54.31 val_median 27.90 val_root 0.797
ep 55 train_loss 0.3104 val_mean_deg 53.59 val_median 27.67 val_root 0.807
ep 60 train_loss 0.2378 val_mean_deg 53.05 val_median 27.07 val_root 0.813
ep 65 train_loss 0.1995 val_mean_deg 52.59 val_median 26.99 val_root 0.810
ep 70 train_loss 0.1654 val_mean_deg 52.99 val_median 26.77 val_root 0.811
ep 75 train_loss 0.1488 val_mean_deg 52.54 val_median 26.99 val_root 0.815
ep 80 train_loss 0.1370 val_mean_deg 52.65 val_median 26.93 val_root 0.818
ep 85 train_loss 0.1222 val_mean_deg 51.82 val_median 26.27 val_root 0.815
ep 90 train_loss 0.1192 val_mean_deg 52.71 val_median 26.89 val_root 0.811
ep 95 train_loss 0.1170 val_mean_deg 52.47 val_median 26.69 val_root 0.813
ep 100 train_loss 0.1151 val_mean_deg 52.18 val_median 26.61 val_root 0.814
