ep 5 train_loss 10.8142 val_mean_deg 97.29 val_median 95.41 val_root 0.571
ep 10 train_loss 9.2779 val_mean_deg 83.29 val_median 78.64 val_root 0.619
ep 15 train_loss 7.3495 val_mean_deg 78.32 val_median 68.70 val_root 0.635
ep 20 train_loss 5.3869 val_mean_deg 74.48 val_median 60.73 val_root 0.650
ep 25 train_loss 3.6715 val_mean_deg 72.23 val_median 54.48 val_root 0.666
ep 30 train_loss 2.4875 val_mean_deg 72.79 val_median 57.58 val_root 0.659
ep 35 train_loss 1.6346 val_mean_deg 72.86 val_median 59.38 val_root 0.649
ep 40 train_loss 1.1380 val_mean_deg 72.08 val_median 57.23 val_root 0.657
ep 45 train_loss 0.7926 val_mean_deg 72.34 val_median 61.50 val_root 0.650
ep 50 train_loss 0.6207 val_mean_deg 71.96 val_median 58.93 val_root 0.653
ep 55 train_loss 0.4589 val_mean_deg 71.54 val_median 54.64 val_root 0.656
ep 60 train_loss 0.3756 val_mean_deg 72.04 val_median 57.86 val_root 0.653
ep 65 train_loss 0.3115 val_mean_deg 72.44 val_median 59.73 val_root 0.652
ep 70 train_loss 0.2612 val_mean_deg 71.46 val_median 55.89 val_root 0.656
ep 75 train_loss 0.2334 val_mean_deg 71.84 val_median 57.01 val_root 0.656
ep 80 train_loss 0.2128 val_mean_deg 71.56 val_median 55.89 val_root 0.650
ep 85 train_loss 0.1962 val_mean_deg 72.09 val_median 58.23 val_root 0.655
ep 90 train_loss 0.1887 val_mean_deg 71.81 val_median 57.50 val_root 0.655
ep 95 train_loss 0.1924 val_mean_deg 71.95 val_median 58.07 val_root 0.654
ep 100 train_loss 0.1847 val_mean_deg 71.88 val_median 58.07 val_root 0.654
