ep 5 train_loss 7.9173 val_mean_deg 50.96 val_median 37.69 val_root 0.842
ep 10 train_loss 4.9857 val_mean_deg 38.76 val_median 25.83 val_root 0.890
ep 15 train_loss 3.2579 val_mean_deg 36.84 val_median 22.91 val_root 0.877
ep 20 train_loss 1.8309 val_mean_deg 34.09 val_median 20.90 val_root 0.891
ep 25 train_loss 0.8218 val_mean_deg 33.28 val_median 20.88 val_root 0.891
ep 30 train_loss 0.3617 val_mean_deg 31.51 val_median 20.12 val_root 0.897
ep 35 train_loss 0.2113 val_mean_deg 32.74 val_median 20.39 val_root 0.888
ep 40 train_loss 0.0960 val_mean_deg 31.48 val_median 20.07 val_root 0.897
ep 45 train_loss 0.0656 val_mean_deg 31.26 val_median 20.09 val_root 0.895
ep 50 train_loss 0.0586 val_mean_deg 31.84 val_median 20.07 val_root 0.898
ep 55 train_loss 0.0301 val_mean_deg 31.25 val_median 19.67 val_root 0.902
ep 60 train_loss 0.0203 val_mean_deg 30.67 val_median 19.56 val_root 0.904
ep 65 train_loss 0.0150 val_mean_deg 31.17 val_median 19.57 val_root 0.899
ep 70 train_loss 0.0123 val_mean_deg 31.02 val_median 19.27 val_root 0.897
ep 75 train_loss 0.0116 val_mean_deg 31.09 val_median 19.61 val_root 0.901
ep 80 train_loss 0.0100 val_mean_deg 31.23 val_median 19.74 val_root 0.899
ep 85 train_loss 0.0105 val_mean_deg 30.95 val_median 19.43 val_root 0.901
ep 90 train_loss 0.0094 val_mean_deg 31.14 val_median 19.62 val_root 0.899
ep 95 train_loss 0.0103 val_mean_deg 30.88 val_median 19.50 val_root 0.899
ep 100 train_loss 0.0088 val_mean_deg 30.82 val_median 19.51 val_root 0.899
