ep 5 train_loss 5.4028 val_mean_deg 30.962 val_median 9.336 discrete_mean 30.962
ep 10 train_loss 3.9113 val_mean_deg 21.520 val_median 7.071 discrete_mean 21.520
ep 15 train_loss 3.2710 val_mean_deg 19.736 val_median 6.579 discrete_mean 19.736
ep 20 train_loss 2.8093 val_mean_deg 18.717 val_median 6.435 discrete_mean 18.717
ep 25 train_loss 2.4339 val_mean_deg 18.779 val_median 6.373 discrete_mean 18.779
ep 30 train_loss 2.1013 val_mean_deg 17.968 val_median 6.212 discrete_mean 17.968
ep 35 train_loss 1.8006 val_mean_deg 18.225 val_median 6.314 discrete_mean 18.225
ep 40 train_loss 1.5508 val_mean_deg 18.051 val_median 6.308 discrete_mean 18.051
ep 45 train_loss 1.2991 val_mean_deg 17.832 val_median 6.221 discrete_mean 17.832
ep 50 train_loss 1.1098 val_mean_deg 17.724 val_median 6.234 discrete_mean 17.724
ep 55 train_loss 0.9345 val_mean_deg 17.446 val_median 6.124 discrete_mean 17.446
ep 60 train_loss 0.7916 val_mean_deg 17.651 val_median 6.126 discrete_mean 17.651
ep 65 train_loss 0.6668 val_mean_deg 17.324 val_median 6.101 discrete_mean 17.324
ep 70 train_loss 0.5678 val_mean_deg 17.311 val_median 6.056 discrete_mean 17.311
ep 75 train_loss 0.4830 val_mean_deg 17.022 val_median 5.991 discrete_mean 17.022
ep 80 train_loss 0.4217 val_mean_deg 17.187 val_median 5.946 discrete_mean 17.187
ep 85 train_loss 0.3793 val_mean_deg 16.952 val_median 5.935 discrete_mean 16.952
ep 90 train_loss 0.3463 val_mean_deg 16.864 val_median 5.931 discrete_mean 16.864
ep 95 train_loss 0.3374 val_mean_deg 16.926 val_median 5.924 discrete_mean 16.926
ep 100 train_loss 0.3295 val_mean_deg 16.891 val_median 5.929 discrete_mean 16.891
