ep 5 train_loss 10.8996 val_mean_deg 102.69 val_median 102.00 val_root 0.545
ep 10 train_loss 9.3724 val_mean_deg 90.87 val_median 89.67 val_root 0.610
ep 15 train_loss 7.5730 val_mean_deg 81.77 val_median 71.77 val_root 0.669
ep 20 train_loss 5.7973 val_mean_deg 79.29 val_median 69.92 val_root 0.689
ep 25 train_loss 4.2963 val_mean_deg 80.25 val_median 71.69 val_root 0.661
ep 30 train_loss 3.0949 val_mean_deg 77.69 val_median 65.91 val_root 0.694
ep 35 train_loss 2.2920 val_mean_deg 76.27 val_median 64.42 val_root 0.691
ep 40 train_loss 1.7245 val_mean_deg 78.03 val_median 69.58 val_root 0.679
ep 45 train_loss 1.2582 val_mean_deg 76.12 val_median 63.33 val_root 0.697
ep 50 train_loss 0.9984 val_mean_deg 76.65 val_median 66.62 val_root 0.683
ep 55 train_loss 0.8154 val_mean_deg 76.92 val_median 66.62 val_root 0.688
ep 60 train_loss 0.6756 val_mean_deg 76.97 val_median 66.51 val_root 0.691
ep 65 train_loss 0.5813 val_mean_deg 75.81 val_median 64.68 val_root 0.697
ep 70 train_loss 0.5168 val_mean_deg 75.70 val_median 64.46 val_root 0.689
ep 75 train_loss 0.4650 val_mean_deg 76.84 val_median 66.23 val_root 0.693
ep 80 train_loss 0.4308 val_mean_deg 76.40 val_median 67.80 val_root 0.693
ep 85 train_loss 0.4063 val_mean_deg 75.69 val_median 65.74 val_root 0.690
ep 90 train_loss 0.4015 val_mean_deg 76.07 val_median 64.93 val_root 0.689
ep 95 train_loss 0.3891 val_mean_deg 76.33 val_median 65.53 val_root 0.690
ep 100 train_loss 0.3748 val_mean_deg 76.29 val_median 65.30 val_root 0.691
