ep 5 train_loss 10.7569 val_mean_deg 104.95 val_median 104.54 val_root 0.496
ep 10 train_loss 9.1476 val_mean_deg 91.95 val_median 88.34 val_root 0.565
ep 15 train_loss 7.0347 val_mean_deg 84.35 val_median 76.07 val_root 0.608
ep 20 train_loss 5.0116 val_mean_deg 80.78 val_median 66.41 val_root 0.615
ep 25 train_loss 3.3014 val_mean_deg 82.28 val_median 68.79 val_root 0.617
ep 30 train_loss 2.1157 val_mean_deg 81.97 val_median 67.33 val_root 0.609
ep 35 train_loss 1.3954 val_mean_deg 81.64 val_median 66.33 val_root 0.615
ep 40 train_loss 0.9694 val_mean_deg 80.32 val_median 63.12 val_root 0.619
ep 45 train_loss 0.6821 val_mean_deg 82.97 val_median 69.20 val_root 0.598
ep 50 train_loss 0.5073 val_mean_deg 80.87 val_median 65.73 val_root 0.612
ep 55 train_loss 0.3933 val_mean_deg 79.93 val_median 63.75 val_root 0.624
ep 60 train_loss 0.3280 val_mean_deg 82.15 val_median 66.49 val_root 0.611
ep 65 train_loss 0.2683 val_mean_deg 80.57 val_median 65.75 val_root 0.619
ep 70 train_loss 0.2389 val_mean_deg 81.99 val_median 66.20 val_root 0.607
ep 75 train_loss 0.2097 val_mean_deg 81.28 val_median 66.54 val_root 0.616
ep 80 train_loss 0.1846 val_mean_deg 82.10 val_median 66.89 val_root 0.613
ep 85 train_loss 0.1825 val_mean_deg 81.33 val_median 65.58 val_root 0.617
ep 90 train_loss 0.1754 val_mean_deg 81.93 val_median 66.27 val_root 0.616
ep 95 train_loss 0.1624 val_mean_deg 81.41 val_median 65.60 val_root 0.615
ep 100 train_loss 0.1653 val_mean_deg 81.23 val_median 65.36 val_root 0.617
