ep 5 train_loss 6.6427 val_mean_deg 15.021 val_median 10.769 discrete_mean 15.029
ep 10 train_loss 4.7817 val_mean_deg 8.959 val_median 7.016 discrete_mean 8.959
ep 15 train_loss 4.0960 val_mean_deg 8.190 val_median 6.344 discrete_mean 8.190
ep 20 train_loss 3.6383 val_mean_deg 7.648 val_median 6.088 discrete_mean 7.645
ep 25 train_loss 3.2666 val_mean_deg 7.383 val_median 5.974 discrete_mean 7.375
ep 30 train_loss 2.9410 val_mean_deg 7.002 val_median 5.823 discrete_mean 7.002
ep 35 train_loss 2.6347 val_mean_deg 6.997 val_median 5.739 discrete_mean 6.995
ep 40 train_loss 2.3921 val_mean_deg 6.936 val_median 5.647 discrete_mean 6.935
ep 45 train_loss 2.1540 val_mean_deg 6.757 val_median 5.567 discrete_mean 6.755
ep 50 train_loss 1.9674 val_mean_deg 6.926 val_median 5.576 discrete_mean 6.927
ep 55 train_loss 1.8070 val_mean_deg 6.772 val_median 5.567 discrete_mean 6.774
ep 60 train_loss 1.6684 val_mean_deg 6.817 val_median 5.539 discrete_mean 6.817
ep 65 train_loss 1.5513 val_mean_deg 6.728 val_median 5.501 discrete_mean 6.729
ep 70 train_loss 1.4464 val_mean_deg 6.737 val_median 5.432 discrete_mean 6.738
ep 75 train_loss 1.3388 val_mean_deg 6.688 val_median 5.421 discrete_mean 6.694
ep 80 train_loss 1.2366 val_mean_deg 6.686 val_median 5.390 discrete_mean 6.696
ep 85 train_loss 1.1662 val_mean_deg 6.558 val_median 5.395 discrete_mean 6.561
ep 90 train_loss 1.1153 val_mean_deg 6.670 val_median 5.406 discrete_mean 6.678
ep 95 train_loss 1.0904 val_mean_deg 6.632 val_median 5.390 discrete_mean 6.637
ep 100 train_loss 1.0825 val_mean_deg 6.636 val_median 5.383 discrete_mean 6.640
