ep 5 train_loss 9.6597 val_mean_deg 76.74 val_median 68.33 val_root 0.740
ep 10 train_loss 6.9818 val_mean_deg 61.67 val_median 45.13 val_root 0.778
ep 15 train_loss 4.7172 val_mean_deg 59.41 val_median 41.44 val_root 0.777
ep 20 train_loss 2.9894 val_mean_deg 56.79 val_median 37.91 val_root 0.780
ep 25 train_loss 1.6132 val_mean_deg 55.20 val_median 35.99 val_root 0.785
ep 30 train_loss 0.8737 val_mean_deg 55.28 val_median 34.50 val_root 0.777
ep 35 train_loss 0.5499 val_mean_deg 54.86 val_median 34.32 val_root 0.788
ep 40 train_loss 0.3408 val_mean_deg 55.91 val_median 33.44 val_root 0.785
ep 45 train_loss 0.2448 val_mean_deg 54.50 val_median 34.27 val_root 0.785
ep 50 train_loss 0.1565 val_mean_deg 54.57 val_median 33.27 val_root 0.777
ep 55 train_loss 0.1100 val_mean_deg 53.37 val_median 32.63 val_root 0.789
ep 60 train_loss 0.0988 val_mean_deg 54.16 val_median 31.64 val_root 0.784
ep 65 train_loss 0.0688 val_mean_deg 54.22 val_median 32.17 val_root 0.794
ep 70 train_loss 0.0634 val_mean_deg 53.86 val_median 31.17 val_root 0.787
ep 75 train_loss 0.0552 val_mean_deg 53.72 val_median 31.13 val_root 0.791
ep 80 train_loss 0.0498 val_mean_deg 53.05 val_median 30.60 val_root 0.791
ep 85 train_loss 0.0419 val_mean_deg 53.53 val_median 31.09 val_root 0.787
ep 90 train_loss 0.0436 val_mean_deg 53.40 val_median 30.92 val_root 0.786
ep 95 train_loss 0.0404 val_mean_deg 53.07 val_median 30.95 val_root 0.790
ep 100 train_loss 0.0402 val_mean_deg 53.25 val_median 30.96 val_root 0.789
