ep 5 train_loss 6.6094 val_mean_deg 33.31 val_median 13.06 val_root 0.838
ep 10 train_loss 4.3992 val_mean_deg 22.63 val_median 7.98 val_root 0.881
ep 15 train_loss 3.6413 val_mean_deg 20.76 val_median 7.30 val_root 0.885
ep 20 train_loss 3.1631 val_mean_deg 19.36 val_median 6.91 val_root 0.891
ep 25 train_loss 2.8247 val_mean_deg 19.13 val_median 6.82 val_root 0.894
ep 30 train_loss 2.5586 val_mean_deg 19.19 val_median 6.69 val_root 0.896
ep 35 train_loss 2.2953 val_mean_deg 19.26 val_median 6.66 val_root 0.893
ep 40 train_loss 2.0972 val_mean_deg 18.67 val_median 6.59 val_root 0.896
ep 45 train_loss 1.8946 val_mean_deg 18.35 val_median 6.55 val_root 0.898
ep 50 train_loss 1.7278 val_mean_deg 18.53 val_median 6.50 val_root 0.895
ep 55 train_loss 1.5591 val_mean_deg 18.27 val_median 6.43 val_root 0.898
ep 60 train_loss 1.4294 val_mean_deg 18.34 val_median 6.42 val_root 0.898
ep 65 train_loss 1.3087 val_mean_deg 18.47 val_median 6.42 val_root 0.895
ep 70 train_loss 1.2047 val_mean_deg 18.60 val_median 6.40 val_root 0.897
ep 75 train_loss 1.1193 val_mean_deg 18.14 val_median 6.32 val_root 0.898
ep 80 train_loss 1.0551 val_mean_deg 18.18 val_median 6.31 val_root 0.898
ep 85 train_loss 1.0059 val_mean_deg 18.22 val_median 6.29 val_root 0.899
ep 90 train_loss 0.9689 val_mean_deg 18.19 val_median 6.30 val_root 0.898
ep 95 train_loss 0.9504 val_mean_deg 18.15 val_median 6.29 val_root 0.898
ep 100 train_loss 0.9459 val_mean_deg 18.09 val_median 6.28 val_root 0.898
