ep 5 train_loss 6.3912 val_mean_deg 11.226 val_median 9.933 discrete_mean 11.226
ep 10 train_loss 5.3466 val_mean_deg 8.183 val_median 7.354 discrete_mean 8.183
ep 15 train_loss 4.9497 val_mean_deg 7.180 val_median 6.403 discrete_mean 7.180
ep 20 train_loss 4.7049 val_mean_deg 6.670 val_median 6.056 discrete_mean 6.670
ep 25 train_loss 4.5197 val_mean_deg 6.343 val_median 5.708 discrete_mean 6.343
ep 30 train_loss 4.3768 val_mean_deg 6.282 val_median 5.584 discrete_mean 6.282
ep 35 train_loss 4.2557 val_mean_deg 6.148 val_median 5.563 discrete_mean 6.148
ep 40 train_loss 4.1593 val_mean_deg 5.912 val_median 5.304 discrete_mean 5.912
ep 45 train_loss 4.0501 val_mean_deg 5.837 val_median 5.184 discrete_mean 5.837
ep 50 train_loss 3.9673 val_mean_deg 5.780 val_median 5.139 discrete_mean 5.780
ep 55 train_loss 3.8943 val_mean_deg 5.586 val_median 5.024 discrete_mean 5.586
ep 60 train_loss 3.8259 val_mean_deg 5.539 val_median 4.950 discrete_mean 5.539
ep 65 train_loss 3.7702 val_mean_deg 5.492 val_median 4.929 discrete_mean 5.492
ep 70 train_loss 3.7247 val_mean_deg 5.363 val_median 4.845 discrete_mean 5.363
ep 75 train_loss 3.6845 val_mean_deg 5.361 val_median 4.813 discrete_mean 5.361
ep 80 train_loss 3.6523 val_mean_deg 5.328 val_median 4.773 discrete_mean 5.328
ep 85 train_loss 3.6310 val_mean_deg 5.300 val_median 4.760 discrete_mean 5.300
ep 90 train_loss 3.6151 val_mean_deg 5.263 val_median 4.727 discrete_mean 5.263
ep 95 train_loss 3.6041 val_mean_deg 5.268 val_median 4.731 discrete_mean 5.268
ep 100 train_loss 3.6030 val_mean_deg 5.249 val_median 4.722 discrete_mean 5.249
