ep 5 train_loss 10.9777 val_mean_deg 107.38 val_median 111.58 val_root 0.492
ep 10 train_loss 9.6830 val_mean_deg 95.66 val_median 94.05 val_root 0.541
ep 15 train_loss 7.9075 val_mean_deg 90.49 val_median 91.79 val_root 0.565
ep 20 train_loss 5.8548 val_mean_deg 86.90 val_median 83.38 val_root 0.583
ep 25 train_loss 4.1113 val_mean_deg 86.03 val_median 83.30 val_root 0.586
ep 30 train_loss 2.7061 val_mean_deg 86.69 val_median 87.06 val_root 0.583
ep 35 train_loss 1.7996 val_mean_deg 85.13 val_median 80.77 val_root 0.589
ep 40 train_loss 1.2096 val_mean_deg 85.56 val_median 81.81 val_root 0.587
ep 45 train_loss 0.8491 val_mean_deg 85.05 val_median 79.40 val_root 0.577
ep 50 train_loss 0.6286 val_mean_deg 84.84 val_median 76.42 val_root 0.587
ep 55 train_loss 0.4871 val_mean_deg 85.23 val_median 78.12 val_root 0.589
ep 60 train_loss 0.3847 val_mean_deg 85.64 val_median 81.92 val_root 0.573
ep 65 train_loss 0.3281 val_mean_deg 84.94 val_median 79.33 val_root 0.582
ep 70 train_loss 0.2786 val_mean_deg 86.43 val_median 83.94 val_root 0.581
ep 75 train_loss 0.2507 val_mean_deg 85.37 val_median 81.09 val_root 0.575
ep 80 train_loss 0.2279 val_mean_deg 85.15 val_median 81.61 val_root 0.575
ep 85 train_loss 0.2145 val_mean_deg 85.67 val_median 83.19 val_root 0.576
ep 90 train_loss 0.2036 val_mean_deg 85.06 val_median 81.51 val_root 0.575
ep 95 train_loss 0.2020 val_mean_deg 85.45 val_median 82.52 val_root 0.573
ep 100 train_loss 0.1999 val_mean_deg 85.01 val_median 80.52 val_root 0.574
