ep 5 train_loss 5.4178 val_mean_deg 29.142 val_median 9.149 discrete_mean 29.142
ep 10 train_loss 3.9021 val_mean_deg 21.363 val_median 7.060 discrete_mean 21.363
ep 15 train_loss 3.2700 val_mean_deg 19.691 val_median 6.605 discrete_mean 19.691
ep 20 train_loss 2.8185 val_mean_deg 19.116 val_median 6.551 discrete_mean 19.116
ep 25 train_loss 2.4302 val_mean_deg 18.490 val_median 6.560 discrete_mean 18.490
ep 30 train_loss 2.1029 val_mean_deg 18.285 val_median 6.369 discrete_mean 18.285
ep 35 train_loss 1.8217 val_mean_deg 18.400 val_median 6.347 discrete_mean 18.400
ep 40 train_loss 1.5525 val_mean_deg 17.961 val_median 6.387 discrete_mean 17.961
ep 45 train_loss 1.3112 val_mean_deg 18.067 val_median 6.339 discrete_mean 18.067
ep 50 train_loss 1.1213 val_mean_deg 17.823 val_median 6.258 discrete_mean 17.823
ep 55 train_loss 0.9456 val_mean_deg 17.533 val_median 6.206 discrete_mean 17.533
ep 60 train_loss 0.7921 val_mean_deg 17.132 val_median 6.165 discrete_mean 17.132
ep 65 train_loss 0.6740 val_mean_deg 17.514 val_median 6.147 discrete_mean 17.514
ep 70 train_loss 0.5690 val_mean_deg 17.078 val_median 6.069 discrete_mean 17.078
ep 75 train_loss 0.4908 val_mean_deg 17.244 val_median 6.035 discrete_mean 17.244
ep 80 train_loss 0.4224 val_mean_deg 17.035 val_median 6.011 discrete_mean 17.035
ep 85 train_loss 0.3845 val_mean_deg 16.982 val_median 5.970 discrete_mean 16.982
ep 90 train_loss 0.3543 val_mean_deg 17.016 val_median 5.971 discrete_mean 17.016
ep 95 train_loss 0.3364 val_mean_deg 16.975 val_median 5.942 discrete_mean 16.975
ep 100 train_loss 0.3359 val_mean_deg 16.947 val_median 5.943 discrete_mean 16.947
