ep 5 train_loss 6.6920 val_mean_deg 15.059 val_median 10.658 discrete_mean 15.060
ep 10 train_loss 4.7969 val_mean_deg 9.119 val_median 7.100 discrete_mean 9.120
ep 15 train_loss 4.1061 val_mean_deg 8.029 val_median 6.348 discrete_mean 8.029
ep 20 train_loss 3.6524 val_mean_deg 7.427 val_median 6.106 discrete_mean 7.424
ep 25 train_loss 3.2402 val_mean_deg 7.130 val_median 5.877 discrete_mean 7.129
ep 30 train_loss 2.9352 val_mean_deg 7.260 val_median 5.807 discrete_mean 7.260
ep 35 train_loss 2.6388 val_mean_deg 7.139 val_median 5.798 discrete_mean 7.139
ep 40 train_loss 2.3765 val_mean_deg 7.042 val_median 5.616 discrete_mean 7.041
ep 45 train_loss 2.1353 val_mean_deg 6.927 val_median 5.608 discrete_mean 6.925
ep 50 train_loss 1.9604 val_mean_deg 7.036 val_median 5.561 discrete_mean 7.036
ep 55 train_loss 1.7872 val_mean_deg 6.910 val_median 5.543 discrete_mean 6.909
ep 60 train_loss 1.6534 val_mean_deg 6.804 val_median 5.432 discrete_mean 6.803
ep 65 train_loss 1.5370 val_mean_deg 6.834 val_median 5.469 discrete_mean 6.834
ep 70 train_loss 1.4458 val_mean_deg 6.662 val_median 5.427 discrete_mean 6.662
ep 75 train_loss 1.3447 val_mean_deg 6.686 val_median 5.371 discrete_mean 6.689
ep 80 train_loss 1.2576 val_mean_deg 6.634 val_median 5.369 discrete_mean 6.640
ep 85 train_loss 1.1881 val_mean_deg 6.558 val_median 5.352 discrete_mean 6.565
ep 90 train_loss 1.1392 val_mean_deg 6.601 val_median 5.344 discrete_mean 6.606
ep 95 train_loss 1.1178 val_mean_deg 6.608 val_median 5.321 discrete_mean 6.611
ep 100 train_loss 1.1144 val_mean_deg 6.605 val_median 5.329 discrete_mean 6.608
