ep 5 train_loss 10.8573 val_mean_deg 101.93 val_median 101.51 val_root 0.551
ep 10 train_loss 9.2925 val_mean_deg 86.77 val_median 84.30 val_root 0.613
ep 15 train_loss 7.2877 val_mean_deg 78.67 val_median 69.67 val_root 0.631
ep 20 train_loss 5.3817 val_mean_deg 75.63 val_median 61.55 val_root 0.638
ep 25 train_loss 3.6297 val_mean_deg 73.74 val_median 58.39 val_root 0.643
ep 30 train_loss 2.4977 val_mean_deg 74.74 val_median 63.99 val_root 0.631
ep 35 train_loss 1.6458 val_mean_deg 74.63 val_median 61.47 val_root 0.643
ep 40 train_loss 1.1394 val_mean_deg 75.77 val_median 65.15 val_root 0.623
ep 45 train_loss 0.7817 val_mean_deg 74.15 val_median 61.09 val_root 0.637
ep 50 train_loss 0.6075 val_mean_deg 74.46 val_median 62.46 val_root 0.638
ep 55 train_loss 0.4574 val_mean_deg 74.93 val_median 63.07 val_root 0.629
ep 60 train_loss 0.3790 val_mean_deg 75.43 val_median 65.07 val_root 0.619
ep 65 train_loss 0.3130 val_mean_deg 75.30 val_median 64.83 val_root 0.623
ep 70 train_loss 0.2595 val_mean_deg 74.13 val_median 61.19 val_root 0.630
ep 75 train_loss 0.2295 val_mean_deg 73.98 val_median 62.67 val_root 0.626
ep 80 train_loss 0.2042 val_mean_deg 73.99 val_median 59.77 val_root 0.631
ep 85 train_loss 0.1936 val_mean_deg 73.78 val_median 60.14 val_root 0.631
ep 90 train_loss 0.1888 val_mean_deg 74.07 val_median 60.01 val_root 0.627
ep 95 train_loss 0.1887 val_mean_deg 73.76 val_median 60.01 val_root 0.631
ep 100 train_loss 0.1784 val_mean_deg 73.83 val_median 60.01 val_root 0.631
