ep 5 train_loss 9.6084 val_mean_deg 67.68 val_median 58.42 val_root 0.806
ep 10 train_loss 7.1797 val_mean_deg 48.38 val_median 33.44 val_root 0.847
ep 15 train_loss 5.2743 val_mean_deg 42.20 val_median 24.92 val_root 0.832
ep 20 train_loss 3.7873 val_mean_deg 39.61 val_median 22.24 val_root 0.847
ep 25 train_loss 2.6366 val_mean_deg 38.81 val_median 21.18 val_root 0.851
ep 30 train_loss 1.7805 val_mean_deg 37.73 val_median 20.45 val_root 0.858
ep 35 train_loss 1.2636 val_mean_deg 38.98 val_median 20.47 val_root 0.849
ep 40 train_loss 0.8695 val_mean_deg 38.64 val_median 19.71 val_root 0.845
ep 45 train_loss 0.6651 val_mean_deg 38.21 val_median 20.13 val_root 0.844
ep 50 train_loss 0.5001 val_mean_deg 39.74 val_median 20.67 val_root 0.847
ep 55 train_loss 0.3970 val_mean_deg 38.15 val_median 19.72 val_root 0.847
ep 60 train_loss 0.3180 val_mean_deg 38.01 val_median 19.72 val_root 0.844
ep 65 train_loss 0.2810 val_mean_deg 38.55 val_median 20.04 val_root 0.847
ep 70 train_loss 0.2277 val_mean_deg 39.45 val_median 20.18 val_root 0.843
ep 75 train_loss 0.2173 val_mean_deg 38.64 val_median 19.69 val_root 0.847
ep 80 train_loss 0.1976 val_mean_deg 38.46 val_median 19.95 val_root 0.847
ep 85 train_loss 0.1832 val_mean_deg 38.80 val_median 20.06 val_root 0.845
ep 90 train_loss 0.1802 val_mean_deg 38.32 val_median 20.15 val_root 0.849
ep 95 train_loss 0.1772 val_mean_deg 38.69 val_median 19.98 val_root 0.848
ep 100 train_loss 0.1776 val_mean_deg 38.72 val_median 20.09 val_root 0.849
