ep 5 train_loss 10.5351 val_mean_deg 94.98 val_median 91.11 val_root 0.562
ep 10 train_loss 8.2934 val_mean_deg 73.08 val_median 52.31 val_root 0.674
ep 15 train_loss 6.1969 val_mean_deg 64.54 val_median 35.86 val_root 0.689
ep 20 train_loss 4.5162 val_mean_deg 62.53 val_median 31.71 val_root 0.701
ep 25 train_loss 3.2065 val_mean_deg 59.81 val_median 27.68 val_root 0.698
ep 30 train_loss 2.2247 val_mean_deg 58.87 val_median 27.85 val_root 0.710
ep 35 train_loss 1.5449 val_mean_deg 57.79 val_median 26.95 val_root 0.717
ep 40 train_loss 1.1838 val_mean_deg 58.08 val_median 27.03 val_root 0.721
ep 45 train_loss 0.8487 val_mean_deg 57.70 val_median 25.73 val_root 0.715
ep 50 train_loss 0.6738 val_mean_deg 57.89 val_median 25.17 val_root 0.701
ep 55 train_loss 0.5647 val_mean_deg 56.86 val_median 25.76 val_root 0.718
ep 60 train_loss 0.4618 val_mean_deg 56.80 val_median 25.14 val_root 0.718
ep 65 train_loss 0.3843 val_mean_deg 56.41 val_median 24.18 val_root 0.719
ep 70 train_loss 0.3452 val_mean_deg 56.61 val_median 23.89 val_root 0.717
ep 75 train_loss 0.3012 val_mean_deg 56.15 val_median 24.71 val_root 0.720
ep 80 train_loss 0.2840 val_mean_deg 55.88 val_median 23.66 val_root 0.725
ep 85 train_loss 0.2641 val_mean_deg 55.51 val_median 24.12 val_root 0.726
ep 90 train_loss 0.2542 val_mean_deg 56.81 val_median 23.60 val_root 0.715
ep 95 train_loss 0.2495 val_mean_deg 56.83 val_median 23.66 val_root 0.717
ep 100 train_loss 0.2499 val_mean_deg 56.61 val_median 23.59 val_root 0.718
